Archive member included because of file (symbol)

/usr/lib/libc_nonshared.a(elf-init.oS)
                              /usr/lib/gcc/i586-meego-linux/4.7.2/../../../crt1.o (__libc_csu_init)

Discarded input sections

 .note.GNU-stack
                0x0000000000000000        0x0 /usr/lib/gcc/i586-meego-linux/4.7.2/../../../crt1.o
 .group         0x0000000000000000        0x8 /usr/lib/gcc/i586-meego-linux/4.7.2/../../../crti.o
 .note.GNU-stack
                0x0000000000000000        0x0 /usr/lib/gcc/i586-meego-linux/4.7.2/../../../crti.o
 .note.GNU-stack
                0x0000000000000000        0x0 /usr/lib/gcc/i586-meego-linux/4.7.2/crtbegin.o
 .group         0x0000000000000000        0x8 main.o
 _ZN7QStringD5Ev
                0x0000000000000000        0x8 main.o
 .group         0x0000000000000000        0x8 main.o
 .group         0x0000000000000000        0x8 main.o
 .group         0x0000000000000000        0x8 main.o
 .group         0x0000000000000000        0x8 main.o
 .group         0x0000000000000000        0x8 main.o
 _ZN7QStringC5EPKc
                0x0000000000000000        0x8 main.o
 _ZN18__stVARIANT_STRINGD5Ev
                0x0000000000000000        0x8 main.o
 .group         0x0000000000000000        0x8 main.o
 .group         0x0000000000000000        0x8 main.o
 .note.GNU-stack
                0x0000000000000000        0x0 main.o
 _ZN7QStringD5Ev
                0x0000000000000000        0x8 DABController.o
 _ZN10QByteArrayD5Ev
                0x0000000000000000        0x8 DABController.o
 _ZN7QStringC5EPKc
                0x0000000000000000        0x8 DABController.o
 _ZN18__stVARIANT_STRINGD5Ev
                0x0000000000000000        0x8 DABController.o
 .group         0x0000000000000000        0x8 DABController.o
 .group         0x0000000000000000        0x8 DABController.o
 .group         0x0000000000000000        0x8 DABController.o
 .text._ZN7QStringD2Ev
                0x0000000000000000       0x23 DABController.o
 .text._ZN7QStringC2EPKc
                0x0000000000000000       0x21 DABController.o
 .text._ZN18__stVARIANT_STRINGD2Ev
                0x0000000000000000       0x71 DABController.o
 .note.GNU-stack
                0x0000000000000000        0x0 DABController.o
 _ZN7QStringD5Ev
                0x0000000000000000        0x8 DABUIListener.o
 _ZN7QStringC5EPKc
                0x0000000000000000        0x8 DABUIListener.o
 _ZN18__stVARIANT_STRINGD5Ev
                0x0000000000000000        0x8 DABUIListener.o
 .group         0x0000000000000000        0x8 DABUIListener.o
 _ZN5QListI7QStringED5Ev
                0x0000000000000000        0x8 DABUIListener.o
 .group         0x0000000000000000        0x8 DABUIListener.o
 _ZN12DABVRAdaptorD5Ev
                0x0000000000000000        0x8 DABUIListener.o
 .group         0x0000000000000000        0x8 DABUIListener.o
 .group         0x0000000000000000        0x8 DABUIListener.o
 .group         0x0000000000000000        0x8 DABUIListener.o
 .text._ZN7QStringD2Ev
                0x0000000000000000       0x23 DABUIListener.o
 .text._ZN7QStringC2EPKc
                0x0000000000000000       0x21 DABUIListener.o
 .text._ZN18__stVARIANT_STRINGD2Ev
                0x0000000000000000       0x71 DABUIListener.o
 .text._ZN9DABLogger8instanceEv
                0x0000000000000000      0x19a DABUIListener.o
 .bss._ZGVZN9DABLogger8instanceEvE5mutex
                0x0000000000000000        0x8 DABUIListener.o
 .bss._ZZN9DABLogger8instanceEvE5mutex
                0x0000000000000000        0x4 DABUIListener.o
 .note.GNU-stack
                0x0000000000000000        0x0 DABUIListener.o
 .group         0x0000000000000000        0x8 DABChannelItem.o
 _ZN7QStringD5Ev
                0x0000000000000000        0x8 DABChannelItem.o
 .group         0x0000000000000000        0x8 DABChannelItem.o
 _ZN10QByteArrayD5Ev
                0x0000000000000000        0x8 DABChannelItem.o
 .group         0x0000000000000000        0x8 DABChannelItem.o
 _ZN7QStringC5EPKc
                0x0000000000000000        0x8 DABChannelItem.o
 _ZN7QStringC5ERK10QByteArray
                0x0000000000000000        0x8 DABChannelItem.o
 _ZN18__stVARIANT_STRINGD5Ev
                0x0000000000000000        0x8 DABChannelItem.o
 .group         0x0000000000000000        0x8 DABChannelItem.o
 _ZN5QHashIi10QByteArrayED5Ev
                0x0000000000000000        0x8 DABChannelItem.o
 .group         0x0000000000000000        0x8 DABChannelItem.o
 .group         0x0000000000000000        0x8 DABChannelItem.o
 .group         0x0000000000000000        0x8 DABChannelItem.o
 .text._ZN7QStringD2Ev
                0x0000000000000000       0x23 DABChannelItem.o
 .text._ZN10QByteArrayD2Ev
                0x0000000000000000       0x23 DABChannelItem.o
 .text._ZN7QStringC2EPKc
                0x0000000000000000       0x21 DABChannelItem.o
 .text._ZN18__stVARIANT_STRINGD2Ev
                0x0000000000000000       0x71 DABChannelItem.o
 .text._ZN9DABLogger8instanceEv
[...]
Memory Configuration

Name             Origin             Length             Attributes
*default*        0x0000000000000000 0xffffffffffffffff

Linker script and memory map

LOAD /usr/lib/gcc/i586-meego-linux/4.7.2/../../../crt1.o
LOAD /usr/lib/gcc/i586-meego-linux/4.7.2/../../../crti.o
LOAD /usr/lib/gcc/i586-meego-linux/4.7.2/crtbegin.o
LOAD main.o
LOAD DABController.o
LOAD DABUIListener.o
LOAD DABChannelItem.o
LOAD DABEPGItem.o
LOAD ListModel.o
LOAD DABCommManager.o
LOAD DABCommReceiverThread.o
LOAD DABDataFrequencyTable.o
LOAD DABEPGManager.o
LOAD DABLogger.o
LOAD DABEngineerModeItem.o
LOAD EngModeIf.o
LOAD DABCommDataHandler.o
LOAD DABCommSPIPacketInfo.o
LOAD DABVRAdaptor.o
LOAD DABEPGReservationList.o
LOAD DABEPGReservationItem.o
LOAD MICOMIf.o
LOAD DABTpegService.o
LOAD DABTpegIf.o
LOAD DABAppEngine.o
LOAD DABCommSPI.o
LOAD DABCommUART.o
LOAD DABEPGDateListItem.o
LOAD DABRdsAdaptor.o
LOAD DABRdsIf.o
LOAD DABtoFMIf.o
LOAD DABChannelManager.o
LOAD DABControllerSecond.o
LOAD DABControllerLink.o
LOAD DABCommManagerHandler.o
LOAD DABAppEngineLink.o
LOAD DABAppEngineNotiUICommon.o
LOAD DABCommManagerLink.o
LOAD DABControllerThird.o
LOAD DABUIListenerLink.o
LOAD moc_DABController.o
LOAD moc_DABUIListener.o
LOAD moc_DABChannelItem.o
LOAD moc_DABEPGItem.o
LOAD moc_ListModel.o
LOAD moc_DABCommManager.o
LOAD moc_DABCommReceiverThread.o
LOAD moc_DABDataFrequencyTable.o
LOAD moc_DABEPGManager.o
LOAD moc_LocTrigger.o
LOAD moc_DABLogger.o
LOAD moc_DABEngineerModeItem.o
LOAD moc_EngModeIf.o
LOAD moc_DABCommDataHandler.o
LOAD moc_DABCommSPIPacketInfo.o
LOAD moc_DABVRAdaptor.o
LOAD moc_DABEPGReservationList.o
LOAD moc_DABEPGReservationItem.o
LOAD moc_MICOMIf.o
LOAD moc_DABTpegService.o
LOAD moc_DABTpegIf.o
LOAD moc_DABAppEngine.o
LOAD moc_DABCommSPI.o
LOAD moc_DABCommUART.o
LOAD moc_DABEPGDateListItem.o
LOAD moc_DABRdsAdaptor.o
LOAD moc_DABRdsIf.o
LOAD moc_DABtoFMIf.o
LOAD moc_DABChannelManager.o
LOAD moc_DABControllerSecond.o
LOAD moc_DABControllerLink.o
LOAD moc_DABCommManagerHandler.o
LOAD moc_DABAppEngineLink.o
LOAD moc_DABAppEngineNotiUICommon.o
LOAD moc_DABCommManagerLink.o
LOAD moc_DABControllerThird.o
LOAD /app/lib/libappframework.so
LOAD /app/lib/librpmclient.so
LOAD /app/lib/libDHAVN_LogUtil.so
LOAD /app/lib/libDHAVN_LogEnabler.so
LOAD /usr/lib/libhdaverb.so
LOAD /app/lib/libathena.so
LOAD /app/lib/libDHAVN_QCANController.so
LOAD /app/lib/libDHAVN_gpioCtl.so
LOAD /usr/lib/libqmlstatusbarplugin.so
LOAD /app/lib/libDualDisplayHelper.so
LOAD /usr/lib/libQtDBus.so
LOAD /usr/lib/libgstreamer-0.10.so
LOAD /usr/lib/libgobject-2.0.so
LOAD /usr/lib/libgmodule-2.0.so
LOAD /usr/lib/libxml2.so
LOAD /usr/lib/libgthread-2.0.so
LOAD /usr/lib/librt.so
LOAD /usr/lib/libglib-2.0.so
LOAD /usr/lib/libQtDeclarative.so
LOAD /usr/lib/libQtOpenGL.so
LOAD /usr/lib/libQtGui.so
LOAD /usr/lib/libQtNetwork.so
LOAD /usr/lib/libQtCore.so
LOAD /usr/lib/libGLESv2.so
LOAD /usr/lib/libpthread.so
START GROUP
LOAD /lib/libpthread.so.0
LOAD /usr/lib/libpthread_nonshared.a
END GROUP
LOAD /usr/lib/libstdc++.so
LOAD /usr/lib/libm.so
LOAD /usr/lib/libgcc_s.so
LOAD /usr/lib/gcc/i586-meego-linux/4.7.2/libgcc.a
LOAD /usr/lib/libpthread.so
START GROUP
LOAD /lib/libpthread.so.0
LOAD /usr/lib/libpthread_nonshared.a
END GROUP
LOAD /usr/lib/libc.so
START GROUP
LOAD /lib/libc.so.6
LOAD /usr/lib/libc_nonshared.a
LOAD /lib/ld-linux.so.2
END GROUP
LOAD /usr/lib/libgcc_s.so
LOAD /usr/lib/gcc/i586-meego-linux/4.7.2/libgcc.a
LOAD /usr/lib/gcc/i586-meego-linux/4.7.2/crtend.o
LOAD /usr/lib/gcc/i586-meego-linux/4.7.2/../../../crtn.o
                0x0000000008048000                PROVIDE (__executable_start, 0x8048000)
                0x0000000008048134                . = (0x8048000 + SIZEOF_HEADERS)

.interp         0x0000000008048134       0x13
 *(.interp)
 .interp        0x0000000008048134       0x13 /usr/lib/gcc/i586-meego-linux/4.7.2/../../../crt1.o

.note.ABI-tag   0x0000000008048148       0x20
 .note.ABI-tag  0x0000000008048148       0x20 /usr/lib/gcc/i586-meego-linux/4.7.2/../../../crt1.o

.note.gnu.build-id
                0x0000000008048168       0x24
 *(.note.gnu.build-id)
 .note.gnu.build-id
                0x0000000008048168       0x24 /usr/lib/gcc/i586-meego-linux/4.7.2/../../../crt1.o

.hash           0x000000000804818c     0x1588
 *(.hash)
 .hash          0x000000000804818c     0x1588 /usr/lib/gcc/i586-meego-linux/4.7.2/../../../crt1.o

.gnu.hash
 *(.gnu.hash)

.dynsym         0x0000000008049714     0x1d20
 *(.dynsym)
 .dynsym        0x0000000008049714     0x1d20 /usr/lib/gcc/i586-meego-linux/4.7.2/../../../crt1.o

.dynstr         0x000000000804b434     0x3aeb
 *(.dynstr)
 .dynstr        0x000000000804b434     0x3aeb /usr/lib/gcc/i586-meego-linux/4.7.2/../../../crt1.o

.gnu.version    0x000000000804ef20      0x3a4
 *(.gnu.version)
 .gnu.version   0x000000000804ef20      0x3a4 /usr/lib/gcc/i586-meego-linux/4.7.2/../../../crt1.o

.gnu.version_d  0x000000000804f2c4        0x0
 *(.gnu.version_d)
 .gnu.version_d
                0x0000000000000000        0x0 /usr/lib/gcc/i586-meego-linux/4.7.2/../../../crt1.o

.gnu.version_r  0x000000000804f2c4       0xc0
 *(.gnu.version_r)
 .gnu.version_r
                0x000000000804f2c4       0xc0 /usr/lib/gcc/i586-meego-linux/4.7.2/../../../crt1.o

.rel.dyn        0x000000000804f384       0xa0
 *(.rel.init)
 *(.rel.text .rel.text.* .rel.gnu.linkonce.t.*)
 .rel.text      0x0000000000000000        0x0 /usr/lib/gcc/i586-meego-linux/4.7.2/../../../crt1.o
 .rel.text._ZN7QStringD2Ev
                0x0000000000000000        0x0 /usr/lib/gcc/i586-meego-linux/4.7.2/../../../crt1.o
 .rel.text._Z24qMetaTypeConstructHelperI5EventEPvPKT_
                0x0000000000000000        0x0 /usr/lib/gcc/i586-meego-linux/4.7.2/../../../crt1.o
 .rel.text._Z19qMetaTypeLoadHelperI5EventEvR11QDataStreamPT_
                0x0000000000000000        0x0 /usr/lib/gcc/i586-meego-linux/4.7.2/../../../crt1.o
 .rel.text._Z19qMetaTypeSaveHelperI5EventEvR11QDataStreamPKT_
                0x0000000000000000        0x0 /usr/lib/gcc/i586-meego-linux/4.7.2/../../../crt1.o
 .rel.text._Z21qDBusDemarshallHelperI5EventEvRK13QDBusArgumentPT_
                0x0000000000000000        0x0 /usr/lib/gcc/i586-meego-linux/4.7.2/../../../crt1.o
 .rel.text._Z19qDBusMarshallHelperI5EventEvR13QDBusArgumentPKT_
                0x0000000000000000        0x0 /usr/lib/gcc/i586-meego-linux/4.7.2/../../../crt1.o
 .rel.text._ZN7QStringC2EPKc
                0x0000000000000000        0x0 /usr/lib/gcc/i586-meego-linux/4.7.2/../../../crt1.o
 .rel.text._ZN18__stVARIANT_STRINGD2Ev
                0x0000000000000000        0x0 /usr/lib/gcc/i586-meego-linux/4.7.2/../../../crt1.o
 .rel.text._ZN11QMetaTypeIdI5EventE14qt_metatype_idEv
                0x0000000000000000        0x0 /usr/lib/gcc/i586-meego-linux/4.7.2/../../../crt1.o
 .rel.text.startup
                0x0000000000000000        0x0 /usr/lib/gcc/i586-meego-linux/4.7.2/../../../crt1.o
 .rel.text._ZN10QByteArrayD2Ev
                0x0000000000000000        0x0 /usr/lib/gcc/i586-meego-linux/4.7.2/../../../crt1.o
 .rel.text._ZN9DABLogger8instanceEv
                0x0000000000000000        0x0 /usr/lib/gcc/i586-meego-linux/4.7.2/../../../crt1.o
 .rel.text._ZN5QListI7QStringED2Ev
                0x0000000000000000        0x0 /usr/lib/gcc/i586-meego-linux/4.7.2/../../../crt1.o
 .rel.text._ZN5QListIP10DABEPGItemE13detach_helperEv
                0x0000000000000000        0x0 /usr/lib/gcc/i586-meego-linux/4.7.2/../../../crt1.o
 .rel.text._ZN12DABVRAdaptorD2Ev
                0x0000000000000000        0x0 /usr/lib/gcc/i586-meego-linux/4.7.2/../../../crt1.o
 .rel.text._ZN12DABVRAdaptorD0Ev
                0x0000000000000000        0x0 /usr/lib/gcc/i586-meego-linux/4.7.2/../../../crt1.o
 .rel.text._ZN5QHashIi10QByteArrayE11deleteNode2EPN9QHashData4NodeE
                0x0000000000000000        0x0 /usr/lib/gcc/i586-meego-linux/4.7.2/../../../crt1.o
 .rel.text._ZplPKcRK10QByteArray
                0x0000000000000000        0x0 /usr/lib/gcc/i586-meego-linux/4.7.2/../../../crt1.o
 .rel.text._ZN7QStringC2ERK10QByteArray
                0x0000000000000000        0x0 /usr/lib/gcc/i586-meego-linux/4.7.2/../../../crt1.o
 .rel.text._ZN5QHashIi10QByteArrayED2Ev
                0x0000000000000000        0x0 /usr/lib/gcc/i586-meego-linux/4.7.2/../../../crt1.o
 .rel.text._ZNK5QHashIi10QByteArrayE5valueERKi
                0x0000000000000000        0x0 /usr/lib/gcc/i586-meego-linux/4.7.2/../../../crt1.o
 .rel.text._ZN6QDebugD2Ev
                0x0000000000000000        0x0 /usr/lib/gcc/i586-meego-linux/4.7.2/../../../crt1.o
 .rel.text._ZN5QListIP8ListItemED2Ev
                0x0000000000000000        0x0 /usr/lib/gcc/i586-meego-linux/4.7.2/../../../crt1.o
 .rel.text._ZN5QListIP8ListItemE18detach_helper_growEii
                0x0000000000000000        0x0 /usr/lib/gcc/i586-meego-linux/4.7.2/../../../crt1.o
 .rel.text._ZN5QListIP8ListItemE6appendERKS1_
                0x0000000000000000        0x0 /usr/lib/gcc/i586-meego-linux/4.7.2/../../../crt1.o
 .rel.text._ZN5QListIP8ListItemE13detach_helperEv
                0x0000000000000000        0x0 /usr/lib/gcc/i586-meego-linux/4.7.2/../../../crt1.o
 .rel.text._ZN5QHashIi7QStringED2Ev
                0x0000000000000000        0x0 /usr/lib/gcc/i586-meego-linux/4.7.2/../../../crt1.o
 .rel.text._ZN5QHashIi7QStringE11deleteNode2EPN9QHashData4NodeE
                0x0000000000000000        0x0 /usr/lib/gcc/i586-meego-linux/4.7.2/../../../crt1.o
 .rel.text._ZN5QHashIi7QStringEixERKi
                0x0000000000000000        0x0 /usr/lib/gcc/i586-meego-linux/4.7.2/../../../crt1.o
 .rel.text._ZN5QHashI7QStringP8QVariantE11deleteNode2EPN9QHashData4NodeE
                0x0000000000000000        0x0 /usr/lib/gcc/i586-meego-linux/4.7.2/../../../crt1.o
 .rel.text._ZN5QHashI7QStringP8QVariantED2Ev
                0x0000000000000000        0x0 /usr/lib/gcc/i586-meego-linux/4.7.2/../../../crt1.o
 .rel.text._ZN5QListI7QStringE13detach_helperEv
                0x0000000000000000        0x0 /usr/lib/gcc/i586-meego-linux/4.7.2/../../../crt1.o
 .rel.text._ZNK5QHashI7QStringP8QVariantE8findNodeERKS0_Pj
                0x0000000000000000        0x0 /usr/lib/gcc/i586-meego-linux/4.7.2/../../../crt1.o
 .rel.text._ZN5QListIP18DABEPGDateListItemE18detach_helper_growEii
                0x0000000000000000        0x0 /usr/lib/gcc/i586-meego-linux/4.7.2/../../../crt1.o
 .rel.text._ZN5QListIP10DABEPGItemE18detach_helper_growEii
                0x0000000000000000        0x0 /usr/lib/gcc/i586-meego-linux/4.7.2/../../../crt1.o
 .rel.text._ZN5QHashI7QStringP8QVariantE13detach_helperEv
                0x0000000000000000        0x0 /usr/lib/gcc/i586-meego-linux/4.7.2/../../../crt1.o
 .rel.text._ZN5QHashI7QStringP8QVariantE6insertERKS0_RKS2_
                0x0000000000000000        0x0 /usr/lib/gcc/i586-meego-linux/4.7.2/../../../crt1.o
 .rel.text._ZN5QHashI7QStringP8QVariantE6removeERKS0_
                0x0000000000000000        0x0 /usr/lib/gcc/i586-meego-linux/4.7.2/../../../crt1.o
 .rel.text._ZN5QListIP21DABEPGReservationItemE18detach_helper_growEii
                0x0000000000000000        0x0 /usr/lib/gcc/i586-meego-linux/4.7.2/../../../crt1.o
 .rel.text._ZN5QListIP21DABEPGReservationItemE6appendERKS1_
                0x0000000000000000        0x0 /usr/lib/gcc/i586-meego-linux/4.7.2/../../../crt1.o
 .rel.text._ZN5QListIP21DABEPGReservationItemE13detach_helperEv
                0x0000000000000000        0x0 /usr/lib/gcc/i586-meego-linux/4.7.2/../../../crt1.o
 .rel.text._ZN5QListI8QVariantED2Ev
                0x0000000000000000        0x0 /usr/lib/gcc/i586-meego-linux/4.7.2/../../../crt1.o
 .rel.text._ZN5QListI12QHostAddressED2Ev
                0x0000000000000000        0x0 /usr/lib/gcc/i586-meego-linux/4.7.2/../../../crt1.o
 .rel.text._ZN5QListI7QStringE18detach_helper_growEii
                0x0000000000000000        0x0 /usr/lib/gcc/i586-meego-linux/4.7.2/../../../crt1.o
 .rel.text._ZN5QListI7QStringE6appendERKS0_
                0x0000000000000000        0x0 /usr/lib/gcc/i586-meego-linux/4.7.2/../../../crt1.o
 .rel.text._ZN5QListI8QVariantE18detach_helper_growEii
                0x0000000000000000        0x0 /usr/lib/gcc/i586-meego-linux/4.7.2/../../../crt1.o
 .rel.text._ZN7QVectorI7QStringE7reallocEii
                0x0000000000000000        0x0 /usr/lib/gcc/i586-meego-linux/4.7.2/../../../crt1.o
 .rel.text._Z23qStringComparisonHelperRK7QStringPKc
                0x0000000000000000        0x0 /usr/lib/gcc/i586-meego-linux/4.7.2/../../../crt1.o
 .rel.text._ZN14DABChannelItem12setFrequencyEj
                0x0000000000000000        0x0 /usr/lib/gcc/i586-meego-linux/4.7.2/../../../crt1.o
 .rel.text._ZN5QListIP13QStandardItemED2Ev
                0x0000000000000000        0x0 /usr/lib/gcc/i586-meego-linux/4.7.2/../../../crt1.o
 .rel.text._ZN5QListIP13QStandardItemE18detach_helper_growEii
                0x0000000000000000        0x0 /usr/lib/gcc/i586-meego-linux/4.7.2/../../../crt1.o
 .rel.text._ZN5QListIP13QStandardItemE6appendERKS1_
                0x0000000000000000        0x0 /usr/lib/gcc/i586-meego-linux/4.7.2/../../../crt1.o
 .rel.text._ZNK7QString8containsERKS_N2Qt15CaseSensitivityE
                0x0000000000000000        0x0 /usr/lib/gcc/i586-meego-linux/4.7.2/../../../crt1.o
 .rel.text._ZplRK7QStringPKc
                0x0000000000000000        0x0 /usr/lib/gcc/i586-meego-linux/4.7.2/../../../crt1.o
 .rel.text._ZN10QDBusErrorD2Ev
                0x0000000000000000        0x0 /usr/lib/gcc/i586-meego-linux/4.7.2/../../../crt1.o
 .rel.text._ZN5QListI8QVariantE6appendERKS0_
                0x0000000000000000        0x0 /usr/lib/gcc/i586-meego-linux/4.7.2/../../../crt1.o
 .rel.text._ZN9EngModeIf16ConnectivityInfoEii
                0x0000000000000000        0x0 /usr/lib/gcc/i586-meego-linux/4.7.2/../../../crt1.o
 .rel.text._ZN9DABtoFMIf24LgeDBus_DABPICodeRequestERK10QByteArray
                0x0000000000000000        0x0 /usr/lib/gcc/i586-meego-linux/4.7.2/../../../crt1.o
 .rel.text._ZN7MICOMIf20LgeDBus_CANTPSendMsgERK10QByteArray
                0x0000000000000000        0x0 /usr/lib/gcc/i586-meego-linux/4.7.2/../../../crt1.o
 .rel.text._ZN5QListI9QFileInfoED2Ev
                0x0000000000000000        0x0 /usr/lib/gcc/i586-meego-linux/4.7.2/../../../crt1.o
 .rel.text._ZNK14DABChannelItem2idEv
                0x0000000000000000        0x0 /usr/lib/gcc/i586-meego-linux/4.7.2/../../../crt1.o
 .rel.text._ZN14DABChannelItemD2Ev
                0x0000000000000000        0x0 /usr/lib/gcc/i586-meego-linux/4.7.2/../../../crt1.o
 .rel.text._ZN14DABChannelItemD0Ev
                0x0000000000000000        0x0 /usr/lib/gcc/i586-meego-linux/4.7.2/../../../crt1.o
 .rel.text._ZNK10DABEPGItem2idEv
                0x0000000000000000        0x0 /usr/lib/gcc/i586-meego-linux/4.7.2/../../../crt1.o
 .rel.text._ZN10DABEPGItemD2Ev
                0x0000000000000000        0x0 /usr/lib/gcc/i586-meego-linux/4.7.2/../../../crt1.o
 .rel.text._ZN10DABEPGItemD0Ev
                0x0000000000000000        0x0 /usr/lib/gcc/i586-meego-linux/4.7.2/../../../crt1.o
 .rel.text._ZN8ListItemD2Ev
                0x0000000000000000        0x0 /usr/lib/gcc/i586-meego-linux/4.7.2/../../../crt1.o
 .rel.text._ZN8ListItemD0Ev
                0x0000000000000000        0x0 /usr/lib/gcc/i586-meego-linux/4.7.2/../../../crt1.o
 .rel.text._ZN21DABDataFrequencyTableD2Ev
                0x0000000000000000        0x0 /usr/lib/gcc/i586-meego-linux/4.7.2/../../../crt1.o
 .rel.text._ZN21DABDataFrequencyTableD0Ev
                0x0000000000000000        0x0 /usr/lib/gcc/i586-meego-linux/4.7.2/../../../crt1.o
 .rel.text._ZN10LocTriggerD2Ev
                0x0000000000000000        0x0 /usr/lib/gcc/i586-meego-linux/4.7.2/../../../crt1.o
 .rel.text._ZN10LocTriggerD0Ev
                0x0000000000000000        0x0 /usr/lib/gcc/i586-meego-linux/4.7.2/../../../crt1.o
 .rel.text._ZN19DABEngineerModeItemD2Ev
                0x0000000000000000        0x0 /usr/lib/gcc/i586-meego-linux/4.7.2/../../../crt1.o
 .rel.text._ZN19DABEngineerModeItemD0Ev
                0x0000000000000000        0x0 /usr/lib/gcc/i586-meego-linux/4.7.2/../../../crt1.o
 .rel.text._ZN20DABCommSPIPacketInfoD2Ev
                0x0000000000000000        0x0 /usr/lib/gcc/i586-meego-linux/4.7.2/../../../crt1.o
 .rel.text._ZN20DABCommSPIPacketInfoD0Ev
                0x0000000000000000        0x0 /usr/lib/gcc/i586-meego-linux/4.7.2/../../../crt1.o
 .rel.text._ZN21DABEPGReservationItemD2Ev
                0x0000000000000000        0x0 /usr/lib/gcc/i586-meego-linux/4.7.2/../../../crt1.o
 .rel.text._ZN21DABEPGReservationItemD0Ev
                0x0000000000000000        0x0 /usr/lib/gcc/i586-meego-linux/4.7.2/../../../crt1.o
 .rel.text._ZN14DABTpegServiceD2Ev
                0x0000000000000000        0x0 /usr/lib/gcc/i586-meego-linux/4.7.2/../../../crt1.o
 .rel.text._ZN14DABTpegServiceD0Ev
                0x0000000000000000        0x0 /usr/lib/gcc/i586-meego-linux/4.7.2/../../../crt1.o
 .rel.text._ZN7QVectorI7QStringE6appendERKS0_
                0x0000000000000000        0x0 /usr/lib/gcc/i586-meego-linux/4.7.2/../../../crt1.o
 .rel.text._ZN18DABEPGDateListItemD2Ev
                0x0000000000000000        0x0 /usr/lib/gcc/i586-meego-linux/4.7.2/../../../crt1.o
 .rel.text._ZN18DABEPGDateListItemD0Ev
                0x0000000000000000        0x0 /usr/lib/gcc/i586-meego-linux/4.7.2/../../../crt1.o
 .rel.text._ZN13DABRdsAdaptorD2Ev
                0x0000000000000000        0x0 /usr/lib/gcc/i586-meego-linux/4.7.2/../../../crt1.o
 .rel.text._ZN13DABRdsAdaptorD0Ev
                0x0000000000000000        0x0 /usr/lib/gcc/i586-meego-linux/4.7.2/../../../crt1.o
 *(.rel.fini)
 *(.rel.rodata .rel.rodata.* .rel.gnu.linkonce.r.*)
 .rel.rodata._ZTI17DABUIListenerLink
                0x0000000000000000        0x0 /usr/lib/gcc/i586-meego-linux/4.7.2/../../../crt1.o
 .rel.rodata._ZTV17DABUIListenerLink
                0x0000000000000000        0x0 /usr/lib/gcc/i586-meego-linux/4.7.2/../../../crt1.o
 .rel.rodata    0x0000000000000000        0x0 /usr/lib/gcc/i586-meego-linux/4.7.2/../../../crt1.o
 .rel.rodata._ZTI13DABController
                0x0000000000000000        0x0 /usr/lib/gcc/i586-meego-linux/4.7.2/../../../crt1.o
 .rel.rodata._ZTV13DABController
                0x0000000000000000        0x0 /usr/lib/gcc/i586-meego-linux/4.7.2/../../../crt1.o
 .rel.rodata._ZTI13DABUIListener
                0x0000000000000000        0x0 /usr/lib/gcc/i586-meego-linux/4.7.2/../../../crt1.o
 .rel.rodata._ZTV13DABUIListener
                0x0000000000000000        0x0 /usr/lib/gcc/i586-meego-linux/4.7.2/../../../crt1.o
 .rel.rodata._ZTI14DABChannelItem
                0x0000000000000000        0x0 /usr/lib/gcc/i586-meego-linux/4.7.2/../../../crt1.o
 .rel.rodata._ZTV14DABChannelItem
                0x0000000000000000        0x0 /usr/lib/gcc/i586-meego-linux/4.7.2/../../../crt1.o
 .rel.rodata._ZTI10DABEPGItem
                0x0000000000000000        0x0 /usr/lib/gcc/i586-meego-linux/4.7.2/../../../crt1.o
 .rel.rodata._ZTV10DABEPGItem
                0x0000000000000000        0x0 /usr/lib/gcc/i586-meego-linux/4.7.2/../../../crt1.o
 .rel.rodata._ZTI8ListItem
                0x0000000000000000        0x0 /usr/lib/gcc/i586-meego-linux/4.7.2/../../../crt1.o
 .rel.rodata._ZTI9ListModel
                0x0000000000000000        0x0 /usr/lib/gcc/i586-meego-linux/4.7.2/../../../crt1.o
 .rel.rodata._ZTV8ListItem
                0x0000000000000000        0x0 /usr/lib/gcc/i586-meego-linux/4.7.2/../../../crt1.o
 .rel.rodata._ZTV9ListModel
                0x0000000000000000        0x0 /usr/lib/gcc/i586-meego-linux/4.7.2/../../../crt1.o
 .rel.rodata._ZTI14DABCommManager
                0x0000000000000000        0x0 /usr/lib/gcc/i586-meego-linux/4.7.2/../../../crt1.o
 .rel.rodata._ZTV14DABCommManager
                0x0000000000000000        0x0 /usr/lib/gcc/i586-meego-linux/4.7.2/../../../crt1.o
 .rel.rodata._ZTI21DABCommReceiverThread
                0x0000000000000000        0x0 /usr/lib/gcc/i586-meego-linux/4.7.2/../../../crt1.o
 .rel.rodata._ZTV21DABCommReceiverThread
                0x0000000000000000        0x0 /usr/lib/gcc/i586-meego-linux/4.7.2/../../../crt1.o
 .rel.rodata._ZTI21DABDataFrequencyTable
                0x0000000000000000        0x0 /usr/lib/gcc/i586-meego-linux/4.7.2/../../../crt1.o
 .rel.rodata._ZTV21DABDataFrequencyTable
                0x0000000000000000        0x0 /usr/lib/gcc/i586-meego-linux/4.7.2/../../../crt1.o
 .rel.rodata._ZTI13DABEPGManager
                0x0000000000000000        0x0 /usr/lib/gcc/i586-meego-linux/4.7.2/../../../crt1.o
 .rel.rodata._ZTV13DABEPGManager
                0x0000000000000000        0x0 /usr/lib/gcc/i586-meego-linux/4.7.2/../../../crt1.o
 .rel.rodata._ZTI10LocTrigger
                0x0000000000000000        0x0 /usr/lib/gcc/i586-meego-linux/4.7.2/../../../crt1.o
 .rel.rodata._ZTV10LocTrigger
                0x0000000000000000        0x0 /usr/lib/gcc/i586-meego-linux/4.7.2/../../../crt1.o
 .rel.rodata._ZTI9DABLogger
                0x0000000000000000        0x0 /usr/lib/gcc/i586-meego-linux/4.7.2/../../../crt1.o
 .rel.rodata._ZTV9DABLogger
                0x0000000000000000        0x0 /usr/lib/gcc/i586-meego-linux/4.7.2/../../../crt1.o
 .rel.rodata._ZTI19DABEngineerModeItem
                0x0000000000000000        0x0 /usr/lib/gcc/i586-meego-linux/4.7.2/../../../crt1.o
 .rel.rodata._ZTV19DABEngineerModeItem
                0x0000000000000000        0x0 /usr/lib/gcc/i586-meego-linux/4.7.2/../../../crt1.o
 .rel.rodata._ZTI9EngModeIf
                0x0000000000000000        0x0 /usr/lib/gcc/i586-meego-linux/4.7.2/../../../crt1.o
 .rel.rodata._ZTV9EngModeIf
                0x0000000000000000        0x0 /usr/lib/gcc/i586-meego-linux/4.7.2/../../../crt1.o
 .rel.rodata._ZTI18DABCommDataHandler
                0x0000000000000000        0x0 /usr/lib/gcc/i586-meego-linux/4.7.2/../../../crt1.o
 .rel.rodata._ZTV18DABCommDataHandler
                0x0000000000000000        0x0 /usr/lib/gcc/i586-meego-linux/4.7.2/../../../crt1.o
 .rel.rodata._ZTI20DABCommSPIPacketInfo
                0x0000000000000000        0x0 /usr/lib/gcc/i586-meego-linux/4.7.2/../../../crt1.o
 .rel.rodata._ZTV20DABCommSPIPacketInfo
                0x0000000000000000        0x0 /usr/lib/gcc/i586-meego-linux/4.7.2/../../../crt1.o
 .rel.rodata._ZTI12DABVRAdaptor
                0x0000000000000000        0x0 /usr/lib/gcc/i586-meego-linux/4.7.2/../../../crt1.o
 .rel.rodata._ZTV12DABVRAdaptor
                0x0000000000000000        0x0 /usr/lib/gcc/i586-meego-linux/4.7.2/../../../crt1.o
 .rel.rodata._ZTI21DABEPGReservationList
                0x0000000000000000        0x0 /usr/lib/gcc/i586-meego-linux/4.7.2/../../../crt1.o
 .rel.rodata._ZTV21DABEPGReservationList
                0x0000000000000000        0x0 /usr/lib/gcc/i586-meego-linux/4.7.2/../../../crt1.o
 .rel.rodata._ZTI21DABEPGReservationItem
                0x0000000000000000        0x0 /usr/lib/gcc/i586-meego-linux/4.7.2/../../../crt1.o
 .rel.rodata._ZTV21DABEPGReservationItem
                0x0000000000000000        0x0 /usr/lib/gcc/i586-meego-linux/4.7.2/../../../crt1.o
 .rel.rodata._ZTI7MICOMIf
                0x0000000000000000        0x0 /usr/lib/gcc/i586-meego-linux/4.7.2/../../../crt1.o
 .rel.rodata._ZTV7MICOMIf
                0x0000000000000000        0x0 /usr/lib/gcc/i586-meego-linux/4.7.2/../../../crt1.o
 .rel.rodata._ZTI14DABTpegService
                0x0000000000000000        0x0 /usr/lib/gcc/i586-meego-linux/4.7.2/../../../crt1.o
 .rel.rodata._ZTV14DABTpegService
                0x0000000000000000        0x0 /usr/lib/gcc/i586-meego-linux/4.7.2/../../../crt1.o
 .rel.rodata._ZTI9DABTpegIf
                0x0000000000000000        0x0 /usr/lib/gcc/i586-meego-linux/4.7.2/../../../crt1.o
 .rel.rodata._ZTV9DABTpegIf
                0x0000000000000000        0x0 /usr/lib/gcc/i586-meego-linux/4.7.2/../../../crt1.o
 .rel.rodata._ZTI12DABAppEngine
                0x0000000000000000        0x0 /usr/lib/gcc/i586-meego-linux/4.7.2/../../../crt1.o
 .rel.rodata._ZTV12DABAppEngine
                0x0000000000000000        0x0 /usr/lib/gcc/i586-meego-linux/4.7.2/../../../crt1.o
 .rel.rodata._ZTI10DABCommSPI
                0x0000000000000000        0x0 /usr/lib/gcc/i586-meego-linux/4.7.2/../../../crt1.o
 .rel.rodata._ZTV10DABCommSPI
                0x0000000000000000        0x0 /usr/lib/gcc/i586-meego-linux/4.7.2/../../../crt1.o
 .rel.rodata._ZTI11DABCommUART
                0x0000000000000000        0x0 /usr/lib/gcc/i586-meego-linux/4.7.2/../../../crt1.o
 .rel.rodata._ZTV11DABCommUART
                0x0000000000000000        0x0 /usr/lib/gcc/i586-meego-linux/4.7.2/../../../crt1.o
 .rel.rodata._ZTI18DABEPGDateListItem
                0x0000000000000000        0x0 /usr/lib/gcc/i586-meego-linux/4.7.2/../../../crt1.o
 .rel.rodata._ZTV18DABEPGDateListItem
                0x0000000000000000        0x0 /usr/lib/gcc/i586-meego-linux/4.7.2/../../../crt1.o
 .rel.rodata._ZTI13DABRdsAdaptor
                0x0000000000000000        0x0 /usr/lib/gcc/i586-meego-linux/4.7.2/../../../crt1.o
 .rel.rodata._ZTV13DABRdsAdaptor
                0x0000000000000000        0x0 /usr/lib/gcc/i586-meego-linux/4.7.2/../../../crt1.o
 .rel.rodata._ZTI8DABRdsIf
                0x0000000000000000        0x0 /usr/lib/gcc/i586-meego-linux/4.7.2/../../../crt1.o
 .rel.rodata._ZTV8DABRdsIf
                0x0000000000000000        0x0 /usr/lib/gcc/i586-meego-linux/4.7.2/../../../crt1.o
 .rel.rodata._ZTI9DABtoFMIf
                0x0000000000000000        0x0 /usr/lib/gcc/i586-meego-linux/4.7.2/../../../crt1.o
 .rel.rodata._ZTV9DABtoFMIf
                0x0000000000000000        0x0 /usr/lib/gcc/i586-meego-linux/4.7.2/../../../crt1.o
 .rel.rodata._ZTI17DABChannelManager
                0x0000000000000000        0x0 /usr/lib/gcc/i586-meego-linux/4.7.2/../../../crt1.o
 .rel.rodata._ZTV17DABChannelManager
                0x0000000000000000        0x0 /usr/lib/gcc/i586-meego-linux/4.7.2/../../../crt1.o
 .rel.rodata._ZTI19DABControllerSecond
                0x0000000000000000        0x0 /usr/lib/gcc/i586-meego-linux/4.7.2/../../../crt1.o
 .rel.rodata._ZTV19DABControllerSecond
                0x0000000000000000        0x0 /usr/lib/gcc/i586-meego-linux/4.7.2/../../../crt1.o
 .rel.rodata._ZTI17DABControllerLink
                0x0000000000000000        0x0 /usr/lib/gcc/i586-meego-linux/4.7.2/../../../crt1.o
 .rel.rodata._ZTV17DABControllerLink
                0x0000000000000000        0x0 /usr/lib/gcc/i586-meego-linux/4.7.2/../../../crt1.o
 .rel.rodata._ZTI21DABCommManagerHandler
                0x0000000000000000        0x0 /usr/lib/gcc/i586-meego-linux/4.7.2/../../../crt1.o
 .rel.rodata._ZTV21DABCommManagerHandler
                0x0000000000000000        0x0 /usr/lib/gcc/i586-meego-linux/4.7.2/../../../crt1.o
 .rel.rodata._ZTI16DABAppEngineLink
                0x0000000000000000        0x0 /usr/lib/gcc/i586-meego-linux/4.7.2/../../../crt1.o
 .rel.rodata._ZTV16DABAppEngineLink
                0x0000000000000000        0x0 /usr/lib/gcc/i586-meego-linux/4.7.2/../../../crt1.o
 .rel.rodata._ZTI24DABAppEngineNotiUICommon
                0x0000000000000000        0x0 /usr/lib/gcc/i586-meego-linux/4.7.2/../../../crt1.o
 .rel.rodata._ZTV24DABAppEngineNotiUICommon
                0x0000000000000000        0x0 /usr/lib/gcc/i586-meego-linux/4.7.2/../../../crt1.o
 .rel.rodata._ZTI18DABCommManagerLink
                0x0000000000000000        0x0 /usr/lib/gcc/i586-meego-linux/4.7.2/../../../crt1.o
 .rel.rodata._ZTV18DABCommManagerLink
                0x0000000000000000        0x0 /usr/lib/gcc/i586-meego-linux/4.7.2/../../../crt1.o
 .rel.rodata._ZTI18DABControllerThird
                0x0000000000000000        0x0 /usr/lib/gcc/i586-meego-linux/4.7.2/../../../crt1.o
 .rel.rodata._ZTV18DABControllerThird
                0x0000000000000000        0x0 /usr/lib/gcc/i586-meego-linux/4.7.2/../../../crt1.o
 *(.rel.data.rel.ro* .rel.gnu.linkonce.d.rel.ro.*)
 *(.rel.data .rel.data.* .rel.gnu.linkonce.d.*)
 *(.rel.tdata .rel.tdata.* .rel.gnu.linkonce.td.*)
 *(.rel.tbss .rel.tbss.* .rel.gnu.linkonce.tb.*)
 *(.rel.ctors)
 *(.rel.dtors)
 *(.rel.got)
 .rel.got       0x000000000804f384        0x8 /usr/lib/gcc/i586-meego-linux/4.7.2/../../../crt1.o
 *(.rel.sharable_data .rel.sharable_data.* .rel.gnu.linkonce.shrd.*)
 *(.rel.sharable_bss .rel.sharable_bss.* .rel.gnu.linkonce.shrb.*)
 .rel.sharable_bss
                0x0000000000000000        0x0 /usr/lib/gcc/i586-meego-linux/4.7.2/../../../crt1.o
 *(.rel.bss .rel.bss.* .rel.gnu.linkonce.b.*)
 .rel.bss       0x000000000804f38c       0x98 /usr/lib/gcc/i586-meego-linux/4.7.2/../../../crt1.o
 *(.rel.ifunc)
 .rel.eh_frame  0x0000000000000000        0x0 /usr/lib/gcc/i586-meego-linux/4.7.2/../../../crt1.o

.rel.plt        0x000000000804f424      0xcf8
 *(.rel.plt)
 .rel.plt       0x000000000804f424      0xcf8 /usr/lib/gcc/i586-meego-linux/4.7.2/../../../crt1.o
                0x000000000805011c                PROVIDE (__rel_iplt_start, .)
 *(.rel.iplt)
 .rel.iplt      0x0000000000000000        0x0 /usr/lib/gcc/i586-meego-linux/4.7.2/../../../crt1.o
                0x000000000805011c                PROVIDE (__rel_iplt_end, .)

.init           0x000000000805011c       0x2d
 *(.init)
 .init          0x000000000805011c       0x1e /usr/lib/gcc/i586-meego-linux/4.7.2/../../../crti.o
                0x000000000805011c                _init
 .init          0x000000000805013a        0x5 /usr/lib/gcc/i586-meego-linux/4.7.2/crtbegin.o
 .init          0x000000000805013f        0x5 /usr/lib/gcc/i586-meego-linux/4.7.2/crtend.o
 .init          0x0000000008050144        0x5 /usr/lib/gcc/i586-meego-linux/4.7.2/../../../crtn.o

.plt            0x000000000805014c     0x1a00
 *(.plt)
 .plt           0x000000000805014c     0x1a00 /usr/lib/gcc/i586-meego-linux/4.7.2/../../../crt1.o
                0x000000000805015c                QChar::QChar(unsigned char)
                0x000000000805016c                QMutex::QMutex(QMutex::RecursionMode)
                0x000000000805017c                QTextCodec::codecForName(QByteArray const&)
                0x000000000805018c                QDataStream::QDataStream(QIODevice*)
                0x000000000805019c                QFile::size() const
                0x00000000080501ac                QDeclarativeView::setSource(QUrl const&)
                0x00000000080501bc                __libc_start_main@@GLIBC_2.0
                0x00000000080501cc                QApplication::~QApplication()
                0x00000000080501dc                Event::Event()
                0x00000000080501ec                Logger::Instance()
                0x00000000080501fc                operator<<(QDataStream&, Event const&)
                0x000000000805020c                QVectorData::reallocate(QVectorData*, int, int, int)
                0x000000000805021c                QDBusConnection::sessionBus()
                0x000000000805022c                QMetaObject::invokeMethod(QObject*, char const*, Qt::ConnectionType, QGenericReturnArgument, QGenericArgument, QGenericArgument, QGenericArgument, QGenericArgument, QGenericArgument, QGenericArgument, QGenericArgument, QGenericArgument, QGenericArgument, QGenericArgument)
                0x000000000805023c                QTime::currentTime()
                0x000000000805024c                QString::compare(QString const&, Qt::CaseSensitivity) const
                0x000000000805025c                QFile::rename(QString const&, QString const&)
                0x000000000805026c                QTimer::setInterval(int)
                0x000000000805027c                QHashData::nextNode(QHashData::Node*)
                0x000000000805028c                QSharedMemory::attach(QSharedMemory::AccessMode)
                0x000000000805029c                QDir::remove(QString const&)
                0x00000000080502ac                QFont::insertSubstitutions(QString const&, QStringList const&)
                0x00000000080502bc                QNetworkInterface::allAddresses()
                0x00000000080502cc                QTextStream::operator<<(QByteArray const&)
                0x00000000080502dc                QTextStream::operator<<(QString const&)
                0x00000000080502ec                QByteArray::realloc(int)
                0x00000000080502fc                QAbstractScrollArea::viewport() const
                0x000000000805030c                QDBusAbstractAdaptor::qt_metacall(QMetaObject::Call, int, void**)
                0x000000000805031c                tcsetattr@@GLIBC_2.0
                0x000000000805032c                QFile::QFile(QString const&, QObject*)
                0x000000000805033c                QSharedMemory::create(int, QSharedMemory::AccessMode)
                0x000000000805034c                QString::indexOf(QString const&, int, Qt::CaseSensitivity) const
                0x000000000805035c                QDeclarativeView::QDeclarativeView(QWidget*)
                0x000000000805036c                QDateTime::isValid() const
                0x000000000805037c                QVariant::toBool() const
                0x000000000805038c                QThread::usleep(unsigned long)
                0x000000000805039c                QDate::addDays(int) const
                0x00000000080503ac                exit@@GLIBC_2.0
                0x00000000080503bc                AppEngineBase::HandleGstPipelinesAvailable(int)
                0x00000000080503cc                AppEngineQML::HandleEvent(Event&)
                0x00000000080503dc                QTextStream::QTextStream()
                0x00000000080503ec                QTime::addSecs(int) const
                0x00000000080503fc                close@@GLIBC_2.0
                0x000000000805040c                QDateTime::date() const
                0x000000000805041c                QObject::objectName() const
                0x000000000805042c                memcpy@@GLIBC_2.0
                0x000000000805043c                QDateTime::setTime(QTime const&)
                0x000000000805044c                QAbstractItemModel::setData(QModelIndex const&, QVariant const&, int)
                0x000000000805045c                strncpy@@GLIBC_2.0
                0x000000000805046c                QDir::entryInfoList(QFlags<QDir::Filter>, QFlags<QDir::SortFlag>) const
                0x000000000805047c                QAbstractItemModel::setRoleNames(QHash<int, QByteArray> const&)
                0x000000000805048c                AppEngineQML::AppEngineQML(QDeclarativeView*, QString, QObject*, AppEngineBase::APP_ENGINE_TYPE)
                0x000000000805049c                AppEngineQML::Reserved_1()
                0x00000000080504ac                QSharedMemory::lock()
                0x00000000080504bc                QDate::toString(QString const&) const
                0x00000000080504cc                QObject::childEvent(QChildEvent*)
                0x00000000080504dc                operator<<(QDBusArgument&, Event const&)
                0x00000000080504ec                QGLFormat::~QGLFormat()
                0x00000000080504fc                QAbstractItemModel::mimeTypes() const
                0x000000000805050c                QDBusAbstractAdaptor::qt_metacast(char const*)
                0x000000000805051c                QDBusAbstractAdaptor::~QDBusAbstractAdaptor()
                0x000000000805052c                QDir::~QDir()
                0x000000000805053c                QTextStream::QTextStream(QString*, QFlags<QIODevice::OpenModeFlag>)
                0x000000000805054c                QAbstractItemModel::revert()
                0x000000000805055c                QAbstractItemModel::insertColumns(int, int, QModelIndex const&)
                0x000000000805056c                QTime::minute() const
                0x000000000805057c                open@@GLIBC_2.0
                0x000000000805058c                QThread::qt_metacast(char const*)
                0x000000000805059c                usleep@@GLIBC_2.0
                0x00000000080505ac                QString::right(int) const
                0x00000000080505bc                QFile::open(QFlags<QIODevice::OpenModeFlag>)
                0x00000000080505cc                __stack_chk_fail@@GLIBC_2.4
                0x00000000080505dc                QFile::close()
                0x00000000080505ec                QAbstractItemModel::fetchMore(QModelIndex const&)
                0x00000000080505fc                QVariant::toString() const
                0x000000000805060c                QDBusAbstractInterface::QDBusAbstractInterface(QString const&, QString const&, char const*, QDBusConnection const&, QObject*)
                0x000000000805061c                ioctl@@GLIBC_2.0
                0x000000000805062c                QTextStream::setDevice(QIODevice*)
                0x000000000805063c                QObject::timerEvent(QTimerEvent*)
                0x000000000805064c                QHostAddress::toString() const
                0x000000000805065c                QDBusConnection::lastError() const
                0x000000000805066c                QTextStream::operator<<(char)
                0x000000000805067c                QAbstractItemModel::beginInsertRows(QModelIndex const&, int, int)
                0x000000000805068c                QByteArray::expand(int)
                0x000000000805069c                __cxa_guard_acquire@@CXXABI_1.3
                0x00000000080506ac                QString::realloc()
                0x00000000080506bc                AppEngineQML::Reserved_2()
                0x00000000080506cc                QUrl::QUrl(QString const&)
                0x00000000080506dc                QSettings::childGroups() const
                0x00000000080506ec                QDir::mkpath(QString const&) const
                0x00000000080506fc                QAbstractItemModel::supportedDropActions() const
                0x000000000805070c                QDate::QDate(int, int, int)
                0x000000000805071c                QString::expand(int)
                0x000000000805072c                QString::toLower() const
                0x000000000805073c                QDataStream::QDataStream()
                0x000000000805074c                QObject::customEvent(QEvent*)
                0x000000000805075c                QObject::metaObject() const
                0x000000000805076c                CQCANController_ApplnTxRx::Init()
                0x000000000805078c                QByteArray::append(char const*, int)
                0x000000000805079c                QTranslator::QTranslator(QObject*)
                0x00000000080507ac                __cxa_guard_abort@@CXXABI_1.3
                0x00000000080507bc                QAbstractListModel::qt_metacast(char const*)
                0x00000000080507cc                QDir::setPath(QString const&)
                0x00000000080507dc                QDeclarativeView::~QDeclarativeView()
                0x00000000080507ec                QHostAddress::~QHostAddress()
                0x00000000080507fc                QTextStream::operator<<(unsigned short)
                0x000000000805080c                QVariant::QVariant(bool)
                0x000000000805081c                Logger::Log(QString const&, Logger::LOG_PRIORITY)
                0x000000000805082c                AppEngineQML::~AppEngineQML()
                0x000000000805083c                QDeclarativeContext::setContextProperty(QString const&, QObject*)
                0x000000000805084c                QSortFilterProxyModel::index(int, int, QModelIndex const&) const
                0x000000000805085c                QDateTime::operator=(QDateTime const&)
                0x000000000805086c                QFile::remove(QString const&)
                0x000000000805087c                QString::number(int, int)
                0x000000000805088c                strlen@@GLIBC_2.0
                0x000000000805089c                strstr@@GLIBC_2.0
                0x00000000080508ac                qHash(QString const&)
                0x00000000080508bc                QDataStream::readRawData(char*, int)
                0x00000000080508cc                QSettings::sync()
                0x00000000080508dc                QDBusAbstractInterface::asyncCallWithArgumentList(QString const&, QList<QVariant> const&)
                0x00000000080508ec                sigaction@@GLIBC_2.0
                0x00000000080508fc                QFile::~QFile()
                0x000000000805090c                QDataStream::resetStatus()
                0x000000000805091c                QStandardItemModel::itemFromIndex(QModelIndex const&) const
                0x000000000805092c                QString::fromAscii(char const*, int)
                0x000000000805093c                QImage::~QImage()
                0x000000000805094c                QDBusConnection::registerObject(QString const&, QObject*, QFlags<QDBusConnection::RegisterOption>)
                0x000000000805095c                QStandardItemModel::QStandardItemModel(QObject*)
                0x000000000805096c                QString::arg(long long, int, int, QChar const&) const
                0x000000000805097c                QFile::QFile(QString const&)
                0x000000000805098c                QRPMClient::QRPMClient(QString*)
                0x000000000805099c                QDir::entryList(QFlags<QDir::Filter>, QFlags<QDir::SortFlag>) const
                0x00000000080509ac                QDBusAbstractAdaptor::QDBusAbstractAdaptor(QObject*)
                0x00000000080509bc                __memcpy_chk@@GLIBC_2.3.4
                0x00000000080509cc                operator<<(QDataStream&, QByteArray const&)
                0x00000000080509dc                AppEngineBase::NotifyUISHCommon(Event&)
                0x00000000080509ec                QString::fromAscii_helper(char const*, int)
                0x00000000080509fc                QSharedMemory::setKey(QString const&)
                0x0000000008050a0c                QString::remove(QString const&, Qt::CaseSensitivity)
                0x0000000008050a1c                qChecksum(char const*, unsigned int)
                0x0000000008050a2c                CLogUtil::CLogUtil()
                0x0000000008050a3c                QAbstractListModel::~QAbstractListModel()
                0x0000000008050a4c                operator delete(void*)@@GLIBCXX_3.4
                0x0000000008050a5c                QDir::rmpath(QString const&) const
                0x0000000008050a6c                QAbstractListModel::dropMimeData(QMimeData const*, Qt::DropAction, int, int, QModelIndex const&)
                0x0000000008050a7c                __cxa_guard_release@@CXXABI_1.3
                0x0000000008050a8c                QDBusAbstractInterface::~QDBusAbstractInterface()
                0x0000000008050a9c                QHostAddress::QHostAddress()
                0x0000000008050aac                QDBusAbstractInterface::connectNotify(char const*)
                0x0000000008050abc                QObject::connectNotify(char const*)
                0x0000000008050acc                QAbstractItemModel::endRemoveRows()
                0x0000000008050adc                QVariant::~QVariant()
                0x0000000008050aec                QString::remove(int, int)
                0x0000000008050afc                qt_message_output(QtMsgType, char const*)
                0x0000000008050b0c                QTranslator::load(QString const&, QString const&, QString const&, QString const&)
                0x0000000008050b1c                AppEngineBase::ConnectToUISH(int&, char**)
                0x0000000008050b2c                operator new(unsigned int)@@GLIBCXX_3.4
                0x0000000008050b3c                QTimer::start(int)
                0x0000000008050b4c                QString::compare(QString const&) const
                0x0000000008050b5c                QDate::currentDate()
                0x0000000008050b6c                __gxx_personality_v0@@CXXABI_1.3
                0x0000000008050b7c                QHashData::allocateNode(int)
                0x0000000008050b8c                snprintf@@GLIBC_2.0
                0x0000000008050b9c                QCoreApplication::quit()
                0x0000000008050bac                CQCANController_ApplnTxRx::CQCANController_ApplnTxRx(QObject*)
                0x0000000008050bbc                QGraphicsView::setViewportUpdateMode(QGraphicsView::ViewportUpdateMode)
                0x0000000008050bcc                QSettings::value(QString const&, QVariant const&) const
                0x0000000008050bdc                QStandardItem::row() const
                0x0000000008050bec                QProcess::readAllStandardError()
                0x0000000008050bfc                QSortFilterProxyModel::~QSortFilterProxyModel()
                0x0000000008050c0c                QObject::QObject(QObject*)
                0x0000000008050c1c                Event::Event(int, APP_ID_T, APP_ID_T, QByteArray const&)
                0x0000000008050c2c                AppEngineQML::GetCurrentView()
                0x0000000008050c3c                QObject::~QObject()
                0x0000000008050c4c                QSortFilterProxyModel::mapToSource(QModelIndex const&) const
                0x0000000008050c5c                QAbstractListModel::index(int, int, QModelIndex const&) const
                0x0000000008050c6c                QFileInfo::~QFileInfo()
                0x0000000008050c7c                QVariant::QVariant(QString const&)
                0x0000000008050c8c                QSortFilterProxyModel::setSortRole(int)
                0x0000000008050c9c                QSortFilterProxyModel::sort(int, Qt::SortOrder)
                0x0000000008050cac                QDeclarativeView::rootContext() const
                0x0000000008050cbc                QDBusConnection::isConnected() const
                0x0000000008050ccc                QMetaObject::tr(char const*, char const*) const
                0x0000000008050cdc                QString::operator==(QString const&) const
                0x0000000008050cec                _Unwind_Resume@@GCC_3.0
                0x0000000008050cfc                QApplication::QApplication(int&, char**, int)
                0x0000000008050d0c                QAbstractItemModel::insertRows(int, int, QModelIndex const&)
                0x0000000008050d1c                QDataStream::writeRawData(char const*, int)
                0x0000000008050d2c                qFree(void*)
                0x0000000008050d3c                get_gpio
                0x0000000008050d4c                QTextStream::~QTextStream()
                0x0000000008050d5c                QListData::detach_grow(int*, int)
                0x0000000008050d6c                QDeclarativeView::rootObject() const
                0x0000000008050d7c                QStandardItem::QStandardItem(int, int)
                0x0000000008050d8c                QDataStream::operator<<(int)
                0x0000000008050d9c                QStandardItemModel::QStandardItemModel(int, int, QObject*)
                0x0000000008050dac                QAbstractListModel::qt_metacall(QMetaObject::Call, int, void**)
                0x0000000008050dbc                QObject::connect(QObject const*, char const*, QObject const*, char const*, Qt::ConnectionType)
                0x0000000008050dcc                memset@@GLIBC_2.0
                0x0000000008050ddc                QDataStream::QDataStream(QByteArray const&)
                0x0000000008050dec                QHashData::freeNode(void*)
                0x0000000008050dfc                QAbstractItemModel::dataChanged(QModelIndex const&, QModelIndex const&)
                0x0000000008050e0c                QTime::setHMS(int, int, int, int)
                0x0000000008050e1c                QDBusError::message() const
                0x0000000008050e2c                QSettings::endGroup()
                0x0000000008050e3c                QTextCodec::toUnicode(char const*) const
                0x0000000008050e4c                QAbstractListModel::hasChildren(QModelIndex const&) const
                0x0000000008050e5c                QString::mid(int, int) const
                0x0000000008050e6c                QString::utf16() const
                0x0000000008050e7c                athenaSendObject
                0x0000000008050e8c                QGLFormat::setSampleBuffers(bool)
                0x0000000008050e9c                QString::startsWith(QString const&, Qt::CaseSensitivity) const
                0x0000000008050eac                QByteArray::QByteArray(char const*)
                0x0000000008050ebc                QDBusPendingCall::~QDBusPendingCall()
                0x0000000008050ecc                QMutex::~QMutex()
                0x0000000008050edc                QString::simplified() const
                0x0000000008050eec                QByteArray::clear()
                0x0000000008050efc                athenaOpen
                0x0000000008050f0c                AppEngineQML::qt_metacall(QMetaObject::Call, int, void**)
                0x0000000008050f1c                QString::toWCharArray(wchar_t*) const
                0x0000000008050f2c                QString::fromUtf8(char const*, int)
                0x0000000008050f3c                QImage::QImage(QString const&, char const*)
                0x0000000008050f4c                QString::operator==(QLatin1String const&) const
                0x0000000008050f5c                QImage::width() const
                0x0000000008050f6c                QAbstractItemModel::setItemData(QModelIndex const&, QMap<int, QVariant> const&)
                0x0000000008050f7c                Event::GetEventId() const
                0x0000000008050f8c                QHashData::free_helper(void (*)(QHashData::Node*))
                0x0000000008050f9c                QTimer::QTimer(QObject*)
                0x0000000008050fac                QAbstractItemModel::mimeData(QList<QModelIndex> const&) const
                0x0000000008050fbc                QKeyEvent::QKeyEvent(QEvent::Type, int, QFlags<Qt::KeyboardModifier>, QString const&, bool, unsigned short)
                0x0000000008050fcc                tcflush@@GLIBC_2.0
                0x0000000008050fdc                QTime::hour() const
                0x0000000008050fec                QDBusAbstractInterface::qt_metacall(QMetaObject::Call, int, void**)
                0x0000000008050ffc                QThread::qt_metacall(QMetaObject::Call, int, void**)
                0x000000000805100c                QAbstractItemModel::buddy(QModelIndex const&) const
                0x000000000805101c                QDBusConnection::registerService(QString const&)
                0x000000000805102c                qt_qFindChild_helper(QObject const*, QString const&, QMetaObject const&)
                0x000000000805103c                QProcess::QProcess(QObject*)
                0x000000000805104c                QSharedMemory::QSharedMemory(QObject*)
                0x000000000805105c                operator>>(QDataStream&, QByteArray&)
                0x000000000805106c                QSettings::~QSettings()
                0x000000000805107c                strtol@@GLIBC_2.0
                0x000000000805108c                QMetaType::registerType(char const*, void (*)(void*), void* (*)(void const*))
                0x000000000805109c                QDBusPendingReplyData::assign(QDBusPendingCall const&)
                0x00000000080510ac                QString::toUShort(bool*, int) const
                0x00000000080510bc                QCoreApplication::postEvent(QObject*, QEvent*)
                0x00000000080510cc                QAbstractItemModel::beginRemoveRows(QModelIndex const&, int, int)
                0x00000000080510dc                QCoreApplication::installTranslator(QTranslator*)
                0x00000000080510ec                QString::toUInt(bool*, int) const
                0x00000000080510fc                CLogUtil::~CLogUtil()
                0x000000000805110c                QListData::detach(int)
                0x000000000805111c                QApplication::setGraphicsSystem(QString const&)
                0x000000000805112c                QTextStream::operator<<(int)
                0x000000000805113c                QAbstractItemModel::setHeaderData(int, Qt::Orientation, QVariant const&, int)
                0x000000000805114c                QFile::remove()
                0x000000000805115c                __cxa_atexit@@GLIBC_2.1.3
                0x000000000805116c                free@@GLIBC_2.0
                0x000000000805117c                QDataStream::~QDataStream()
                0x000000000805118c                QFileInfo::fileName() const
                0x000000000805119c                QVariant::QVariant(char const*)
                0x00000000080511ac                QObject::qt_metacast(char const*)
                0x00000000080511bc                QRPMClient::RPMClientAudioBeepPlay(EAudioBeepType)
                0x00000000080511cc                QString::toUtf8() const
                0x00000000080511dc                QString::QString(QChar const*)
                0x00000000080511ec                QDateTime::QDateTime()
                0x00000000080511fc                QString::resize(int)
                0x000000000805120c                QByteArray::QByteArray(char const*, int)
                0x000000000805121c                endl(QTextStream&)
                0x000000000805122c                QSortFilterProxyModel::rowCount(QModelIndex const&) const
                0x000000000805123c                QTextStream::QTextStream(QIODevice*)
                0x000000000805124c                QFile::exists(QString const&)
                0x000000000805125c                QAbstractItemModel::canFetchMore(QModelIndex const&) const
                0x000000000805126c                QProcess::~QProcess()
                0x000000000805127c                QFile::exists() const
                0x000000000805128c                QGLFormat::defaultFormat()
                0x000000000805129c                QVectorData::grow(int, int, int, bool)
                0x00000000080512ac                AppEngineQML::HandleEventRear(Event&)
                0x00000000080512bc                QAbstractItemModel::removeColumns(int, int, QModelIndex const&)
                0x00000000080512cc                QTextStream::operator<<(char const*)
                0x00000000080512dc                QTextStream::operator<<(unsigned int)
                0x00000000080512ec                QDir::mkdir(QString const&) const
                0x00000000080512fc                QAbstractItemModel::itemData(QModelIndex const&) const
                0x000000000805130c                QtPrivate::QStringList_contains(QStringList const*, QString const&, Qt::CaseSensitivity)
                0x000000000805131c                read@@GLIBC_2.0
                0x000000000805132c                QByteArray::append(QByteArray const&)
                0x000000000805133c                QDir::exists() const
                0x000000000805134c                QApplication::exec()
                0x000000000805135c                QSortFilterProxyModel::setSortLocaleAware(bool)
                0x000000000805136c                Event::~Event()
                0x000000000805137c                QDBusPendingReplyData::setMetaTypes(int, int const*)
                0x000000000805138c                QTimer::singleShot(int, QObject*, char const*)
                0x000000000805139c                QMetaObject::activate(QObject*, QMetaObject const*, int, void**)
                0x00000000080513ac                QDateTime::toString(Qt::DateFormat) const
                0x00000000080513bc                Event::Event(Event const&)
                0x00000000080513cc                AppEngineBase::eventFilter(QObject*, QEvent*)
                0x00000000080513dc                QObject::eventFilter(QObject*, QEvent*)
                0x00000000080513ec                QDateTime::currentDateTime()
                0x00000000080513fc                QThread::currentThreadId()
                0x000000000805140c                QThread::QThread(QObject*)
                0x000000000805141c                QSettings::beginGroup(QString const&)
                0x000000000805142c                __cxa_pure_virtual@@CXXABI_1.3
                0x000000000805143c                QString::number(unsigned int, int)
                0x000000000805144c                QTimer::~QTimer()
                0x000000000805145c                QVariant::QVariant(int)
                0x000000000805146c                QHashData::detach_helper2(void (*)(QHashData::Node*, void*), void (*)(QHashData::Node*), int, int)
                0x000000000805147c                QAbstractListModel::QAbstractListModel(QObject*)
                0x000000000805148c                QMutex::lock()
                0x000000000805149c                QString::arg(unsigned long long, int, int, QChar const&) const
                0x00000000080514ac                OSDWriter::SendOSD(QString const&)
                0x00000000080514bc                QDir::setFilter(QFlags<QDir::Filter>)
                0x00000000080514cc                QUrl::~QUrl()
                0x00000000080514dc                QAbstractItemModel::flags(QModelIndex const&) const
                0x00000000080514ec                QSortFilterProxyModel::QSortFilterProxyModel(QObject*)
                0x00000000080514fc                QDBusMetaType::registerMarshallOperators(int, void (*)(QDBusArgument&, void const*), void (*)(QDBusArgument const&, void*))
                0x000000000805150c                QVectorData::free(QVectorData*, int)
                0x000000000805151c                QAbstractItemModel::headerData(int, Qt::Orientation, int) const
                0x000000000805152c                QAbstractItemModel::endInsertRows()
                0x000000000805153c                QDBusPendingReplyData::QDBusPendingReplyData()
                0x000000000805154c                QVariant::QVariant(QVariant const&)
                0x000000000805155c                malloc@@GLIBC_2.0
                0x000000000805156c                QDateTime::time() const
                0x000000000805157c                QDataStream::operator>>(short&)
                0x000000000805158c                QObject::event(QEvent*)
                0x000000000805159c                tcgetattr@@GLIBC_2.0
                0x00000000080515ac                QTime::toString(QString const&) const
                0x00000000080515bc                QCoreApplication::processEvents(QFlags<QEventLoop::ProcessEventsFlag>)
                0x00000000080515cc                QString::append(QString const&)
                0x00000000080515dc                AppEngineBase::NotifyUISH(Event&, DISPLAY_T)
                0x00000000080515ec                QListData::remove(int)
                0x00000000080515fc                QSortFilterProxyModel::setSourceModel(QAbstractItemModel*)
                0x000000000805160c                QListData::erase(void**)
                0x000000000805161c                QListData::append()
                0x000000000805162c                QVariant::QVariant(unsigned int)
                0x000000000805163c                QSharedMemory::data()
                0x000000000805164c                QDateTime::~QDateTime()
                0x000000000805165c                QMutex::unlock()
                0x000000000805166c                QSortFilterProxyModel::setDynamicSortFilter(bool)
                0x000000000805167c                QString::operator=(QString const&)
                0x000000000805168c                QAbstractListModel::parent(QModelIndex const&) const
                0x000000000805169c                QString::toLatin1() const
                0x00000000080516ac                QChar::QChar(char)
                0x00000000080516bc                AppEngineQML::qt_metacast(char const*)
                0x00000000080516cc                QDBusConnection::~QDBusConnection()
                0x00000000080516dc                QTime::QTime(int, int, int, int)
                0x00000000080516ec                QAbstractItemModel::submit()
                0x00000000080516fc                QMetaType::registerStreamOperators(int, void (*)(QDataStream&, void const*), void (*)(QDataStream&, void*))
                0x000000000805170c                QString::left(int) const
                0x000000000805171c                Event::GetCommand() const
                0x000000000805172c                QListData::move(int, int)
                0x000000000805173c                QVariant::toInt(bool*) const
                0x000000000805174c                QCoreApplication::flush()
                0x000000000805175c                QDeclarativeProperty::read(QObject*, QString const&)
                0x000000000805176c                QSharedMemory::~QSharedMemory()
                0x000000000805177c                QTime::toString(Qt::DateFormat) const
                0x000000000805178c                QDateTime::QDateTime(QDateTime const&)
                0x000000000805179c                QString::toAscii() const
                0x00000000080517ac                QTextStream::readLine(long long)
                0x00000000080517bc                QString::toLocal8Bit() const
                0x00000000080517cc                QDate::toString(Qt::DateFormat) const
                0x00000000080517dc                QAbstractItemModel::match(QModelIndex const&, int, QVariant const&, int, QFlags<Qt::MatchFlag>) const
                0x00000000080517ec                QDBusAbstractInterface::isValid() const
                0x00000000080517fc                write@@GLIBC_2.0
                0x000000000805180c                QString::free(QString::Data*)
                0x000000000805181c                QSettings::QSettings(QString const&, QSettings::Format, QObject*)
                0x000000000805182c                QDBusAbstractInterface::disconnectNotify(char const*)
                0x000000000805183c                QString::toInt(bool*, int) const
                0x000000000805184c                QByteArray::operator=(char const*)
                0x000000000805185c                QObject::disconnectNotify(char const*)
                0x000000000805186c                QDataStream::operator<<(short)
                0x000000000805187c                QCoreApplication::translate(char const*, char const*, char const*, QCoreApplication::Encoding)
                0x000000000805188c                QWidget::repaint()
                0x000000000805189c                QSettings::clear()
                0x00000000080518ac                QDateTime::setDate(QDate const&)
                0x00000000080518bc                QWidget::setAttribute(Qt::WidgetAttribute, bool)
                0x00000000080518cc                QAbstractItemModel::span(QModelIndex const&) const
                0x00000000080518dc                QImage::height() const
                0x00000000080518ec                QThread::start(QThread::Priority)
                0x00000000080518fc                QDir::QDir(QString const&)
                0x000000000805190c                QThread::~QThread()
                0x000000000805191c                QStandardItemModel::appendRow(QList<QStandardItem*> const&)
                0x000000000805192c                QDBusAbstractInterface::qt_metacast(char const*)
                0x000000000805193c                std::terminate()@@GLIBCXX_3.4
                0x000000000805194c                QString::arg(QString const&, int, QChar const&) const
                0x000000000805195c                QDataStream::QDataStream(QByteArray*, QFlags<QIODevice::OpenModeFlag>)
                0x000000000805196c                QObject::qt_metacall(QMetaObject::Call, int, void**)
                0x000000000805197c                QStandardItemModel::~QStandardItemModel()
                0x000000000805198c                QTimer::stop()
                0x000000000805199c                QTime::start()
                0x00000000080519ac                operator>>(QDBusArgument const&, Event&)
                0x00000000080519bc                QSharedMemory::unlock()
                0x00000000080519cc                Event::Data() const
                0x00000000080519dc                QHashData::rehash(int)
                0x00000000080519ec                QDeclarativeView::status() const
                0x00000000080519fc                QFileInfo::QFileInfo(QFileInfo const&)
                0x0000000008051a0c                QVariant::QVariant(int, void const*, unsigned int)
                0x0000000008051a1c                QSettings::setValue(QString const&, QVariant const&)
                0x0000000008051a2c                operator>>(QDataStream&, Event&)
                0x0000000008051a3c                QDBusPendingReplyData::~QDBusPendingReplyData()
                0x0000000008051a4c                QString::insert(int, QChar const*, int)
                0x0000000008051a5c                QAbstractListModel::columnCount(QModelIndex const&) const
                0x0000000008051a6c                QObject::sender() const
                0x0000000008051a7c                QDBusAbstractAdaptor::setAutoRelaySignals(bool)
                0x0000000008051a8c                QString::indexOf(QChar, int, Qt::CaseSensitivity) const
                0x0000000008051a9c                QString::fromLatin1_helper(char const*, int)
                0x0000000008051aac                __snprintf_chk@@GLIBC_2.3.4
                0x0000000008051abc                QByteArray::resize(int)
                0x0000000008051acc                Event::SetCommand(int)
                0x0000000008051adc                QHostAddress::operator=(QHostAddress const&)
                0x0000000008051aec                Event::Event(int, APP_ID_T, APP_ID_T, int, QByteArray const&)
                0x0000000008051afc                QVectorData::allocate(int, int)
                0x0000000008051b0c                QDataStream::setDevice(QIODevice*)
                0x0000000008051b1c                QListData::insert(int)
                0x0000000008051b2c                QCoreApplication::applicationName()
                0x0000000008051b3c                QAbstractItemModel::sort(int, Qt::SortOrder)
 *(.iplt)
 .iplt          0x0000000000000000        0x0 /usr/lib/gcc/i586-meego-linux/4.7.2/../../../crt1.o

.text           0x0000000008051b50    0xdfe14
 *(.text.unlikely .text.*_unlikely)
 *(.text .stub .text.* .gnu.linkonce.t.*)
 .text          0x0000000008051b50       0x24 /usr/lib/gcc/i586-meego-linux/4.7.2/../../../crt1.o
                0x0000000008051b50                _start
 .text          0x0000000008051b74        0x0 /usr/lib/gcc/i586-meego-linux/4.7.2/../../../crti.o
 .text.__x86.get_pc_thunk.bx
                0x0000000008051b74        0x4 /usr/lib/gcc/i586-meego-linux/4.7.2/../../../crti.o
                0x0000000008051b74                __x86.get_pc_thunk.bx
 *fill*         0x0000000008051b78        0x8 90909090
 .text          0x0000000008051b80       0xfd /usr/lib/gcc/i586-meego-linux/4.7.2/crtbegin.o
 *fill*         0x0000000008051c7d        0x3 90909090
 .text          0x0000000008051c80      0x38b main.o
                0x0000000008051cf0                DeleteArgv(char**)
                0x0000000008051d30                CopyArgv(int, char**)
                0x0000000008051dc0                getLanguageId(int, char**)
                0x0000000008051ec0                setTranslationRes(LANGUAGE_T)
                0x0000000008051ee0                removeLogFile()
 *fill*         0x000000000805200b        0x5 90909090
 .text._Z21qMetaTypeDeleteHelperI5EventEvPT_
                0x0000000008052010       0x1a main.o
                0x0000000008052010                void qMetaTypeDeleteHelper<Event>(Event*)
 *fill*         0x000000000805202a        0x6 90909090
 .text._ZN7QStringD2Ev
                0x0000000008052030       0x23 main.o
                0x0000000008052030                QString::~QString()
                0x0000000008052030                QString::~QString()
 *fill*         0x0000000008052053        0xd 90909090
 .text._Z24qMetaTypeConstructHelperI5EventEPvPKT_
                0x0000000008052060       0x6f main.o
                0x0000000008052060                void* qMetaTypeConstructHelper<Event>(Event const*)
 *fill*         0x00000000080520cf        0x1 90909090
 .text._Z19qMetaTypeLoadHelperI5EventEvR11QDataStreamPT_
                0x00000000080520d0        0x9 main.o
                0x00000000080520d0                void qMetaTypeLoadHelper<Event>(QDataStream&, Event*)
 *fill*         0x00000000080520d9        0x7 90909090
 .text._Z19qMetaTypeSaveHelperI5EventEvR11QDataStreamPKT_
                0x00000000080520e0        0x9 main.o
                0x00000000080520e0                void qMetaTypeSaveHelper<Event>(QDataStream&, Event const*)
 *fill*         0x00000000080520e9        0x7 90909090
 .text._Z21qDBusDemarshallHelperI5EventEvRK13QDBusArgumentPT_
                0x00000000080520f0        0x9 main.o
                0x00000000080520f0                void qDBusDemarshallHelper<Event>(QDBusArgument const&, Event*)
 *fill*         0x00000000080520f9        0x7 90909090
 .text._Z19qDBusMarshallHelperI5EventEvR13QDBusArgumentPKT_
                0x0000000008052100        0x9 main.o
                0x0000000008052100                void qDBusMarshallHelper<Event>(QDBusArgument&, Event const*)
 *fill*         0x0000000008052109        0x7 90909090
 .text._ZN7QStringC2EPKc
                0x0000000008052110       0x21 main.o
                0x0000000008052110                QString::QString(char const*)
                0x0000000008052110                QString::QString(char const*)
 *fill*         0x0000000008052131        0xf 90909090
 .text._ZN18__stVARIANT_STRINGD2Ev
                0x0000000008052140       0x71 main.o
                0x0000000008052140                __stVARIANT_STRING::~__stVARIANT_STRING()
                0x0000000008052140                __stVARIANT_STRING::~__stVARIANT_STRING()
 *fill*         0x00000000080521b1        0xf 90909090
 .text._ZN11QMetaTypeIdI5EventE14qt_metatype_idEv
                0x00000000080521c0       0x3f main.o
                0x00000000080521c0                QMetaTypeId<Event>::qt_metatype_id()
 *fill*         0x00000000080521ff        0x1 90909090
 .text.startup  0x0000000008052200      0x9f7 main.o
                0x0000000008052200                main
 *fill*         0x0000000008052bf7        0x9 90909090
 .text          0x0000000008052c00     0xeef2 DABController.o
                0x0000000008052c70                DABController::~DABController()
                0x0000000008052c70                DABController::~DABController()
                0x0000000008052eb0                DABController::~DABController()
                0x0000000008052ee0                DABController::init()
                0x00000000080531b0                DABController::createConnection()
                0x00000000080535a0                DABController::DABController(QObject*)
                0x00000000080535a0                DABController::DABController(QObject*)
                0x0000000008053c60                DABController::getUIListener()
                0x0000000008053d00                DABController::getControllerLink()
                0x0000000008053da0                DABController::start()
                0x0000000008053fd0                DABController::onChangeDABtoFM()
                0x00000000080540f0                DABController::SendChangeServiceMiddle(int, int, int, int, int, QString, QString, eEVT_SEND_CHANGE_SERVICE_EVENT)
                0x0000000008054b10                DABController::SendChangeServiceHigh(int, int, eEVT_SEND_CHANGE_SERVICE_EVENT)
                0x0000000008055080                DABController::StartScanTimer(unsigned char)
                0x0000000008055320                DABController::StopScanTimer()
                0x0000000008055550                DABController::StartWeakSignalTimer()
                0x0000000008055820                DABController::StopWeakSignalTimer()
                0x0000000008055ac0                DABController::WeakTimeOut()
                0x0000000008056e90                DABController::StartTASearchTimer()
                0x0000000008057160                DABController::StopTASearchTimer()
                0x0000000008057390                DABController::ReqSetSelectService()
                0x0000000008057c00                DABController::ScanTimeOut()
                0x0000000008058660                DABController::onTASearchTimeOut()
                0x0000000008058a00                DABController::StartBroadcastingTimer()
                0x0000000008058a30                DABController::StopBroadcastingTimer()
                0x0000000008058a60                DABController::onBroadcastingTimeTick()
                0x0000000008059570                DABController::StartDeactiveFMLinkingTimer()
                0x0000000008059850                DABController::StopDeactiveFMLinkingTimer()
                0x0000000008059af0                DABController::StartDeactiveTATimer()
                0x0000000008059dc0                DABController::StopDeactiveTATimer()
                0x000000000805a060                DABController::sendChannelItem(unsigned int, unsigned short, unsigned char, QString, unsigned char, unsigned int, unsigned char, unsigned char, unsigned short, unsigned char, unsigned char, unsigned char, unsigned char, QString, _stASU_INFO, _stPICODE_INFO, unsigned char, unsigned short)
                0x000000000805a950                DABController::changeFMtoDAB()
                0x000000000805aea0                DABController::onAddEPGReservation(QDateTime, QString, int, QString, QString, int, int, int, int)
                0x000000000805ca10                DABController::onAddRemoveEPGReservation(QDateTime, QString, int, QString, QString, int, int, int, int)
                0x000000000805e180                DABController::onCheckExistServiceID(QDateTime, int, int, int, int)
                0x000000000805e3f0                DABController::onCancelEPGReservation(bool)
                0x000000000805e8a0                DABController::onAudioInfo(unsigned char, unsigned char, unsigned char)
                0x000000000805e8c0                DABController::onRspTPEGData(QByteArray const&)
                0x000000000805e8f0                DABController::initPICodeValue()
                0x000000000805e930                DABController::SendChangeServiceLow(int, int, int, int, int, int, QString, QString, eEVT_SEND_CHANGE_SERVICE_EVENT)
                0x000000000805ef10                DABController::EvtSendChangeService(int, int, int, int, int, int, QString, QString, eEVT_SEND_CHANGE_SERVICE_EVENT)
                0x000000000805f700                DABController::onDeactivateTA()
                0x000000000805fb30                DABController::onDeactivateFMLinking()
                0x000000000805fb90                DABController::sendServLinkCERValue(unsigned int, unsigned int, unsigned int, unsigned int, unsigned int, unsigned int, unsigned int, unsigned int)
                0x0000000008060110                DABController::sendtSigStatusCERValue(unsigned char, unsigned int, unsigned int, unsigned int, unsigned int, unsigned int, unsigned int)
                0x0000000008060690                DABController::sendPinknoiseCERValue(unsigned char, unsigned char, unsigned int, unsigned int, unsigned int, unsigned int)
                0x0000000008060b90                DABController::debugSetDLSTimeout(int)
                0x0000000008060e20                DABController::debugSetSLSTimeout(int)
                0x00000000080610b0                DABController::seekDownFromStationList()
                0x00000000080612f0                DABController::seekUpFromStationList()
                0x0000000008061530                DABController::debugRequestDABtoDAB(QString)
                0x0000000008061860                DABController::updateStationListPlayIndex()
 *fill*         0x0000000008061af2        0xe 90909090
 .text._ZN10QByteArrayD2Ev
                0x0000000008061b00       0x23 DABController.o
                0x0000000008061b00                QByteArray::~QByteArray()
                0x0000000008061b00                QByteArray::~QByteArray()
 *fill*         0x0000000008061b23        0xd 90909090
 .text._ZN9DABLogger8instanceEv
                0x0000000008061b30      0x19a DABController.o
                0x0000000008061b30                DABLogger::instance()
 *fill*         0x0000000008061cca        0x6 90909090
 .text.startup  0x0000000008061cd0      0x2f7 DABController.o
 *fill*         0x0000000008061fc7        0x9 90909090
 .text          0x0000000008061fd0     0xe136 DABUIListener.o
                0x0000000008062040                DABUIListener::getChannelManager()
                0x0000000008062050                DABUIListener::initEPG()
                0x0000000008062260                DABUIListener::InitializeData(QObject*)
                0x00000000080627b0                DABUIListener::setPresetIndex(int)
                0x00000000080627d0                DABUIListener::setChannelLogo(QString)
                0x0000000008062a90                DABUIListener::setCurrentChannelInfo(DABChannelItem*, bool)
                0x0000000008063270                DABUIListener::setChangeFrequencyID(int)
                0x0000000008063500                DABUIListener::setPtyName(unsigned char)
                0x0000000008063520                DABUIListener::initDLS(bool)
                0x00000000080638f0                DABUIListener::PrepareCurrentChannelInfo()
                0x0000000008063d60                DABUIListener::initDLS()
                0x0000000008063fc0                DABUIListener::initDLPlus()
                0x00000000080640a0                DABUIListener::setSLS(QString)
                0x0000000008064190                DABUIListener::removeDLSSLSData()
                0x0000000008064210                DABUIListener::onAddEPGItem(unsigned int, unsigned int, int, int, int, int, QString, QString)
                0x00000000080647e0                DABUIListener::showEPG()
                0x00000000080647f0                DABUIListener::onSortingCurrentChannelEPGData(unsigned int)
                0x00000000080656e0                DABUIListener::removeCurrentEPG(unsigned int, unsigned int)
                0x0000000008065910                DABUIListener::initVRAdaptor()
                0x0000000008065940                DABUIListener::saveChannelInfo()
                0x00000000080659b0                DABUIListener::saveSettingToFile(QString)
                0x0000000008065d80                DABUIListener::saveSettingInfo()
                0x0000000008065fe0                DABUIListener::saveData(bool)
                0x0000000008066610                DABUIListener::setCurrentChannelInfoFromChannelList(int)
                0x00000000080666d0                DABUIListener::setViewChanneltoCurrentChannel()
                0x0000000008066aa0                DABUIListener::setCurrentChannelInfoFromStationlList(int, QString)
                0x0000000008067530                DABUIListener::setCurrentChannelInfoFromServiceID(unsigned int)
                0x00000000080679f0                DABUIListener::announcementScreenOn(bool, int, QString)
                0x0000000008067e50                DABUIListener::isCurrentDate(QDateTime)
                0x00000000080681f0                DABUIListener::setServiceStatus(QString)
                0x0000000008068480                DABUIListener::onEvtApperPreservedPopup(QString, QString)
                0x0000000008068530                DABUIListener::onReqUpdatePresetList(int, int)
                0x0000000008068b60                DABUIListener::modeChange(bool)
                0x00000000080692c0                DABUIListener::changeReservationChannel()
                0x0000000008069af0                DABUIListener::onLanguageChange(int)
                0x0000000008069d10                DABUIListener::setFMtoDABIntervalCount(int)
                0x0000000008069d50                DABUIListener::debugSetAnnounceDelayTime(int)
                0x0000000008069f90                DABUIListener::debugSetAnnounceTimeout(int)
                0x000000000806a1d0                DABUIListener::debugSetAnnounceWeakTimeout(int)
                0x000000000806a3f0                DABUIListener::debugSetServiceLinkMuteTimeout(int)
                0x000000000806a610                DABUIListener::debugSetSeekTimeout(int)
                0x000000000806a830                DABUIListener::loadSettingFromFile(QString)
                0x000000000806b290                DABUIListener::loadData()
                0x000000000806bf60                DABUIListener::onSortingEPGData(unsigned int, unsigned int)
                0x000000000806cec0                DABUIListener::getEPGDataList(QDateTime, QString, QString)
                0x000000000806ec00                DABUIListener::getCurrentServiceEPGList(QDateTime)
                0x000000000806f6f0                DABUIListener::~DABUIListener()
                0x000000000806f6f0                DABUIListener::~DABUIListener()
                0x000000000806fc90                DABUIListener::~DABUIListener()
                0x000000000806fcc0                DABUIListener::DABUIListener(DABController&, QObject*)
                0x000000000806fcc0                DABUIListener::DABUIListener(DABController&, QObject*)
 *fill*         0x0000000008070106        0xa 90909090
 .text._ZN5QListI7QStringED2Ev
                0x0000000008070110       0x89 DABUIListener.o
                0x0000000008070110                QList<QString>::~QList()
                0x0000000008070110                QList<QString>::~QList()
 *fill*         0x0000000008070199        0x7 90909090
 .text._ZN5QListIP10DABEPGItemE13detach_helperEv
                0x00000000080701a0       0x8c DABUIListener.o
                0x00000000080701a0                QList<DABEPGItem*>::detach_helper()
 *fill*         0x000000000807022c        0x4 90909090
 .text._ZN12DABVRAdaptorD2Ev
                0x0000000008070230       0x45 DABUIListener.o
                0x0000000008070230                DABVRAdaptor::~DABVRAdaptor()
                0x0000000008070230                DABVRAdaptor::~DABVRAdaptor()
 *fill*         0x0000000008070275        0xb 90909090
 .text._ZN12DABVRAdaptorD0Ev
                0x0000000008070280       0x4d DABUIListener.o
                0x0000000008070280                DABVRAdaptor::~DABVRAdaptor()
 *fill*         0x00000000080702cd        0x3 90909090
 .text.startup  0x00000000080702d0      0x2f7 DABUIListener.o
 *fill*         0x00000000080705c7        0x9 90909090
 .text          0x00000000080705d0     0xb77f DABChannelItem.o
                0x0000000008070690                DABChannelItem::DABChannelItem(_stRSP_GET_ENSEMBLE_LIST*, _stRSP_GET_SERVICE_LIST*, QObject*)
                0x0000000008070690                DABChannelItem::DABChannelItem(_stRSP_GET_ENSEMBLE_LIST*, _stRSP_GET_SERVICE_LIST*, QObject*)
                0x0000000008070b10                DABChannelItem::DABChannelItem(DABChannelItem*, QObject*)
                0x0000000008070b10                DABChannelItem::DABChannelItem(DABChannelItem*, QObject*)
                0x0000000008070f00                DABChannelItem::data(int) const
                0x00000000080711f0                DABChannelItem::setASUInfo(_stASU_INFO*)
                0x00000000080712c0                DABChannelItem::setPICodeInfo(_stPICODE_INFO*)
                0x00000000080713a0                DABChannelItem::setSupplementary(DABChannelItem::ASUInfo, DABChannelItem::PICodeInfo)
                0x0000000008071510                DABChannelItem::setLinkingInfo(DABEPGReservationItem*)
                0x0000000008071740                DABChannelItem::clearLiningInfo()
                0x0000000008071820                DABChannelItem::operator=(DABChannelItem&)
                0x0000000008071a30                DABChannelItem::washOffData()
                0x0000000008071cd0                DABChannelItem::DABChannelItem(QObject*)
                0x0000000008071cd0                DABChannelItem::DABChannelItem(QObject*)
                0x0000000008071d90                DABChannelItem::saveData(QTextStream&)
                0x0000000008072ea0                DABChannelItem::roleNames() const
                0x0000000008074be0                DABChannelItem::loadData(QTextStream&)
 *fill*         0x000000000807bd4f        0x1 90909090
 .text._ZN5QHashIi10QByteArrayE13duplicateNodeEPN9QHashData4NodeEPv
                0x000000000807bd50       0x1c DABChannelItem.o
                0x000000000807bd50                QHash<int, QByteArray>::duplicateNode(QHashData::Node*, void*)
 *fill*         0x000000000807bd6c        0x4 90909090
 .text._ZN5QHashIi10QByteArrayE11deleteNode2EPN9QHashData4NodeE
                0x000000000807bd70       0x24 DABChannelItem.o
                0x000000000807bd70                QHash<int, QByteArray>::deleteNode2(QHashData::Node*)
 *fill*         0x000000000807bd94        0xc 90909090
 .text._ZplPKcRK10QByteArray
                0x000000000807bda0       0x6d DABChannelItem.o
                0x000000000807bda0                operator+(char const*, QByteArray const&)
 *fill*         0x000000000807be0d        0x3 90909090
 .text._ZN7QStringC2ERK10QByteArray
                0x000000000807be10       0x52 DABChannelItem.o
                0x000000000807be10                QString::QString(QByteArray const&)
                0x000000000807be10                QString::QString(QByteArray const&)
 *fill*         0x000000000807be62        0xe 90909090
 .text._ZN5QHashIi10QByteArrayED2Ev
                0x000000000807be70       0x34 DABChannelItem.o
                0x000000000807be70                QHash<int, QByteArray>::~QHash()
                0x000000000807be70                QHash<int, QByteArray>::~QHash()
 *fill*         0x000000000807bea4        0xc 90909090
 .text._ZNK5QHashIi10QByteArrayE5valueERKi
                0x000000000807beb0       0x6d DABChannelItem.o
                0x000000000807beb0                QHash<int, QByteArray>::value(int const&) const
 *fill*         0x000000000807bf1d        0x3 90909090
 .text.startup  0x000000000807bf20      0x2f7 DABChannelItem.o
 *fill*         0x000000000807c217        0x9 90909090
 .text          0x000000000807c220     0x126c DABEPGItem.o
                0x000000000807c270                DABEPGItem::roleNames() const
                0x000000000807ca60                DABEPGItem::data(int) const
                0x000000000807cbc0                DABEPGItem::setTime(int, int, int, int)
                0x000000000807cc40                DABEPGItem::DABEPGItem(DABEPGItem*, QObject*)
                0x000000000807cc40                DABEPGItem::DABEPGItem(DABEPGItem*, QObject*)
                0x000000000807cda0                DABEPGItem::operator=(DABEPGItem&)
                0x000000000807d130                DABEPGItem::washOffData()
                0x000000000807d280                DABEPGItem::DABEPGItem(QObject*)
                0x000000000807d280                DABEPGItem::DABEPGItem(QObject*)
                0x000000000807d320                DABEPGItem::saveData(_stEVT_EPG_SAVE_ITEM*)
 *fill*         0x000000000807d48c        0x4 90909090
 .text._ZN6QDebugD2Ev
                0x000000000807d490      0x108 DABEPGItem.o
                0x000000000807d490                QDebug::~QDebug()
                0x000000000807d490                QDebug::~QDebug()
 *fill*         0x000000000807d598        0x8 90909090
 .text          0x000000000807d5a0     0x1243 ListModel.o
                0x000000000807d5a0                ListModel::rowCount(QModelIndex const&) const
                0x000000000807d5c0                ListModel::data(QModelIndex const&, int) const
                0x000000000807d640                ListModel::indexFromItem(ListItem const*) const
                0x000000000807d700                ListModel::handleItemChange()
                0x000000000807d760                ListModel::dataItem(int) const
                0x000000000807d780                ListModel::ListModel(ListItem*, QObject*)
                0x000000000807d780                ListModel::ListModel(ListItem*, QObject*)
                0x000000000807d850                ListModel::insertRow(int, ListItem*)
                0x000000000807d920                ListModel::removeRows(int, int, QModelIndex const&)
                0x000000000807da10                ListModel::clear()
                0x000000000807dae0                ListModel::~ListModel()
                0x000000000807dae0                ListModel::~ListModel()
                0x000000000807db50                ListModel::~ListModel()
                0x000000000807db80                ListModel::removeRow(int, QModelIndex const&)
                0x000000000807dc40                ListModel::removeAllRows(QModelIndex const&)
                0x000000000807dcb0                ListModel::findIndex(unsigned int, unsigned int, QString const&)
                0x000000000807ddf0                ListModel::findIndexOnlyPreset(unsigned int, QString)
                0x000000000807df20                ListModel::findItem(unsigned int, QString const&) const
                0x000000000807e030                ListModel::findItem(unsigned int, unsigned int, QString const&) const
                0x000000000807e160                ListModel::find(QString const&) const
                0x000000000807e260                ListModel::appendRows(QList<ListItem*> const&)
                0x000000000807e3e0                ListModel::appendRow(ListItem*)
                0x000000000807e450                ListModel::findIndex(QString const&)
                0x000000000807e560                ListModel::findIndex(unsigned short)
                0x000000000807e630                ListModel::findIndex(unsigned int, QString const&)
                0x000000000807e750                ListModel::takeRow(int)
 *fill*         0x000000000807e7e3        0xd 90909090
 .text._ZN5QListIP8ListItemED2Ev
                0x000000000807e7f0       0x23 ListModel.o
                0x000000000807e7f0                QList<ListItem*>::~QList()
                0x000000000807e7f0                QList<ListItem*>::~QList()
 *fill*         0x000000000807e813        0xd 90909090
 .text._ZN5QListIP8ListItemE18detach_helper_growEii
                0x000000000807e820       0xee ListModel.o
                0x000000000807e820                QList<ListItem*>::detach_helper_grow(int, int)
 *fill*         0x000000000807e90e        0x2 90909090
 .text._ZN5QListIP8ListItemE6appendERKS1_
                0x000000000807e910       0x59 ListModel.o
                0x000000000807e910                QList<ListItem*>::append(ListItem* const&)
 *fill*         0x000000000807e969        0x7 90909090
 .text._ZN5QListIP8ListItemE13detach_helperEv
                0x000000000807e970       0x8c ListModel.o
                0x000000000807e970                QList<ListItem*>::detach_helper()
 *fill*         0x000000000807e9fc        0x4 90909090
 .text          0x000000000807ea00     0xda9c DABCommManager.o
                0x000000000807ea70                DABCommManager::DABCommManager(DABController&, QObject*)
                0x000000000807ea70                DABCommManager::DABCommManager(DABController&, QObject*)
                0x000000000807f7d0                DABCommManager::~DABCommManager()
                0x000000000807f7d0                DABCommManager::~DABCommManager()
                0x000000000807f890                DABCommManager::~DABCommManager()
                0x000000000807f8c0                DABCommManager::restartUART()
                0x000000000807fcb0                DABCommManager::startComm()
                0x00000000080800f0                DABCommManager::stopComm()
                0x0000000008080520                DABCommManager::onUpdateOutputText()
                0x0000000008080860                DABCommManager::onProcessFinished(int, QProcess::ExitStatus)
                0x0000000008080e30                DABCommManager::onProcessError(QProcess::ProcessError)
                0x0000000008081050                DABCommManager::onProcessCommand(unsigned char, unsigned char, QByteArray, int)
                0x00000000080810e0                DABCommManager::RspSetAnnounceDelay(unsigned char*, int)
                0x0000000008081300                DABCommManager::RspSetAnnounceTimeout(unsigned char*, int)
                0x0000000008081520                DABCommManager::RspSetServLinkTimeout(unsigned char*, int)
                0x0000000008081740                DABCommManager::RspSetAnnouncementWeakTimeout(unsigned char*, int)
                0x0000000008081960                DABCommManager::EvtSendModuleStatus(unsigned char, unsigned char)
                0x0000000008081980                DABCommManager::EvtSendTime(unsigned char*, int)
                0x0000000008081be0                DABCommManager::EvtSendQOS(unsigned char*, int)
                0x0000000008081e40                DABCommManager::EvtUpdateDLS(unsigned char*, int)
                0x0000000008081e60                DABCommManager::EvtUpdateSLS(unsigned char*, int)
                0x0000000008081e70                DABCommManager::EvtUpdateEPG(unsigned char*, int)
                0x0000000008081e80                DABCommManager::EvtSendAutoScanInfo(unsigned char*, int)
                0x00000000080820c0                DABCommManager::EvtSendSignalInfo(unsigned char*, int)
                0x00000000080822f0                DABCommManager::EvtServiceFollowingState(unsigned char*, int)
                0x0000000008082510                DABCommManager::EvtSendCountryInfo(unsigned char*, int)
                0x0000000008082730                DABCommManager::EvtSendPinkStatus(unsigned char*, int)
                0x0000000008082960                DABCommManager::EvtSendUserAppType(unsigned char*, int)
                0x0000000008082b80                DABCommManager::EvtSendAnnouncementTAInvalid(unsigned char*, int)
                0x0000000008083090                DABCommManager::setSLS(unsigned char*, int, int)
                0x0000000008083ce0                DABCommManager::EvtSPIUpdateSLS(unsigned char*, int, int, unsigned char, int)