Archive member included because of file (symbol)

/usr/lib/libc_nonshared.a(elf-init.oS)
                              /usr/lib/gcc/i586-meego-linux/4.7.2/../../../crt1.o (__libc_csu_init)

Discarded input sections

 .note.GNU-stack
                0x0000000000000000        0x0 /usr/lib/gcc/i586-meego-linux/4.7.2/../../../crt1.o
 .group         0x0000000000000000        0x8 /usr/lib/gcc/i586-meego-linux/4.7.2/../../../crti.o
 .note.GNU-stack
                0x0000000000000000        0x0 /usr/lib/gcc/i586-meego-linux/4.7.2/../../../crti.o
 .note.GNU-stack
                0x0000000000000000        0x0 /usr/lib/gcc/i586-meego-linux/4.7.2/crtbegin.o
 .group         0x0000000000000000        0x8 main.o
 _ZN7QStringD5Ev
                0x0000000000000000        0x8 main.o
 .group         0x0000000000000000        0x8 main.o
 .group         0x0000000000000000        0x8 main.o
 .group         0x0000000000000000        0x8 main.o
 .group         0x0000000000000000        0x8 main.o
 .group         0x0000000000000000        0x8 main.o
 _ZN10QByteArrayD5Ev
                0x0000000000000000        0x8 main.o
 _ZN7QStringC5EPKc
                0x0000000000000000        0x8 main.o
 _ZN18__stVARIANT_STRINGD5Ev
                0x0000000000000000        0x8 main.o
 .group         0x0000000000000000        0x8 main.o
 _ZN5QListI7QStringED5Ev
                0x0000000000000000        0x8 main.o
 .group         0x0000000000000000        0x8 main.o
 .group         0x0000000000000000        0x8 main.o
 .group         0x0000000000000000        0x8 main.o
 .note.GNU-stack
                0x0000000000000000        0x0 main.o
 _ZN7QStringD5Ev
                0x0000000000000000        0x8 RadioAppEngine.o
 _ZN10QByteArrayD5Ev
                0x0000000000000000        0x8 RadioAppEngine.o
 _ZN7QStringC5EPKc
                0x0000000000000000        0x8 RadioAppEngine.o
 .group         0x0000000000000000        0x8 RadioAppEngine.o
 .group         0x0000000000000000        0x8 RadioAppEngine.o
 _ZN18__stVARIANT_STRINGD5Ev
                0x0000000000000000        0x8 RadioAppEngine.o
 .group         0x0000000000000000        0x8 RadioAppEngine.o
 _ZN6QStackI7QStringED5Ev
                0x0000000000000000        0x8 RadioAppEngine.o
 .text._ZN7QStringD2Ev
                0x0000000000000000       0x23 RadioAppEngine.o
 .text._ZN10QByteArrayD2Ev
                0x0000000000000000       0x23 RadioAppEngine.o
 .text._ZN7QStringC2EPKc
                0x0000000000000000       0x21 RadioAppEngine.o
 .text._ZN18__stVARIANT_STRINGD2Ev
                0x0000000000000000       0x71 RadioAppEngine.o
 .note.GNU-stack
                0x0000000000000000        0x0 RadioAppEngine.o
 .note.GNU-stack
                0x0000000000000000        0x0 RadioConvertHelper.o
 _ZN7QStringD5Ev
                0x0000000000000000        0x8 RadioCommonVarHelper.o
 _ZN7QStringC5EPKc
                0x0000000000000000        0x8 RadioCommonVarHelper.o
 _ZN18__stVARIANT_STRINGD5Ev
                0x0000000000000000        0x8 RadioCommonVarHelper.o
 .text._ZN7QStringD2Ev
                0x0000000000000000       0x23 RadioCommonVarHelper.o
 .text._ZN7QStringC2EPKc
                0x0000000000000000       0x21 RadioCommonVarHelper.o
 .text._ZN18__stVARIANT_STRINGD2Ev
                0x0000000000000000       0x71 RadioCommonVarHelper.o
 .note.GNU-stack
                0x0000000000000000        0x0 RadioCommonVarHelper.o
 _ZN7QStringD5Ev
                0x0000000000000000        0x8 RadioSharedMemHelper.o
 _ZN7QStringC5EPKc
                0x0000000000000000        0x8 RadioSharedMemHelper.o
 _ZN18__stVARIANT_STRINGD5Ev
                0x0000000000000000        0x8 RadioSharedMemHelper.o
 .text._ZN7QStringD2Ev
                0x0000000000000000       0x23 RadioSharedMemHelper.o
 .text._ZN7QStringC2EPKc
                0x0000000000000000       0x21 RadioSharedMemHelper.o
 .text._ZN18__stVARIANT_STRINGD2Ev
                0x0000000000000000       0x71 RadioSharedMemHelper.o
 .note.GNU-stack
                0x0000000000000000        0x0 RadioSharedMemHelper.o
 _ZN7QStringD5Ev
                0x0000000000000000        0x8 RadioFileManagerHelper.o
 _ZN10QByteArrayD5Ev
                0x0000000000000000        0x8 RadioFileManagerHelper.o
 .group         0x0000000000000000        0x8 RadioFileManagerHelper.o
 _ZN7QStringC5EPKc
                0x0000000000000000        0x8 RadioFileManagerHelper.o
 _ZN7QStringC5ERK10QByteArray
                0x0000000000000000        0x8 RadioFileManagerHelper.o
 .group         0x0000000000000000        0x8 RadioFileManagerHelper.o
 .group         0x0000000000000000        0x8 RadioFileManagerHelper.o
 .group         0x0000000000000000        0x8 RadioFileManagerHelper.o
 .group         0x0000000000000000        0x8 RadioFileManagerHelper.o
 _ZN18__stVARIANT_STRINGD5Ev
                0x0000000000000000        0x8 RadioFileManagerHelper.o
 _ZN19storeLastInfoConfigD5Ev
                0x0000000000000000        0x8 RadioFileManagerHelper.o
[...]
Memory Configuration

Name             Origin             Length             Attributes
*default*        0x0000000000000000 0xffffffffffffffff

Linker script and memory map

LOAD /usr/lib/gcc/i586-meego-linux/4.7.2/../../../crt1.o
LOAD /usr/lib/gcc/i586-meego-linux/4.7.2/../../../crti.o
LOAD /usr/lib/gcc/i586-meego-linux/4.7.2/crtbegin.o
LOAD main.o
LOAD RadioAppEngine.o
LOAD RadioConvertHelper.o
LOAD RadioCommonVarHelper.o
LOAD RadioSharedMemHelper.o
LOAD RadioFileManagerHelper.o
LOAD RadioQmlController.o
LOAD RadioDataController.o
LOAD RadioConnectionManager.o
LOAD RadioPresetItem.o
LOAD ListModel.o
LOAD ProxyModel.o
LOAD RadioStationTable.o
LOAD EngModeIf.o
LOAD HDRadioDataController.o
LOAD HDRadioConnectionManager.o
LOAD HDRadioQmlController.o
LOAD FMRadioQmlController.o
LOAD FMRadioDataController.o
LOAD RDSRadioConnectionManager.o
LOAD RDSRadioDataController.o
LOAD RDSRadioQmlController.o
LOAD RDSStationItem.o
LOAD GenericRadioQmlController.o
LOAD GenericRadioDataController.o
LOAD RDSRadioStationTable.o
LOAD RDSRadioPTYTable.o
LOAD HDRadioPTYTable.o
LOAD DABRdsIf.o
LOAD moc_RadioAppEngine.o
LOAD moc_RadioConvertHelper.o
LOAD moc_RadioCommonVarHelper.o
LOAD moc_RadioSharedMemHelper.o
LOAD moc_RadioFileManagerHelper.o
LOAD moc_RadioQmlController.o
LOAD moc_RadioDataController.o
LOAD moc_RadioConnectionManager.o
LOAD moc_RadioPresetItem.o
LOAD moc_ListModel.o
LOAD moc_RadioStationTable.o
LOAD moc_EngModeIf.o
LOAD moc_HDRadioDataController.o
LOAD moc_HDRadioConnectionManager.o
LOAD moc_HDRadioQmlController.o
LOAD moc_FMRadioQmlController.o
LOAD moc_FMRadioDataController.o
LOAD moc_RDSRadioConnectionManager.o
LOAD moc_RDSRadioDataController.o
LOAD moc_RDSRadioQmlController.o
LOAD moc_RDSStationItem.o
LOAD moc_GenericRadioQmlController.o
LOAD moc_GenericRadioDataController.o
LOAD moc_RDSRadioStationTable.o
LOAD moc_RDSRadioPTYTable.o
LOAD moc_HDRadioPTYTable.o
LOAD moc_DABRdsIf.o
LOAD /app/lib/libappframework.so
LOAD /app/lib/librpmclient.so
LOAD /app/lib/libDHAVN_LogUtil.so
LOAD /app/lib/libDHAVN_LogEnabler.so
LOAD /app/lib/libathena.so
LOAD /app/lib/libDHAVN_QCANController.so
LOAD /usr/lib/libqmlstatusbarplugin.so
LOAD /app/lib/libDualDisplayHelper.so
LOAD /usr/lib/libgstreamer-0.10.so
LOAD /usr/lib/libgobject-2.0.so
LOAD /usr/lib/libgmodule-2.0.so
LOAD /usr/lib/libxml2.so
LOAD /usr/lib/libgthread-2.0.so
LOAD /usr/lib/librt.so
LOAD /usr/lib/libglib-2.0.so
LOAD /usr/lib/libQtDBus.so
LOAD /usr/lib/libQtDeclarative.so
LOAD /usr/lib/libQtXml.so
LOAD /usr/lib/libQtOpenGL.so
LOAD /usr/lib/libQtGui.so
LOAD /usr/lib/libQtCore.so
LOAD /usr/lib/libGLESv2.so
LOAD /usr/lib/libpthread.so
START GROUP
LOAD /lib/libpthread.so.0
LOAD /usr/lib/libpthread_nonshared.a
END GROUP
LOAD /usr/lib/libstdc++.so
LOAD /usr/lib/libm.so
LOAD /usr/lib/libgcc_s.so
LOAD /usr/lib/gcc/i586-meego-linux/4.7.2/libgcc.a
LOAD /usr/lib/libpthread.so
START GROUP
LOAD /lib/libpthread.so.0
LOAD /usr/lib/libpthread_nonshared.a
END GROUP
LOAD /usr/lib/libc.so
START GROUP
LOAD /lib/libc.so.6
LOAD /usr/lib/libc_nonshared.a
LOAD /lib/ld-linux.so.2
END GROUP
LOAD /usr/lib/libgcc_s.so
LOAD /usr/lib/gcc/i586-meego-linux/4.7.2/libgcc.a
LOAD /usr/lib/gcc/i586-meego-linux/4.7.2/crtend.o
LOAD /usr/lib/gcc/i586-meego-linux/4.7.2/../../../crtn.o
                0x0000000008048000                PROVIDE (__executable_start, 0x8048000)
                0x0000000008048134                . = (0x8048000 + SIZEOF_HEADERS)

.interp         0x0000000008048134       0x13
 *(.interp)
 .interp        0x0000000008048134       0x13 /usr/lib/gcc/i586-meego-linux/4.7.2/../../../crt1.o

.note.ABI-tag   0x0000000008048148       0x20
 .note.ABI-tag  0x0000000008048148       0x20 /usr/lib/gcc/i586-meego-linux/4.7.2/../../../crt1.o

.note.gnu.build-id
                0x0000000008048168       0x24
 *(.note.gnu.build-id)
 .note.gnu.build-id
                0x0000000008048168       0x24 /usr/lib/gcc/i586-meego-linux/4.7.2/../../../crt1.o

.hash           0x000000000804818c     0x1754
 *(.hash)
 .hash          0x000000000804818c     0x1754 /usr/lib/gcc/i586-meego-linux/4.7.2/../../../crt1.o

.gnu.hash
 *(.gnu.hash)

.dynsym         0x00000000080498e0     0x1f20
 *(.dynsym)
 .dynsym        0x00000000080498e0     0x1f20 /usr/lib/gcc/i586-meego-linux/4.7.2/../../../crt1.o

.dynstr         0x000000000804b800     0x43f9
 *(.dynstr)
 .dynstr        0x000000000804b800     0x43f9 /usr/lib/gcc/i586-meego-linux/4.7.2/../../../crt1.o

.gnu.version    0x000000000804fbfa      0x3e4
 *(.gnu.version)
 .gnu.version   0x000000000804fbfa      0x3e4 /usr/lib/gcc/i586-meego-linux/4.7.2/../../../crt1.o

.gnu.version_d  0x000000000804ffe0        0x0 load address 0x000000000804ffde
 *(.gnu.version_d)
 .gnu.version_d
                0x0000000000000000        0x0 /usr/lib/gcc/i586-meego-linux/4.7.2/../../../crt1.o

.gnu.version_r  0x000000000804ffe0       0xe0
 *(.gnu.version_r)
 .gnu.version_r
                0x000000000804ffe0       0xe0 /usr/lib/gcc/i586-meego-linux/4.7.2/../../../crt1.o

.rel.dyn        0x00000000080500c0       0xb0
 *(.rel.init)
 *(.rel.text .rel.text.* .rel.gnu.linkonce.t.*)
 .rel.text      0x0000000000000000        0x0 /usr/lib/gcc/i586-meego-linux/4.7.2/../../../crt1.o
 .rel.text._ZN7QStringD2Ev
                0x0000000000000000        0x0 /usr/lib/gcc/i586-meego-linux/4.7.2/../../../crt1.o
 .rel.text._Z24qMetaTypeConstructHelperI5EventEPvPKT_
                0x0000000000000000        0x0 /usr/lib/gcc/i586-meego-linux/4.7.2/../../../crt1.o
 .rel.text._Z19qMetaTypeLoadHelperI5EventEvR11QDataStreamPT_
                0x0000000000000000        0x0 /usr/lib/gcc/i586-meego-linux/4.7.2/../../../crt1.o
 .rel.text._Z19qMetaTypeSaveHelperI5EventEvR11QDataStreamPKT_
                0x0000000000000000        0x0 /usr/lib/gcc/i586-meego-linux/4.7.2/../../../crt1.o
 .rel.text._Z21qDBusDemarshallHelperI5EventEvRK13QDBusArgumentPT_
                0x0000000000000000        0x0 /usr/lib/gcc/i586-meego-linux/4.7.2/../../../crt1.o
 .rel.text._Z19qDBusMarshallHelperI5EventEvR13QDBusArgumentPKT_
                0x0000000000000000        0x0 /usr/lib/gcc/i586-meego-linux/4.7.2/../../../crt1.o
 .rel.text._ZN10QByteArrayD2Ev
                0x0000000000000000        0x0 /usr/lib/gcc/i586-meego-linux/4.7.2/../../../crt1.o
 .rel.text._ZN7QStringC2EPKc
                0x0000000000000000        0x0 /usr/lib/gcc/i586-meego-linux/4.7.2/../../../crt1.o
 .rel.text._ZN18__stVARIANT_STRINGD2Ev
                0x0000000000000000        0x0 /usr/lib/gcc/i586-meego-linux/4.7.2/../../../crt1.o
 .rel.text._ZN11QMetaTypeIdI5EventE14qt_metatype_idEv
                0x0000000000000000        0x0 /usr/lib/gcc/i586-meego-linux/4.7.2/../../../crt1.o
 .rel.text._ZN5QListI7QStringED2Ev
                0x0000000000000000        0x0 /usr/lib/gcc/i586-meego-linux/4.7.2/../../../crt1.o
 .rel.text._ZN5QListI7QStringE18detach_helper_growEii
                0x0000000000000000        0x0 /usr/lib/gcc/i586-meego-linux/4.7.2/../../../crt1.o
 .rel.text._ZN5QListI7QStringE6appendERKS0_
                0x0000000000000000        0x0 /usr/lib/gcc/i586-meego-linux/4.7.2/../../../crt1.o
 .rel.text.startup
                0x0000000000000000        0x0 /usr/lib/gcc/i586-meego-linux/4.7.2/../../../crt1.o
 .rel.text._ZNK7QString3argEiiiRK5QChar
                0x0000000000000000        0x0 /usr/lib/gcc/i586-meego-linux/4.7.2/../../../crt1.o
 .rel.text._ZplPKcRK7QString
                0x0000000000000000        0x0 /usr/lib/gcc/i586-meego-linux/4.7.2/../../../crt1.o
 .rel.text._ZN16QCoreApplication9sendEventEP7QObjectP6QEvent
                0x0000000000000000        0x0 /usr/lib/gcc/i586-meego-linux/4.7.2/../../../crt1.o
 .rel.text._ZN10QByteArray6detachEv
                0x0000000000000000        0x0 /usr/lib/gcc/i586-meego-linux/4.7.2/../../../crt1.o
 .rel.text._ZN7QStringC2ERK10QByteArray
                0x0000000000000000        0x0 /usr/lib/gcc/i586-meego-linux/4.7.2/../../../crt1.o
 .rel.text._ZN7QString5clearEv
                0x0000000000000000        0x0 /usr/lib/gcc/i586-meego-linux/4.7.2/../../../crt1.o
 .rel.text._Z23qStringComparisonHelperRK7QStringPKc
                0x0000000000000000        0x0 /usr/lib/gcc/i586-meego-linux/4.7.2/../../../crt1.o
 .rel.text._ZplRK7QStringS1_
                0x0000000000000000        0x0 /usr/lib/gcc/i586-meego-linux/4.7.2/../../../crt1.o
 .rel.text._ZplRK7QStringPKc
                0x0000000000000000        0x0 /usr/lib/gcc/i586-meego-linux/4.7.2/../../../crt1.o
 .rel.text._ZN19storeLastInfoConfigD2Ev
                0x0000000000000000        0x0 /usr/lib/gcc/i586-meego-linux/4.7.2/../../../crt1.o
 .rel.text._ZN7me_typeC2Ev
                0x0000000000000000        0x0 /usr/lib/gcc/i586-meego-linux/4.7.2/../../../crt1.o
 .rel.text._ZN7me_typeD2Ev
                0x0000000000000000        0x0 /usr/lib/gcc/i586-meego-linux/4.7.2/../../../crt1.o
 .rel.text._ZN5QListI9QFileInfoED2Ev
                0x0000000000000000        0x0 /usr/lib/gcc/i586-meego-linux/4.7.2/../../../crt1.o
 .rel.text._ZN5QListI7me_typeE13detach_helperEi
                0x0000000000000000        0x0 /usr/lib/gcc/i586-meego-linux/4.7.2/../../../crt1.o
 .rel.text._ZN5QListI7me_typeE13detach_helperEv
                0x0000000000000000        0x0 /usr/lib/gcc/i586-meego-linux/4.7.2/../../../crt1.o
 .rel.text._ZN5QListI7me_typeEaSERKS1_
                0x0000000000000000        0x0 /usr/lib/gcc/i586-meego-linux/4.7.2/../../../crt1.o
 .rel.text._ZN5QListI7me_typeE5clearEv
                0x0000000000000000        0x0 /usr/lib/gcc/i586-meego-linux/4.7.2/../../../crt1.o
 .rel.text._ZN8QByteRefaSEc
                0x0000000000000000        0x0 /usr/lib/gcc/i586-meego-linux/4.7.2/../../../crt1.o
 .rel.text._ZN7QStringaSEPKc
                0x0000000000000000        0x0 /usr/lib/gcc/i586-meego-linux/4.7.2/../../../crt1.o
 .rel.text._ZN15RadioPresetItemC2EP7QObjecth
                0x0000000000000000        0x0 /usr/lib/gcc/i586-meego-linux/4.7.2/../../../crt1.o
 .rel.text._ZN13VrCommandDataD2Ev
                0x0000000000000000        0x0 /usr/lib/gcc/i586-meego-linux/4.7.2/../../../crt1.o
 .rel.text._ZN5QListI8QVariantE13detach_helperEi
                0x0000000000000000        0x0 /usr/lib/gcc/i586-meego-linux/4.7.2/../../../crt1.o
 .rel.text._ZN10QDBusErrorD2Ev
                0x0000000000000000        0x0 /usr/lib/gcc/i586-meego-linux/4.7.2/../../../crt1.o
 .rel.text._ZN10QDBusReplyIbED2Ev
                0x0000000000000000        0x0 /usr/lib/gcc/i586-meego-linux/4.7.2/../../../crt1.o
 .rel.text._ZN5QListI8QVariantE18detach_helper_growEii
                0x0000000000000000        0x0 /usr/lib/gcc/i586-meego-linux/4.7.2/../../../crt1.o
 .rel.text._ZN5QListI8QVariantE6appendERKS0_
                0x0000000000000000        0x0 /usr/lib/gcc/i586-meego-linux/4.7.2/../../../crt1.o
 .rel.text._ZN5QListI8QVariantE5clearEv
                0x0000000000000000        0x0 /usr/lib/gcc/i586-meego-linux/4.7.2/../../../crt1.o
 .rel.text._ZN5QHashIi10QByteArrayE11deleteNode2EPN9QHashData4NodeE
                0x0000000000000000        0x0 /usr/lib/gcc/i586-meego-linux/4.7.2/../../../crt1.o
 .rel.text._ZN5QListIP8ListItemED2Ev
                0x0000000000000000        0x0 /usr/lib/gcc/i586-meego-linux/4.7.2/../../../crt1.o
 .rel.text._ZN5QListIP8ListItemE18detach_helper_growEii
                0x0000000000000000        0x0 /usr/lib/gcc/i586-meego-linux/4.7.2/../../../crt1.o
 .rel.text._ZN5QListIP8ListItemE6appendERKS1_
                0x0000000000000000        0x0 /usr/lib/gcc/i586-meego-linux/4.7.2/../../../crt1.o
 .rel.text._ZN5QListIP8ListItemE13detach_helperEv
                0x0000000000000000        0x0 /usr/lib/gcc/i586-meego-linux/4.7.2/../../../crt1.o
 .rel.text._ZN5QListIP8ListItemE5clearEv
                0x0000000000000000        0x0 /usr/lib/gcc/i586-meego-linux/4.7.2/../../../crt1.o
 .rel.text._ZN5QHashIh7QStringE11deleteNode2EPN9QHashData4NodeE
                0x0000000000000000        0x0 /usr/lib/gcc/i586-meego-linux/4.7.2/../../../crt1.o
 .rel.text._ZN5QHashIthED2Ev
                0x0000000000000000        0x0 /usr/lib/gcc/i586-meego-linux/4.7.2/../../../crt1.o
 .rel.text._ZN5QListIPcED2Ev
                0x0000000000000000        0x0 /usr/lib/gcc/i586-meego-linux/4.7.2/../../../crt1.o
 .rel.text._ZN5QHashIh7QStringE13detach_helperEv
                0x0000000000000000        0x0 /usr/lib/gcc/i586-meego-linux/4.7.2/../../../crt1.o
 .rel.text._ZN5QHashIthE13detach_helperEv
                0x0000000000000000        0x0 /usr/lib/gcc/i586-meego-linux/4.7.2/../../../crt1.o
 .rel.text._ZN5QListIPcE18detach_helper_growEii
                0x0000000000000000        0x0 /usr/lib/gcc/i586-meego-linux/4.7.2/../../../crt1.o
 .rel.text._ZN5QListIPcE6appendERKS0_
                0x0000000000000000        0x0 /usr/lib/gcc/i586-meego-linux/4.7.2/../../../crt1.o
 .rel.text._ZneRK10QByteArrayS1_
                0x0000000000000000        0x0 /usr/lib/gcc/i586-meego-linux/4.7.2/../../../crt1.o
 .rel.text._ZN7QStringpLE5QChar
                0x0000000000000000        0x0 /usr/lib/gcc/i586-meego-linux/4.7.2/../../../crt1.o
 .rel.text._ZN7QStringaSERK10QByteArray
                0x0000000000000000        0x0 /usr/lib/gcc/i586-meego-linux/4.7.2/../../../crt1.o
 .rel.text._ZN20HDRadioQmlController8psd_dataD2Ev
                0x0000000000000000        0x0 /usr/lib/gcc/i586-meego-linux/4.7.2/../../../crt1.o
 .rel.text._ZN19storeLastInfoConfigaSERKS_
                0x0000000000000000        0x0 /usr/lib/gcc/i586-meego-linux/4.7.2/../../../crt1.o
 .rel.text._ZN13QConcatenableI14QStringBuilderIS0_IS0_IS0_IS0_IS0_IA24_c5QCharEA37_cES2_ES2_ES2_EA47_cEE8appendToIS2_EEvRKSA_RPT_
                0x0000000000000000        0x0 /usr/lib/gcc/i586-meego-linux/4.7.2/../../../crt1.o
 .rel.text._ZNK14QStringBuilderIS_IS_IS_IS_IS_IS_IA24_c5QCharEA37_cES1_ES1_ES1_EA47_cES1_E9convertToI7QStringEET_v
                0x0000000000000000        0x0 /usr/lib/gcc/i586-meego-linux/4.7.2/../../../crt1.o
 .rel.text._ZN10QByteArray4dataEv
                0x0000000000000000        0x0 /usr/lib/gcc/i586-meego-linux/4.7.2/../../../crt1.o
 .rel.text._ZplRK10QByteArrayS1_
                0x0000000000000000        0x0 /usr/lib/gcc/i586-meego-linux/4.7.2/../../../crt1.o
 .rel.text._ZplRK10QByteArrayPKc
                0x0000000000000000        0x0 /usr/lib/gcc/i586-meego-linux/4.7.2/../../../crt1.o
 .rel.text._ZplPKcRK10QByteArray
                0x0000000000000000        0x0 /usr/lib/gcc/i586-meego-linux/4.7.2/../../../crt1.o
 .rel.text._ZN14rdsStationInfoD2Ev
                0x0000000000000000        0x0 /usr/lib/gcc/i586-meego-linux/4.7.2/../../../crt1.o
 .rel.text._ZN5QListIP8ListItemE13detach_helperEi
                0x0000000000000000        0x0 /usr/lib/gcc/i586-meego-linux/4.7.2/../../../crt1.o
 .rel.text._ZN6VrDataD2Ev
                0x0000000000000000        0x0 /usr/lib/gcc/i586-meego-linux/4.7.2/../../../crt1.o
 .rel.text._ZN5QHashIt7QStringE11deleteNode2EPN9QHashData4NodeE
                0x0000000000000000        0x0 /usr/lib/gcc/i586-meego-linux/4.7.2/../../../crt1.o
 .rel.text._ZN9QHashData8willGrowEv
                0x0000000000000000        0x0 /usr/lib/gcc/i586-meego-linux/4.7.2/../../../crt1.o
 .rel.text._ZN5QHashIt7QStringED2Ev
                0x0000000000000000        0x0 /usr/lib/gcc/i586-meego-linux/4.7.2/../../../crt1.o
 .rel.text._ZN5QHashIh7QStringED2Ev
                0x0000000000000000        0x0 /usr/lib/gcc/i586-meego-linux/4.7.2/../../../crt1.o
 .rel.text._ZNK5QHashIt7QStringE5valueERKt
                0x0000000000000000        0x0 /usr/lib/gcc/i586-meego-linux/4.7.2/../../../crt1.o
 .rel.text._ZN5QHashIt7QStringE13detach_helperEv
                0x0000000000000000        0x0 /usr/lib/gcc/i586-meego-linux/4.7.2/../../../crt1.o
 .rel.text._ZN5QHashIt7QStringE6insertERKtRKS0_
                0x0000000000000000        0x0 /usr/lib/gcc/i586-meego-linux/4.7.2/../../../crt1.o
 .rel.text._ZN5QHashIi7QStringE11deleteNode2EPN9QHashData4NodeE
                0x0000000000000000        0x0 /usr/lib/gcc/i586-meego-linux/4.7.2/../../../crt1.o
 .rel.text._ZN5QHashIi7QStringEixERKi
                0x0000000000000000        0x0 /usr/lib/gcc/i586-meego-linux/4.7.2/../../../crt1.o
 .rel.text._ZN5QHashIiN15HDRadioPTYTable8pty_dataEE11deleteNode2EPN9QHashData4NodeE
                0x0000000000000000        0x0 /usr/lib/gcc/i586-meego-linux/4.7.2/../../../crt1.o
 .rel.text._ZN15HDRadioPTYTable8pty_dataD2Ev
                0x0000000000000000        0x0 /usr/lib/gcc/i586-meego-linux/4.7.2/../../../crt1.o
 .rel.text._ZN5QHashIiN15HDRadioPTYTable8pty_dataEE13detach_helperEv
                0x0000000000000000        0x0 /usr/lib/gcc/i586-meego-linux/4.7.2/../../../crt1.o
 .rel.text._ZN5QHashIiN15HDRadioPTYTable8pty_dataEEixERKi
                0x0000000000000000        0x0 /usr/lib/gcc/i586-meego-linux/4.7.2/../../../crt1.o
 .rel.text._ZN15LocalizeTriggerD2Ev
                0x0000000000000000        0x0 /usr/lib/gcc/i586-meego-linux/4.7.2/../../../crt1.o
 .rel.text._ZN15LocalizeTriggerD0Ev
                0x0000000000000000        0x0 /usr/lib/gcc/i586-meego-linux/4.7.2/../../../crt1.o
 .rel.text._ZN7QVectorI7QStringE7reallocEii
                0x0000000000000000        0x0 /usr/lib/gcc/i586-meego-linux/4.7.2/../../../crt1.o
 .rel.text._ZN7QVectorI7QStringE6appendERKS0_
                0x0000000000000000        0x0 /usr/lib/gcc/i586-meego-linux/4.7.2/../../../crt1.o
 .rel.text._ZN15RadioPresetItemD2Ev
                0x0000000000000000        0x0 /usr/lib/gcc/i586-meego-linux/4.7.2/../../../crt1.o
 .rel.text._ZN15RadioPresetItemD0Ev
                0x0000000000000000        0x0 /usr/lib/gcc/i586-meego-linux/4.7.2/../../../crt1.o
 .rel.text._ZN8ListItemD2Ev
                0x0000000000000000        0x0 /usr/lib/gcc/i586-meego-linux/4.7.2/../../../crt1.o
 .rel.text._ZN8ListItemD0Ev
                0x0000000000000000        0x0 /usr/lib/gcc/i586-meego-linux/4.7.2/../../../crt1.o
 .rel.text._ZN17RadioStationTableD2Ev
                0x0000000000000000        0x0 /usr/lib/gcc/i586-meego-linux/4.7.2/../../../crt1.o
 .rel.text._ZN17RadioStationTableD0Ev
                0x0000000000000000        0x0 /usr/lib/gcc/i586-meego-linux/4.7.2/../../../crt1.o
 .rel.text._ZN14RDSStationItemD2Ev
                0x0000000000000000        0x0 /usr/lib/gcc/i586-meego-linux/4.7.2/../../../crt1.o
 .rel.text._ZN14RDSStationItemD0Ev
                0x0000000000000000        0x0 /usr/lib/gcc/i586-meego-linux/4.7.2/../../../crt1.o
 .rel.text._ZN20RDSRadioStationTableD2Ev
                0x0000000000000000        0x0 /usr/lib/gcc/i586-meego-linux/4.7.2/../../../crt1.o
 .rel.text._ZN20RDSRadioStationTableD0Ev
                0x0000000000000000        0x0 /usr/lib/gcc/i586-meego-linux/4.7.2/../../../crt1.o
 .rel.text._ZN16RDSRadioPTYTableD2Ev
                0x0000000000000000        0x0 /usr/lib/gcc/i586-meego-linux/4.7.2/../../../crt1.o
 .rel.text._ZN16RDSRadioPTYTableD0Ev
                0x0000000000000000        0x0 /usr/lib/gcc/i586-meego-linux/4.7.2/../../../crt1.o
 .rel.text._ZN15HDRadioPTYTableD2Ev
                0x0000000000000000        0x0 /usr/lib/gcc/i586-meego-linux/4.7.2/../../../crt1.o
 .rel.text._ZN15HDRadioPTYTableD0Ev
                0x0000000000000000        0x0 /usr/lib/gcc/i586-meego-linux/4.7.2/../../../crt1.o
 *(.rel.fini)
 *(.rel.rodata .rel.rodata.* .rel.gnu.linkonce.r.*)
 .rel.rodata._ZTI10ProxyModel
                0x0000000000000000        0x0 /usr/lib/gcc/i586-meego-linux/4.7.2/../../../crt1.o
 .rel.rodata._ZTV10ProxyModel
                0x0000000000000000        0x0 /usr/lib/gcc/i586-meego-linux/4.7.2/../../../crt1.o
 .rel.rodata    0x0000000000000000        0x0 /usr/lib/gcc/i586-meego-linux/4.7.2/../../../crt1.o
 .rel.rodata._ZTI14RadioAppEngine
                0x0000000000000000        0x0 /usr/lib/gcc/i586-meego-linux/4.7.2/../../../crt1.o
 .rel.rodata._ZTI15LocalizeTrigger
                0x0000000000000000        0x0 /usr/lib/gcc/i586-meego-linux/4.7.2/../../../crt1.o
 .rel.rodata._ZTV14RadioAppEngine
                0x0000000000000000        0x0 /usr/lib/gcc/i586-meego-linux/4.7.2/../../../crt1.o
 .rel.rodata._ZTV15LocalizeTrigger
                0x0000000000000000        0x0 /usr/lib/gcc/i586-meego-linux/4.7.2/../../../crt1.o
 .rel.rodata._ZTI18RadioConvertHelper
                0x0000000000000000        0x0 /usr/lib/gcc/i586-meego-linux/4.7.2/../../../crt1.o
 .rel.rodata._ZTV18RadioConvertHelper
                0x0000000000000000        0x0 /usr/lib/gcc/i586-meego-linux/4.7.2/../../../crt1.o
 .rel.rodata._ZTI20RadioCommonVarHelper
                0x0000000000000000        0x0 /usr/lib/gcc/i586-meego-linux/4.7.2/../../../crt1.o
 .rel.rodata._ZTV20RadioCommonVarHelper
                0x0000000000000000        0x0 /usr/lib/gcc/i586-meego-linux/4.7.2/../../../crt1.o
 .rel.rodata._ZTI20RadioSharedMemHelper
                0x0000000000000000        0x0 /usr/lib/gcc/i586-meego-linux/4.7.2/../../../crt1.o
 .rel.rodata._ZTV20RadioSharedMemHelper
                0x0000000000000000        0x0 /usr/lib/gcc/i586-meego-linux/4.7.2/../../../crt1.o
 .rel.rodata._ZTI22RadioFileManagerHelper
                0x0000000000000000        0x0 /usr/lib/gcc/i586-meego-linux/4.7.2/../../../crt1.o
 .rel.rodata._ZTV22RadioFileManagerHelper
                0x0000000000000000        0x0 /usr/lib/gcc/i586-meego-linux/4.7.2/../../../crt1.o
 .rel.rodata._ZTI18RadioQmlController
                0x0000000000000000        0x0 /usr/lib/gcc/i586-meego-linux/4.7.2/../../../crt1.o
 .rel.rodata._ZTV18RadioQmlController
                0x0000000000000000        0x0 /usr/lib/gcc/i586-meego-linux/4.7.2/../../../crt1.o
 .rel.rodata._ZTI19RadioDataController
                0x0000000000000000        0x0 /usr/lib/gcc/i586-meego-linux/4.7.2/../../../crt1.o
 .rel.rodata._ZTV19RadioDataController
                0x0000000000000000        0x0 /usr/lib/gcc/i586-meego-linux/4.7.2/../../../crt1.o
 .rel.rodata._ZTI22RadioConnectionManager
                0x0000000000000000        0x0 /usr/lib/gcc/i586-meego-linux/4.7.2/../../../crt1.o
 .rel.rodata._ZTV22RadioConnectionManager
                0x0000000000000000        0x0 /usr/lib/gcc/i586-meego-linux/4.7.2/../../../crt1.o
 .rel.rodata._ZTI15RadioPresetItem
                0x0000000000000000        0x0 /usr/lib/gcc/i586-meego-linux/4.7.2/../../../crt1.o
 .rel.rodata._ZTV15RadioPresetItem
                0x0000000000000000        0x0 /usr/lib/gcc/i586-meego-linux/4.7.2/../../../crt1.o
 .rel.rodata._ZTI8ListItem
                0x0000000000000000        0x0 /usr/lib/gcc/i586-meego-linux/4.7.2/../../../crt1.o
 .rel.rodata._ZTI9ListModel
                0x0000000000000000        0x0 /usr/lib/gcc/i586-meego-linux/4.7.2/../../../crt1.o
 .rel.rodata._ZTV8ListItem
                0x0000000000000000        0x0 /usr/lib/gcc/i586-meego-linux/4.7.2/../../../crt1.o
 .rel.rodata._ZTV9ListModel
                0x0000000000000000        0x0 /usr/lib/gcc/i586-meego-linux/4.7.2/../../../crt1.o
 .rel.rodata._ZTI17RadioStationTable
                0x0000000000000000        0x0 /usr/lib/gcc/i586-meego-linux/4.7.2/../../../crt1.o
 .rel.rodata._ZTV17RadioStationTable
                0x0000000000000000        0x0 /usr/lib/gcc/i586-meego-linux/4.7.2/../../../crt1.o
 .rel.rodata._ZTI9EngModeIf
                0x0000000000000000        0x0 /usr/lib/gcc/i586-meego-linux/4.7.2/../../../crt1.o
 .rel.rodata._ZTV9EngModeIf
                0x0000000000000000        0x0 /usr/lib/gcc/i586-meego-linux/4.7.2/../../../crt1.o
 .rel.rodata._ZTI21HDRadioDataController
                0x0000000000000000        0x0 /usr/lib/gcc/i586-meego-linux/4.7.2/../../../crt1.o
 .rel.rodata._ZTV21HDRadioDataController
                0x0000000000000000        0x0 /usr/lib/gcc/i586-meego-linux/4.7.2/../../../crt1.o
 .rel.rodata._ZTI24HDRadioConnectionManager
                0x0000000000000000        0x0 /usr/lib/gcc/i586-meego-linux/4.7.2/../../../crt1.o
 .rel.rodata._ZTV24HDRadioConnectionManager
                0x0000000000000000        0x0 /usr/lib/gcc/i586-meego-linux/4.7.2/../../../crt1.o
 .rel.rodata._ZTI20HDRadioQmlController
                0x0000000000000000        0x0 /usr/lib/gcc/i586-meego-linux/4.7.2/../../../crt1.o
 .rel.rodata._ZTV20HDRadioQmlController
                0x0000000000000000        0x0 /usr/lib/gcc/i586-meego-linux/4.7.2/../../../crt1.o
 .rel.rodata._ZTI20FMRadioQmlController
                0x0000000000000000        0x0 /usr/lib/gcc/i586-meego-linux/4.7.2/../../../crt1.o
 .rel.rodata._ZTV20FMRadioQmlController
                0x0000000000000000        0x0 /usr/lib/gcc/i586-meego-linux/4.7.2/../../../crt1.o
 .rel.rodata._ZTI21FMRadioDataController
                0x0000000000000000        0x0 /usr/lib/gcc/i586-meego-linux/4.7.2/../../../crt1.o
 .rel.rodata._ZTV21FMRadioDataController
                0x0000000000000000        0x0 /usr/lib/gcc/i586-meego-linux/4.7.2/../../../crt1.o
 .rel.rodata._ZTI25RDSRadioConnectionManager
                0x0000000000000000        0x0 /usr/lib/gcc/i586-meego-linux/4.7.2/../../../crt1.o
 .rel.rodata._ZTV25RDSRadioConnectionManager
                0x0000000000000000        0x0 /usr/lib/gcc/i586-meego-linux/4.7.2/../../../crt1.o
 .rel.rodata._ZTI22RDSRadioDataController
                0x0000000000000000        0x0 /usr/lib/gcc/i586-meego-linux/4.7.2/../../../crt1.o
 .rel.rodata._ZTV22RDSRadioDataController
                0x0000000000000000        0x0 /usr/lib/gcc/i586-meego-linux/4.7.2/../../../crt1.o
 .rel.rodata._ZTI21RDSRadioQmlController
                0x0000000000000000        0x0 /usr/lib/gcc/i586-meego-linux/4.7.2/../../../crt1.o
 .rel.rodata._ZTV21RDSRadioQmlController
                0x0000000000000000        0x0 /usr/lib/gcc/i586-meego-linux/4.7.2/../../../crt1.o
 .rel.rodata._ZTI14RDSStationItem
                0x0000000000000000        0x0 /usr/lib/gcc/i586-meego-linux/4.7.2/../../../crt1.o
 .rel.rodata._ZTV14RDSStationItem
                0x0000000000000000        0x0 /usr/lib/gcc/i586-meego-linux/4.7.2/../../../crt1.o
 .rel.rodata._ZTI25GenericRadioQmlController
                0x0000000000000000        0x0 /usr/lib/gcc/i586-meego-linux/4.7.2/../../../crt1.o
 .rel.rodata._ZTV25GenericRadioQmlController
                0x0000000000000000        0x0 /usr/lib/gcc/i586-meego-linux/4.7.2/../../../crt1.o
 .rel.rodata._ZTI26GenericRadioDataController
                0x0000000000000000        0x0 /usr/lib/gcc/i586-meego-linux/4.7.2/../../../crt1.o
 .rel.rodata._ZTV26GenericRadioDataController
                0x0000000000000000        0x0 /usr/lib/gcc/i586-meego-linux/4.7.2/../../../crt1.o
 .rel.rodata._ZTI20RDSRadioStationTable
                0x0000000000000000        0x0 /usr/lib/gcc/i586-meego-linux/4.7.2/../../../crt1.o
 .rel.rodata._ZTV20RDSRadioStationTable
                0x0000000000000000        0x0 /usr/lib/gcc/i586-meego-linux/4.7.2/../../../crt1.o
 .rel.rodata._ZTI16RDSRadioPTYTable
                0x0000000000000000        0x0 /usr/lib/gcc/i586-meego-linux/4.7.2/../../../crt1.o
 .rel.rodata._ZTV16RDSRadioPTYTable
                0x0000000000000000        0x0 /usr/lib/gcc/i586-meego-linux/4.7.2/../../../crt1.o
 .rel.rodata._ZTI15HDRadioPTYTable
                0x0000000000000000        0x0 /usr/lib/gcc/i586-meego-linux/4.7.2/../../../crt1.o
 .rel.rodata._ZTV15HDRadioPTYTable
                0x0000000000000000        0x0 /usr/lib/gcc/i586-meego-linux/4.7.2/../../../crt1.o
 .rel.rodata._ZTI8DABRdsIf
                0x0000000000000000        0x0 /usr/lib/gcc/i586-meego-linux/4.7.2/../../../crt1.o
 .rel.rodata._ZTV8DABRdsIf
                0x0000000000000000        0x0 /usr/lib/gcc/i586-meego-linux/4.7.2/../../../crt1.o
 *(.rel.data.rel.ro* .rel.gnu.linkonce.d.rel.ro.*)
 *(.rel.data .rel.data.* .rel.gnu.linkonce.d.*)
 *(.rel.tdata .rel.tdata.* .rel.gnu.linkonce.td.*)
 *(.rel.tbss .rel.tbss.* .rel.gnu.linkonce.tb.*)
 *(.rel.ctors)
 *(.rel.dtors)
 *(.rel.got)
 .rel.got       0x00000000080500c0        0x8 /usr/lib/gcc/i586-meego-linux/4.7.2/../../../crt1.o
 *(.rel.sharable_data .rel.sharable_data.* .rel.gnu.linkonce.shrd.*)
 *(.rel.sharable_bss .rel.sharable_bss.* .rel.gnu.linkonce.shrb.*)
 .rel.sharable_bss
                0x0000000000000000        0x0 /usr/lib/gcc/i586-meego-linux/4.7.2/../../../crt1.o
 *(.rel.bss .rel.bss.* .rel.gnu.linkonce.b.*)
 .rel.bss       0x00000000080500c8       0xa8 /usr/lib/gcc/i586-meego-linux/4.7.2/../../../crt1.o
 *(.rel.ifunc)
 .rel.eh_frame  0x0000000000000000        0x0 /usr/lib/gcc/i586-meego-linux/4.7.2/../../../crt1.o

.rel.plt        0x0000000008050170      0xdd8
 *(.rel.plt)
 .rel.plt       0x0000000008050170      0xdd8 /usr/lib/gcc/i586-meego-linux/4.7.2/../../../crt1.o
                0x0000000008050f48                PROVIDE (__rel_iplt_start, .)
 *(.rel.iplt)
 .rel.iplt      0x0000000000000000        0x0 /usr/lib/gcc/i586-meego-linux/4.7.2/../../../crt1.o
                0x0000000008050f48                PROVIDE (__rel_iplt_end, .)

.init           0x0000000008050f48       0x2d
 *(.init)
 .init          0x0000000008050f48       0x1e /usr/lib/gcc/i586-meego-linux/4.7.2/../../../crti.o
                0x0000000008050f48                _init
 .init          0x0000000008050f66        0x5 /usr/lib/gcc/i586-meego-linux/4.7.2/crtbegin.o
 .init          0x0000000008050f6b        0x5 /usr/lib/gcc/i586-meego-linux/4.7.2/crtend.o
 .init          0x0000000008050f70        0x5 /usr/lib/gcc/i586-meego-linux/4.7.2/../../../crtn.o

.plt            0x0000000008050f78     0x1bc0
 *(.plt)
 .plt           0x0000000008050f78     0x1bc0 /usr/lib/gcc/i586-meego-linux/4.7.2/../../../crt1.o
                0x0000000008050f88                QByteArray::append(char)
                0x0000000008050f98                QChar::QChar(unsigned char)
                0x0000000008050fa8                QSortFilterProxyModel::qt_metacall(QMetaObject::Call, int, void**)
                0x0000000008050fb8                QDataStream::QDataStream(QIODevice*)
                0x0000000008050fc8                QFile::size() const
                0x0000000008050fd8                QDeclarativeView::setSource(QUrl const&)
                0x0000000008050fe8                QVariant::constData() const
                0x0000000008050ff8                __libc_start_main@@GLIBC_2.0
                0x0000000008051008                QSortFilterProxyModel::canFetchMore(QModelIndex const&) const
                0x0000000008051018                QApplication::~QApplication()
                0x0000000008051028                Event::Event()
                0x0000000008051038                QAbstractProxyModel::revert()
                0x0000000008051048                Logger::Instance()
                0x0000000008051058                QString::append(QChar)
                0x0000000008051068                AppEngineBase::IsSwapDCEnabled()
                0x0000000008051078                operator<<(QDataStream&, Event const&)
                0x0000000008051088                operator new[](unsigned int)@@GLIBCXX_3.4
                0x0000000008051098                QByteArray::operator=(QByteArray const&)
                0x00000000080510a8                QVectorData::reallocate(QVectorData*, int, int, int)
                0x00000000080510b8                QDBusConnection::sessionBus()
                0x00000000080510c8                QMetaObject::invokeMethod(QObject*, char const*, Qt::ConnectionType, QGenericReturnArgument, QGenericArgument, QGenericArgument, QGenericArgument, QGenericArgument, QGenericArgument, QGenericArgument, QGenericArgument, QGenericArgument, QGenericArgument, QGenericArgument)
                0x00000000080510d8                QFile::QFile()
                0x00000000080510e8                QTime::currentTime()
                0x00000000080510f8                QString::compare(QString const&, Qt::CaseSensitivity) const
                0x0000000008051108                QTimer::setInterval(int)
                0x0000000008051118                QHashData::nextNode(QHashData::Node*)
                0x0000000008051128                QSharedMemory::attach(QSharedMemory::AccessMode)
                0x0000000008051138                QFont::insertSubstitutions(QString const&, QStringList const&)
                0x0000000008051148                QTextStream::operator<<(QString const&)
                0x0000000008051158                QByteArray::realloc(int)
                0x0000000008051168                QAbstractScrollArea::viewport() const
                0x0000000008051178                QSharedMemory::create(int, QSharedMemory::AccessMode)
                0x0000000008051188                QString::indexOf(QString const&, int, Qt::CaseSensitivity) const
                0x0000000008051198                QString::setNum(unsigned long long, int)
                0x00000000080511a8                QDeclarativeView::QDeclarativeView(QWidget*)
                0x00000000080511b8                QTimer::start()
                0x00000000080511c8                QXmlStreamWriter::writeEndDocument()
                0x00000000080511d8                QVariant::toBool() const
                0x00000000080511e8                QVariant::QVariant(int, void const*)
                0x00000000080511f8                QDBusMessage::arguments() const
                0x0000000008051208                QSortFilterProxyModel::setHeaderData(int, Qt::Orientation, QVariant const&, int)
                0x0000000008051218                exit@@GLIBC_2.0
                0x0000000008051228                AppEngineBase::HandleGstPipelinesAvailable(int)
                0x0000000008051238                AppEngineQML::HandleEvent(Event&)
                0x0000000008051248                QDBusError::QDBusError(DBusError const*)
                0x0000000008051258                qstrcmp(QByteArray const&, char const*)
                0x0000000008051268                QByteArray::mid(int, int) const
                0x0000000008051278                memcpy@@GLIBC_2.0
                0x0000000008051288                QAbstractItemModel::setData(QModelIndex const&, QVariant const&, int)
                0x0000000008051298                QXmlStreamWriter::writeDTD(QString const&)
                0x00000000080512a8                strncpy@@GLIBC_2.0
                0x00000000080512b8                QAbstractItemModel::setRoleNames(QHash<int, QByteArray> const&)
                0x00000000080512c8                AppEngineQML::AppEngineQML(QDeclarativeView*, QString, QObject*, AppEngineBase::APP_ENGINE_TYPE)
                0x00000000080512d8                AppEngineQML::Reserved_1()
                0x00000000080512e8                QSharedMemory::lock()
                0x00000000080512f8                setmntent@@GLIBC_2.0
                0x0000000008051308                QObject::childEvent(QChildEvent*)
                0x0000000008051318                operator<<(QDBusArgument&, Event const&)
                0x0000000008051328                QPixmap::loadFromData(unsigned char const*, unsigned int, char const*, QFlags<Qt::ImageConversionFlag>)
                0x0000000008051338                QAbstractItemModel::mimeTypes() const
                0x0000000008051348                QDir::~QDir()
                0x0000000008051358                QSortFilterProxyModel::columnCount(QModelIndex const&) const
                0x0000000008051368                QTextStream::QTextStream(QString*, QFlags<QIODevice::OpenModeFlag>)
                0x0000000008051378                QSharedMemory::isAttached() const
                0x0000000008051388                QAbstractItemModel::revert()
                0x0000000008051398                QAbstractItemModel::insertColumns(int, int, QModelIndex const&)
                0x00000000080513a8                QSortFilterProxyModel::removeRows(int, int, QModelIndex const&)
                0x00000000080513b8                QPixmap::QPixmap()
                0x00000000080513c8                QTime::minute() const
                0x00000000080513d8                QString::arg(double, int, char, int, QChar const&) const
                0x00000000080513e8                usleep@@GLIBC_2.0
                0x00000000080513f8                QByteArray::indexOf(char, int) const
                0x0000000008051408                QTime::msecsTo(QTime const&) const
                0x0000000008051418                QFile::open(QFlags<QIODevice::OpenModeFlag>)
                0x0000000008051428                __stack_chk_fail@@GLIBC_2.4
                0x0000000008051438                QSortFilterProxyModel::~QSortFilterProxyModel()
                0x0000000008051448                QFile::close()
                0x0000000008051458                QTranslator::~QTranslator()
                0x0000000008051468                QAbstractItemModel::fetchMore(QModelIndex const&)
                0x0000000008051478                QVariant::toString() const
                0x0000000008051488                raise@@GLIBC_2.0
                0x0000000008051498                QDBusAbstractInterface::QDBusAbstractInterface(QString const&, QString const&, char const*, QDBusConnection const&, QObject*)
                0x00000000080514a8                QString::count(QChar, Qt::CaseSensitivity) const
                0x00000000080514b8                QMetaObject::cast(QObject*) const
                0x00000000080514c8                QObject::timerEvent(QTimerEvent*)
                0x00000000080514d8                QXmlStreamWriter::writeStartElement(QString const&)
                0x00000000080514e8                QDBusMessage::operator<<(QVariant const&)
                0x00000000080514f8                QFile::setFileName(QString const&)
                0x0000000008051508                QAbstractItemModel::beginInsertRows(QModelIndex const&, int, int)
                0x0000000008051518                QByteArray::expand(int)
                0x0000000008051528                __cxa_guard_acquire@@CXXABI_1.3
                0x0000000008051538                QString::realloc()
                0x0000000008051548                QDBusConnection::callWithCallback(QDBusMessage const&, QObject*, char const*, char const*, int) const
                0x0000000008051558                QKeyEvent::~QKeyEvent()
                0x0000000008051568                QDBusMessage::QDBusMessage()
                0x0000000008051578                QTime::msec() const
                0x0000000008051588                AppEngineQML::Reserved_2()
                0x0000000008051598                QUrl::QUrl(QString const&)
                0x00000000080515a8                QDir::mkpath(QString const&) const
                0x00000000080515b8                QAbstractItemModel::supportedDropActions() const
                0x00000000080515c8                operator delete[](void*)@@GLIBCXX_3.4
                0x00000000080515d8                AppEngineBase::SetAppArgs(int, char**)
                0x00000000080515e8                __strncpy_chk@@GLIBC_2.3.4
                0x00000000080515f8                QAbstractConcatenable::convertFromAscii(char const*, int, QChar*&)
                0x0000000008051608                QDBusMessage::QDBusMessage(QDBusMessage const&)
                0x0000000008051618                QObject::customEvent(QEvent*)
                0x0000000008051628                CQCANController_ApplnTxRx::Init()
                0x0000000008051648                QDir::path() const
                0x0000000008051658                QSortFilterProxyModel::filterAcceptsColumn(int, QModelIndex const&) const
                0x0000000008051668                QTranslator::QTranslator(QObject*)
                0x0000000008051678                __cxa_guard_abort@@CXXABI_1.3
                0x0000000008051688                QAbstractListModel::qt_metacast(char const*)
                0x0000000008051698                QSortFilterProxyModel::dropMimeData(QMimeData const*, Qt::DropAction, int, int, QModelIndex const&)
                0x00000000080516a8                QDeclarativeView::~QDeclarativeView()
                0x00000000080516b8                athenaClose
                0x00000000080516c8                QRPMClient::InitAudioResponseConnection()
                0x00000000080516d8                QVariant::QVariant(bool)
                0x00000000080516e8                Logger::Log(QString const&, Logger::LOG_PRIORITY)
                0x00000000080516f8                AppEngineQML::~AppEngineQML()
                0x0000000008051708                QDeclarativeContext::setContextProperty(QString const&, QObject*)
                0x0000000008051718                QSortFilterProxyModel::index(int, int, QModelIndex const&) const
                0x0000000008051728                QFile::remove(QString const&)
                0x0000000008051738                QString::number(int, int)
                0x0000000008051748                strlen@@GLIBC_2.0
                0x0000000008051758                qDBusReplyFill(QDBusMessage const&, QDBusError&, QVariant&)
                0x0000000008051768                strstr@@GLIBC_2.0
                0x0000000008051778                QByteArray::indexOf(QByteArray const&, int) const
                0x0000000008051788                QSettings::sync()
                0x0000000008051798                QDBusAbstractInterface::asyncCallWithArgumentList(QString const&, QList<QVariant> const&)
                0x00000000080517a8                sigaction@@GLIBC_2.0
                0x00000000080517b8                QFile::~QFile()
                0x00000000080517c8                QDataStream::resetStatus()
                0x00000000080517d8                QByteArray::indexOf(char const*, int) const
                0x00000000080517e8                QString::fromAscii(char const*, int)
                0x00000000080517f8                QSortFilterProxyModel::QSortFilterProxyModel(QObject*)
                0x0000000008051808                QString::arg(long long, int, int, QChar const&) const
                0x0000000008051818                QFile::QFile(QString const&)
                0x0000000008051828                QRPMClient::QRPMClient(QString*)
                0x0000000008051838                Event::GetTarget() const
                0x0000000008051848                QXmlStreamWriter::~QXmlStreamWriter()
                0x0000000008051858                QString::localeAwareCompare(QString const&) const
                0x0000000008051868                QDBusPendingCall::reply() const
                0x0000000008051878                __memcpy_chk@@GLIBC_2.3.4
                0x0000000008051888                operator<<(QDataStream&, QByteArray const&)
                0x0000000008051898                AppEngineBase::NotifyUISHCommon(Event&)
                0x00000000080518a8                QString::fromAscii_helper(char const*, int)
                0x00000000080518b8                QSharedMemory::setKey(QString const&)
                0x00000000080518c8                QSortFilterProxyModel::flags(QModelIndex const&) const
                0x00000000080518d8                QString::remove(QString const&, Qt::CaseSensitivity)
                0x00000000080518e8                qChecksum(char const*, unsigned int)
                0x00000000080518f8                QAbstractProxyModel::sourceModel() const
                0x0000000008051908                CLogUtil::CLogUtil()
                0x0000000008051918                QAbstractListModel::~QAbstractListModel()
                0x0000000008051928                QAbstractItemModel::endResetModel()
                0x0000000008051938                operator delete(void*)@@GLIBCXX_3.4
                0x0000000008051948                QAbstractListModel::dropMimeData(QMimeData const*, Qt::DropAction, int, int, QModelIndex const&)
                0x0000000008051958                QSortFilterProxyModel::span(QModelIndex const&) const
                0x0000000008051968                QSortFilterProxyModel::filterAcceptsRow(int, QModelIndex const&) const
                0x0000000008051978                QSortFilterProxyModel::insertColumns(int, int, QModelIndex const&)
                0x0000000008051988                __cxa_guard_release@@CXXABI_1.3
                0x0000000008051998                QDBusAbstractInterface::~QDBusAbstractInterface()
                0x00000000080519a8                QDBusAbstractInterface::connectNotify(char const*)
                0x00000000080519b8                QObject::connectNotify(char const*)
                0x00000000080519c8                QAbstractItemModel::endRemoveRows()
                0x00000000080519d8                QVariant::~QVariant()
                0x00000000080519e8                QString::remove(int, int)
                0x00000000080519f8                getmntent@@GLIBC_2.0
                0x0000000008051a08                QTranslator::load(QString const&, QString const&, QString const&, QString const&)
                0x0000000008051a18                QSortFilterProxyModel::metaObject() const
                0x0000000008051a28                operator new(unsigned int)@@GLIBCXX_3.4
                0x0000000008051a38                QTimer::start(int)
                0x0000000008051a48                QByteArray::trimmed() const
                0x0000000008051a58                QChar::fromAscii(char)
                0x0000000008051a68                QString::compare(QString const&) const
                0x0000000008051a78                __gxx_personality_v0@@CXXABI_1.3
                0x0000000008051a88                QHashData::allocateNode(int)
                0x0000000008051a98                CQCANController_ApplnTxRx::CQCANController_ApplnTxRx(QObject*)
                0x0000000008051aa8                QSettings::value(QString const&, QVariant const&) const
                0x0000000008051ab8                QXmlStreamWriter::setAutoFormatting(bool)
                0x0000000008051ac8                QObject::QObject(QObject*)
                0x0000000008051ad8                QSortFilterProxyModel::supportedDropActions() const
                0x0000000008051ae8                Event::Event(int, APP_ID_T, APP_ID_T, QByteArray const&)
                0x0000000008051af8                AppEngineQML::GetCurrentView()
                0x0000000008051b08                QObject::~QObject()
                0x0000000008051b18                QXmlStreamWriter::writeTextElement(QString const&, QString const&)
                0x0000000008051b28                QSortFilterProxyModel::mapToSource(QModelIndex const&) const
                0x0000000008051b38                QAbstractListModel::index(int, int, QModelIndex const&) const
                0x0000000008051b48                QSortFilterProxyModel::fetchMore(QModelIndex const&)
                0x0000000008051b58                QFileInfo::~QFileInfo()
                0x0000000008051b68                QDBusAbstractInterface::call(QString const&, QVariant const&, QVariant const&, QVariant const&, QVariant const&, QVariant const&, QVariant const&, QVariant const&, QVariant const&)
                0x0000000008051b78                QVariant::QVariant(QString const&)
                0x0000000008051b88                QSortFilterProxyModel::setSortRole(int)
                0x0000000008051b98                QString::QString(int, Qt::Initialization)
                0x0000000008051ba8                QSortFilterProxyModel::sort(int, Qt::SortOrder)
                0x0000000008051bb8                QDeclarativeView::rootContext() const
                0x0000000008051bc8                QSortFilterProxyModel::qt_metacast(char const*)
                0x0000000008051bd8                QDBusConnection::isConnected() const
                0x0000000008051be8                QMetaObject::tr(char const*, char const*) const
                0x0000000008051bf8                QString::operator==(QString const&) const
                0x0000000008051c08                _Unwind_Resume@@GCC_3.0
                0x0000000008051c18                QApplication::QApplication(int&, char**, int)
                0x0000000008051c28                QAbstractItemModel::insertRows(int, int, QModelIndex const&)
                0x0000000008051c38                AppEngineBase::ConnectToUISH()
                0x0000000008051c48                QPixmap::~QPixmap()
                0x0000000008051c58                qFree(void*)
                0x0000000008051c68                QTextStream::~QTextStream()
                0x0000000008051c78                QListData::detach_grow(int*, int)
                0x0000000008051c88                QDeclarativeView::rootObject() const
                0x0000000008051c98                QDBusConnection::connect(QString const&, QString const&, QString const&, QString const&, QObject*, char const*)
                0x0000000008051ca8                memcmp@@GLIBC_2.0
                0x0000000008051cb8                QTime::second() const
                0x0000000008051cc8                QByteArray::number(double, char, int)
                0x0000000008051cd8                QAbstractListModel::qt_metacall(QMetaObject::Call, int, void**)
                0x0000000008051ce8                QObject::connect(QObject const*, char const*, QObject const*, char const*, Qt::ConnectionType)
                0x0000000008051cf8                memset@@GLIBC_2.0
                0x0000000008051d08                QDataStream::QDataStream(QByteArray const&)
                0x0000000008051d18                QAbstractItemModel::dataChanged(QModelIndex const&, QModelIndex const&)
                0x0000000008051d28                QSettings::endGroup()
                0x0000000008051d38                QByteArray::setRawData(char const*, unsigned int)
                0x0000000008051d48                QAbstractListModel::hasChildren(QModelIndex const&) const
                0x0000000008051d58                QString::mid(int, int) const
                0x0000000008051d68                QSortFilterProxyModel::mapSelectionFromSource(QItemSelection const&) const
                0x0000000008051d78                QString::utf16() const
                0x0000000008051d88                QAbstractProxyModel::itemData(QModelIndex const&) const
                0x0000000008051d98                athenaSendObject
                0x0000000008051da8                QString::startsWith(QString const&, Qt::CaseSensitivity) const
                0x0000000008051db8                QByteArray::QByteArray(char const*)
                0x0000000008051dc8                QDBusPendingCall::~QDBusPendingCall()
                0x0000000008051dd8                QDBusPendingCall::QDBusPendingCall(QDBusPendingCall const&)
                0x0000000008051de8                QDBusConnection::send(QDBusMessage const&) const
                0x0000000008051df8                QTime::elapsed() const
                0x0000000008051e08                athenaOpen
                0x0000000008051e18                AppEngineQML::qt_metacall(QMetaObject::Call, int, void**)
                0x0000000008051e28                QString::toWCharArray(wchar_t*) const
                0x0000000008051e38                QString::fromUtf8(char const*, int)
                0x0000000008051e48                QByteArray::toBase64() const
                0x0000000008051e58                QString::operator==(QLatin1String const&) const
                0x0000000008051e68                QXmlStreamWriter::writeAttribute(QString const&, QString const&)
                0x0000000008051e78                QString::grow(int)
                0x0000000008051e88                QByteArray::toHex() const
                0x0000000008051e98                QAbstractItemModel::setItemData(QModelIndex const&, QMap<int, QVariant> const&)
                0x0000000008051ea8                Event::GetEventId() const
                0x0000000008051eb8                QHashData::free_helper(void (*)(QHashData::Node*))
                0x0000000008051ec8                QTimer::QTimer(QObject*)
                0x0000000008051ed8                QAbstractItemModel::mimeData(QList<QModelIndex> const&) const
                0x0000000008051ee8                QIODevice::read(long long)
                0x0000000008051ef8                QString::split(QString const&, QString::SplitBehavior, Qt::CaseSensitivity) const
                0x0000000008051f08                QKeyEvent::QKeyEvent(QEvent::Type, int, QFlags<Qt::KeyboardModifier>, QString const&, bool, unsigned short)
                0x0000000008051f18                QPixmap::save(QString const&, char const*, int) const
                0x0000000008051f28                QTime::hour() const
                0x0000000008051f38                QDBusConnection::call(QDBusMessage const&, QDBus::CallMode, int) const
                0x0000000008051f48                QDBusAbstractInterface::qt_metacall(QMetaObject::Call, int, void**)
                0x0000000008051f58                QByteArray::isNull() const
                0x0000000008051f68                QAbstractItemModel::buddy(QModelIndex const&) const
                0x0000000008051f78                QSharedMemory::QSharedMemory(QObject*)
                0x0000000008051f88                QSettings::remove(QString const&)
                0x0000000008051f98                QDBusMessage::setArguments(QList<QVariant> const&)
                0x0000000008051fa8                operator>>(QDataStream&, QByteArray&)
                0x0000000008051fb8                QSettings::~QSettings()
                0x0000000008051fc8                QSortFilterProxyModel::headerData(int, Qt::Orientation, int) const
                0x0000000008051fd8                strtol@@GLIBC_2.0
                0x0000000008051fe8                QMetaType::registerType(char const*, void (*)(void*), void* (*)(void const*))
                0x0000000008051ff8                QDBusPendingReplyData::assign(QDBusPendingCall const&)
                0x0000000008052008                QCoreApplication::postEvent(QObject*, QEvent*)
                0x0000000008052018                QAbstractItemModel::beginRemoveRows(QModelIndex const&, int, int)
                0x0000000008052028                QCoreApplication::installTranslator(QTranslator*)
                0x0000000008052038                QString::toUInt(bool*, int) const
                0x0000000008052048                CLogUtil::~CLogUtil()
                0x0000000008052058                QListData::detach(int)
                0x0000000008052068                QDBusPendingCall::waitForFinished()
                0x0000000008052078                QApplication::setGraphicsSystem(QString const&)
                0x0000000008052088                QIODevice::errorString() const
                0x0000000008052098                QAbstractItemModel::setHeaderData(int, Qt::Orientation, QVariant const&, int)
                0x00000000080520a8                QSortFilterProxyModel::mimeTypes() const
                0x00000000080520b8                __cxa_atexit@@GLIBC_2.1.3
                0x00000000080520c8                free@@GLIBC_2.0
                0x00000000080520d8                QXmlStreamWriter::writeEndElement()
                0x00000000080520e8                QDataStream::~QDataStream()
                0x00000000080520f8                QFileInfo::fileName() const
                0x0000000008052108                QVariant::QVariant(char const*)
                0x0000000008052118                QXmlStreamWriter::writeStartDocument()
                0x0000000008052128                QObject::qt_metacast(char const*)
                0x0000000008052138                QRPMClient::RPMClientAudioBeepPlay(EAudioBeepType)
                0x0000000008052148                QString::toUtf8() const
                0x0000000008052158                QString::QString(QChar const*)
                0x0000000008052168                QString::resize(int)
                0x0000000008052178                QSortFilterProxyModel::parent(QModelIndex const&) const
                0x0000000008052188                QByteArray::QByteArray(char const*, int)
                0x0000000008052198                QAbstractProxyModel::setItemData(QModelIndex const&, QMap<int, QVariant> const&)
                0x00000000080521a8                QSortFilterProxyModel::rowCount(QModelIndex const&) const
                0x00000000080521b8                QFile::exists(QString const&)
                0x00000000080521c8                QByteArray::number(unsigned int, int)
                0x00000000080521d8                QAbstractItemModel::canFetchMore(QModelIndex const&) const
                0x00000000080521e8                QDBusMessage::~QDBusMessage()
                0x00000000080521f8                QFile::exists() const
                0x0000000008052208                QVectorData::grow(int, int, int, bool)
                0x0000000008052218                AppEngineQML::HandleEventRear(Event&)
                0x0000000008052228                QAbstractItemModel::removeColumns(int, int, QModelIndex const&)
                0x0000000008052238                QSortFilterProxyModel::mapSelectionToSource(QItemSelection const&) const
                0x0000000008052248                QSortFilterProxyModel::removeColumns(int, int, QModelIndex const&)
                0x0000000008052258                QTextStream::operator<<(char const*)
                0x0000000008052268                QDBusMessage::createMethodCall(QString const&, QString const&, QString const&, QString const&)
                0x0000000008052278                QSortFilterProxyModel::match(QModelIndex const&, int, QVariant const&, int, QFlags<Qt::MatchFlag>) const
                0x0000000008052288                QAbstractItemModel::itemData(QModelIndex const&) const
                0x0000000008052298                endmntent@@GLIBC_2.0
                0x00000000080522a8                QByteArray::append(QByteArray const&)
                0x00000000080522b8                QApplication::exec()
                0x00000000080522c8                AppEngineBase::GetLogger()
                0x00000000080522d8                QString::rightJustified(int, QChar, bool) const
                0x00000000080522e8                QObject::disconnect(QObject const*, char const*, QObject const*, char const*)
                0x00000000080522f8                Event::~Event()
                0x0000000008052308                QAbstractItemModel::beginResetModel()
                0x0000000008052318                QDir::entryList(QStringList const&, QFlags<QDir::Filter>, QFlags<QDir::SortFlag>) const
                0x0000000008052328                QDBusMessage::operator=(QDBusMessage const&)
                0x0000000008052338                QDBusPendingReplyData::setMetaTypes(int, int const*)
                0x0000000008052348                QTimer::singleShot(int, QObject*, char const*)
                0x0000000008052358                QSortFilterProxyModel::hasChildren(QModelIndex const&) const
                0x0000000008052368                QString::toDouble(bool*) const
                0x0000000008052378                QMetaObject::activate(QObject*, QMetaObject const*, int, void**)
                0x0000000008052388                QAbstractProxyModel::submit()
                0x0000000008052398                Event::Event(Event const&)
                0x00000000080523a8                AppEngineBase::eventFilter(QObject*, QEvent*)
                0x00000000080523b8                QObject::eventFilter(QObject*, QEvent*)
                0x00000000080523c8                Event::GetSource() const
                0x00000000080523d8                QString::toFloat(bool*) const
                0x00000000080523e8                QDBusMessage::createSignal(QString const&, QString const&, QString const&)
                0x00000000080523f8                QXmlStreamWriter::QXmlStreamWriter(QIODevice*)
                0x0000000008052408                QSettings::beginGroup(QString const&)
                0x0000000008052418                __cxa_pure_virtual@@CXXABI_1.3
                0x0000000008052428                QString::number(unsigned int, int)
                0x0000000008052438                QTimer::~QTimer()
                0x0000000008052448                QVariant::QVariant(int)
                0x0000000008052458                QHashData::detach_helper2(void (*)(QHashData::Node*, void*), void (*)(QHashData::Node*), int, int)
                0x0000000008052468                QAbstractListModel::QAbstractListModel(QObject*)
                0x0000000008052478                QString::arg(unsigned long long, int, int, QChar const&) const
                0x0000000008052488                OSDWriter::SendOSD(QString const&)
                0x0000000008052498                QSortFilterProxyModel::data(QModelIndex const&, int) const
                0x00000000080524a8                QSortFilterProxyModel::clear()
                0x00000000080524b8                QUrl::~QUrl()
                0x00000000080524c8                QAbstractItemModel::flags(QModelIndex const&) const
                0x00000000080524d8                QDBusError::QDBusError(QDBusError const&)
                0x00000000080524e8                system@@GLIBC_2.0
                0x00000000080524f8                QDBusMetaType::registerMarshallOperators(int, void (*)(QDBusArgument&, void const*), void (*)(QDBusArgument const&, void*))
                0x0000000008052508                QVectorData::free(QVectorData*, int)
                0x0000000008052518                QAbstractItemModel::headerData(int, Qt::Orientation, int) const
                0x0000000008052528                QAbstractItemModel::endInsertRows()
                0x0000000008052538                QDBusPendingReplyData::QDBusPendingReplyData()
                0x0000000008052548                QDBusConnection::connectToBus(QDBusConnection::BusType, QString const&)
                0x0000000008052558                QCoreApplication::notifyInternal(QObject*, QEvent*)
                0x0000000008052568                QVariant::QVariant(QVariant const&)
                0x0000000008052578                QByteArray::append(char const*)
                0x0000000008052588                QString::trimmed() const
                0x0000000008052598                QSharedMemory::detach()
                0x00000000080525a8                QDataStream::operator>>(short&)
                0x00000000080525b8                QObject::event(QEvent*)
                0x00000000080525c8                QVariant::toByteArray() const
                0x00000000080525d8                QSortFilterProxyModel::mimeData(QList<QModelIndex> const&) const
                0x00000000080525e8                QCoreApplication::processEvents(QFlags<QEventLoop::ProcessEventsFlag>)
                0x00000000080525f8                QString::append(QString const&)
                0x0000000008052608                AppEngineBase::NotifyUISH(Event&, DISPLAY_T)
                0x0000000008052618                QVariant::cmp(QVariant const&) const
                0x0000000008052628                QListData::remove(int)
                0x0000000008052638                QSortFilterProxyModel::setSourceModel(QAbstractItemModel*)
                0x0000000008052648                QString::realloc(int)
                0x0000000008052658                QListData::append()
                0x0000000008052668                QVariant::QVariant(unsigned int)
                0x0000000008052678                QSharedMemory::data()
                0x0000000008052688                QSortFilterProxyModel::setDynamicSortFilter(bool)
                0x0000000008052698                QString::operator=(QString const&)
                0x00000000080526a8                QAbstractListModel::parent(QModelIndex const&) const
                0x00000000080526b8                QString::toLatin1() const
                0x00000000080526c8                QChar::QChar(char)
                0x00000000080526d8                AppEngineQML::qt_metacast(char const*)
                0x00000000080526e8                QDBusConnection::~QDBusConnection()
                0x00000000080526f8                QSortFilterProxyModel::insertRows(int, int, QModelIndex const&)
                0x0000000008052708                QAbstractItemModel::submit()
                0x0000000008052718                log10@@GLIBC_2.0
                0x0000000008052728                QMetaType::registerStreamOperators(int, void (*)(QDataStream&, void const*), void (*)(QDataStream&, void*))
                0x0000000008052738                Event::GetCommand() const
                0x0000000008052748                QVariant::toInt(bool*) const
                0x0000000008052758                QSharedMemory::~QSharedMemory()
                0x0000000008052768                QString::toAscii() const
                0x0000000008052778                QString::toLocal8Bit() const
                0x0000000008052788                QSortFilterProxyModel::buddy(QModelIndex const&) const
                0x0000000008052798                QAbstractItemModel::match(QModelIndex const&, int, QVariant const&, int, QFlags<Qt::MatchFlag>) const
                0x00000000080527a8                QDBusAbstractInterface::isValid() const
                0x00000000080527b8                QString::free(QString::Data*)
                0x00000000080527c8                QSettings::QSettings(QString const&, QSettings::Format, QObject*)
                0x00000000080527d8                QDBusAbstractInterface::disconnectNotify(char const*)
                0x00000000080527e8                QString::toInt(bool*, int) const
                0x00000000080527f8                QByteArray::operator=(char const*)
                0x0000000008052808                QObject::disconnectNotify(char const*)
                0x0000000008052818                QDataStream::operator<<(short)
                0x0000000008052828                QCoreApplication::translate(char const*, char const*, char const*, QCoreApplication::Encoding)
                0x0000000008052838                QSettings::clear()
                0x0000000008052848                QWidget::setAttribute(Qt::WidgetAttribute, bool)
                0x0000000008052858                QAbstractItemModel::span(QModelIndex const&) const
                0x0000000008052868                QSortFilterProxyModel::sortRole() const
                0x0000000008052878                QByteArray::left(int) const
                0x0000000008052888                QDir::QDir(QString const&)
                0x0000000008052898                QDBusInterface::QDBusInterface(QString const&, QString const&, QString const&, QDBusConnection const&, QObject*)
                0x00000000080528a8                QDBusAbstractInterface::qt_metacast(char const*)
                0x00000000080528b8                QString::toLong(bool*, int) const
                0x00000000080528c8                QByteArray::replace(int, int, char const*)
                0x00000000080528d8                AppEngineBase::GetCloneMode()
                0x00000000080528e8                QSortFilterProxyModel::setData(QModelIndex const&, QVariant const&, int)
                0x00000000080528f8                QString::arg(QString const&, int, QChar const&) const
                0x0000000008052908                QDataStream::QDataStream(QByteArray*, QFlags<QIODevice::OpenModeFlag>)
                0x0000000008052918                QObject::qt_metacall(QMetaObject::Call, int, void**)
                0x0000000008052928                QString::setNum(long long, int)
                0x0000000008052938                QTimer::stop()
                0x0000000008052948                QTime::start()
                0x0000000008052958                QDir::entryInfoList(QStringList const&, QFlags<QDir::Filter>, QFlags<QDir::SortFlag>) const
                0x0000000008052968                operator>>(QDBusArgument const&, Event&)
                0x0000000008052978                QSharedMemory::unlock()
                0x0000000008052988                Event::Data() const
                0x0000000008052998                QHashData::rehash(int)
                0x00000000080529a8                QVariant::QVariant(int, void const*, unsigned int)
                0x00000000080529b8                QSettings::setValue(QString const&, QVariant const&)
                0x00000000080529c8                operator>>(QDataStream&, Event&)
                0x00000000080529d8                QByteArray::toInt(bool*, int) const
                0x00000000080529e8                QDBusPendingReplyData::~QDBusPendingReplyData()
                0x00000000080529f8                QVariant::userType() const
                0x0000000008052a08                QString::operator=(QChar)
                0x0000000008052a18                QAbstractListModel::columnCount(QModelIndex const&) const
                0x0000000008052a28                QSortFilterProxyModel::mapFromSource(QModelIndex const&) const
                0x0000000008052a38                QObject::sender() const
                0x0000000008052a48                QVariant::toUInt(bool*) const
                0x0000000008052a58                QString::indexOf(QChar, int, Qt::CaseSensitivity) const
                0x0000000008052a68                QString::fromLatin1_helper(char const*, int)
                0x0000000008052a78                QByteArray::resize(int)
                0x0000000008052a88                QFile::copy(QString const&, QString const&)
                0x0000000008052a98                QVariant::QVariant(QByteArray const&)
                0x0000000008052aa8                Event::Event(int, APP_ID_T, APP_ID_T, int, QByteArray const&)
                0x0000000008052ab8                QByteArray::number(int, int)
                0x0000000008052ac8                QVectorData::allocate(int, int)
                0x0000000008052ad8                QDataStream::setDevice(QIODevice*)
                0x0000000008052ae8                QListData::insert(int)
                0x0000000008052af8                QString::number(double, char, int)
                0x0000000008052b08                QCoreApplication::applicationName()
                0x0000000008052b18                QTime::secsTo(QTime const&) const
                0x0000000008052b28                QAbstractItemModel::sort(int, Qt::SortOrder)
 *(.iplt)
 .iplt          0x0000000000000000        0x0 /usr/lib/gcc/i586-meego-linux/4.7.2/../../../crt1.o

.text           0x0000000008052b40   0x1abb44
 *(.text.unlikely .text.*_unlikely)
 *(.text .stub .text.* .gnu.linkonce.t.*)
 .text          0x0000000008052b40       0x24 /usr/lib/gcc/i586-meego-linux/4.7.2/../../../crt1.o
                0x0000000008052b40                _start
 .text          0x0000000008052b64        0x0 /usr/lib/gcc/i586-meego-linux/4.7.2/../../../crti.o
 .text.__x86.get_pc_thunk.bx
                0x0000000008052b64        0x4 /usr/lib/gcc/i586-meego-linux/4.7.2/../../../crti.o
                0x0000000008052b64                __x86.get_pc_thunk.bx
 *fill*         0x0000000008052b68        0x8 90909090
 .text          0x0000000008052b70       0xfd /usr/lib/gcc/i586-meego-linux/4.7.2/crtbegin.o
 *fill*         0x0000000008052c6d        0x3 90909090
 .text          0x0000000008052c70      0x617 main.o
                0x0000000008052ce0                DeleteArgv(char**)
                0x0000000008052d20                getLanguageId(int, char**)
                0x0000000008052e10                setTranslationResKor(LANGUAGE_T)
                0x0000000008052e30                setTranslationResAmerica(LANGUAGE_T)
                0x0000000008052e50                setTranslationResGeneral(LANGUAGE_T)
                0x0000000008052e70                setTranslationResMiddleEast(LANGUAGE_T)
                0x0000000008052e90                setTranslationResEuropa(LANGUAGE_T)
                0x0000000008052eb0                setTranslationResChina(LANGUAGE_T)
                0x0000000008052ed0                setTranslationResRussia(LANGUAGE_T)
                0x0000000008052ef0                setTranslationResCanada(LANGUAGE_T)
                0x0000000008052f10                setTranslationRes(LANGUAGE_T, ECountryVariant)
                0x0000000008053020                getVariantId(int, char**)
                0x0000000008053110                getSystemVariant(int, char**)
 *fill*         0x0000000008053287        0x9 90909090
 .text._Z21qMetaTypeDeleteHelperI5EventEvPT_
                0x0000000008053290       0x1a main.o
                0x0000000008053290                void qMetaTypeDeleteHelper<Event>(Event*)
 *fill*         0x00000000080532aa        0x6 90909090
 .text._ZN7QStringD2Ev
                0x00000000080532b0       0x23 main.o
                0x00000000080532b0                QString::~QString()
                0x00000000080532b0                QString::~QString()
 *fill*         0x00000000080532d3        0xd 90909090
 .text._Z24qMetaTypeConstructHelperI5EventEPvPKT_
                0x00000000080532e0       0x6f main.o
                0x00000000080532e0                void* qMetaTypeConstructHelper<Event>(Event const*)
 *fill*         0x000000000805334f        0x1 90909090
 .text._Z19qMetaTypeLoadHelperI5EventEvR11QDataStreamPT_
                0x0000000008053350        0x9 main.o
                0x0000000008053350                void qMetaTypeLoadHelper<Event>(QDataStream&, Event*)
 *fill*         0x0000000008053359        0x7 90909090
 .text._Z19qMetaTypeSaveHelperI5EventEvR11QDataStreamPKT_
                0x0000000008053360        0x9 main.o
                0x0000000008053360                void qMetaTypeSaveHelper<Event>(QDataStream&, Event const*)
 *fill*         0x0000000008053369        0x7 90909090
 .text._Z21qDBusDemarshallHelperI5EventEvRK13QDBusArgumentPT_
                0x0000000008053370        0x9 main.o
                0x0000000008053370                void qDBusDemarshallHelper<Event>(QDBusArgument const&, Event*)
 *fill*         0x0000000008053379        0x7 90909090
 .text._Z19qDBusMarshallHelperI5EventEvR13QDBusArgumentPKT_
                0x0000000008053380        0x9 main.o
                0x0000000008053380                void qDBusMarshallHelper<Event>(QDBusArgument&, Event const*)
 *fill*         0x0000000008053389        0x7 90909090
 .text._ZN10QByteArrayD2Ev
                0x0000000008053390       0x23 main.o
                0x0000000008053390                QByteArray::~QByteArray()
                0x0000000008053390                QByteArray::~QByteArray()
 *fill*         0x00000000080533b3        0xd 90909090
 .text._ZN7QStringC2EPKc
                0x00000000080533c0       0x21 main.o
                0x00000000080533c0                QString::QString(char const*)
                0x00000000080533c0                QString::QString(char const*)
 *fill*         0x00000000080533e1        0xf 90909090
 .text._ZN18__stVARIANT_STRINGD2Ev
                0x00000000080533f0       0x71 main.o
                0x00000000080533f0                __stVARIANT_STRING::~__stVARIANT_STRING()
                0x00000000080533f0                __stVARIANT_STRING::~__stVARIANT_STRING()
 *fill*         0x0000000008053461        0xf 90909090
 .text._ZN11QMetaTypeIdI5EventE14qt_metatype_idEv
                0x0000000008053470       0x3f main.o
                0x0000000008053470                QMetaTypeId<Event>::qt_metatype_id()
 *fill*         0x00000000080534af        0x1 90909090
 .text._ZN5QListI7QStringED2Ev
                0x00000000080534b0       0x89 main.o
                0x00000000080534b0                QList<QString>::~QList()
                0x00000000080534b0                QList<QString>::~QList()
 *fill*         0x0000000008053539        0x7 90909090
 .text._ZN5QListI7QStringE18detach_helper_growEii
                0x0000000008053540      0x143 main.o
                0x0000000008053540                QList<QString>::detach_helper_grow(int, int)
 *fill*         0x0000000008053683        0xd 90909090
 .text._ZN5QListI7QStringE6appendERKS0_
                0x0000000008053690       0x64 main.o
                0x0000000008053690                QList<QString>::append(QString const&)
 *fill*         0x00000000080536f4        0xc 90909090
 .text.startup  0x0000000008053700     0x1a07 main.o
                0x0000000008053700                main
 *fill*         0x0000000008055107        0x9 90909090
 .text          0x0000000008055110    0x212f5 RadioAppEngine.o
                0x00000000080551e0                RadioAppEngine::signalConnection()
                0x00000000080553a0                RadioAppEngine::setSignalHandlerObject(RadioAppEngine*)
                0x00000000080553b0                RadioAppEngine::restart(int)
                0x00000000080554e0                RadioAppEngine::signalHandler(int)
                0x0000000008055510                RadioAppEngine::FilterKeyEvent(Event)
                0x0000000008055fd0                RadioAppEngine::FilterKeyFGEvent(Event)
                0x00000000080563d0                RadioAppEngine::RetranslateUi()
                0x00000000080563f0                RadioAppEngine::HandleBackKey()
                0x00000000080564c0                RadioAppEngine::HandleBackKey(int)
                0x0000000008056840                RadioAppEngine::HandleHomeKey()
                0x0000000008056920                RadioAppEngine::getDataController()
                0x0000000008056930                RadioAppEngine::getQmlController()
                0x0000000008056940                RadioAppEngine::getConnectionManager()
                0x0000000008056950                RadioAppEngine::triggerLongKeyUpEvent()
                0x0000000008056990                RadioAppEngine::triggerLongKeyDownEvent()
                0x00000000080569d0                RadioAppEngine::triggerGoFirstStationList()
                0x0000000008056a30                RadioAppEngine::triggerGoLastStationList()
                0x0000000008056a90                RadioAppEngine::writeToLogFile(QString)
                0x0000000008056b50                RadioAppEngine::xmChange()
                0x0000000008056c80                RadioAppEngine::sendDataToOSDClear()
                0x0000000008056d70                RadioAppEngine::sendInfoDataToOSD(QString, QString)
                0x0000000008057820                RadioAppEngine::sendDataToCluster()
                0x0000000008058540                RadioAppEngine::clusterTpUpdate()
                0x00000000080586a0                RadioAppEngine::stopAvWidget()
                0x00000000080586b0                RadioAppEngine::showAVOFFOSD()
                0x0000000008058de0                RadioAppEngine::commonConnect()
                0x0000000008059000                RadioAppEngine::variant(ECountryVariant, ECountryVariant, unsigned int)
                0x0000000008059740                RadioAppEngine::launchDAB(unsigned char)
                0x0000000008059900                RadioAppEngine::sendEventInfoStart(unsigned char, QString)
                0x000000000805afd0                RadioAppEngine::sendEventInfoStop(unsigned char)
                0x000000000805bc70                RadioAppEngine::sendEventTPLoss()
                0x000000000805c120                RadioAppEngine::sendEventTPnotSearchingPopup()
                0x000000000805c4b0                RadioAppEngine::sendTAStatusPopup(bool)
                0x000000000805c7b0                RadioAppEngine::startExternalDTC()
                0x000000000805c890                RadioAppEngine::endExternalDTC()
                0x000000000805ca10                RadioAppEngine::launchSettingSound()
                0x000000000805cb40                RadioAppEngine::sendAudioCH(unsigned char)
                0x000000000805ce40                RadioAppEngine::sendAudioCHHd(unsigned char)
                0x000000000805d090                RadioAppEngine::changeBandViaExternalMenu(unsigned char)
                0x000000000805d360                RadioAppEngine::sendAdvancedEventDAB(dabServiceAdvancedResInfo)
                0x000000000805d7a0                RadioAppEngine::isDialFocus()
                0x000000000805d940                RadioAppEngine::setDialFocus(bool)
                0x000000000805dc60                RadioAppEngine::isLocalPopup()
                0x000000000805dc70                RadioAppEngine::setLocalPopup(bool)
                0x000000000805dc90                RadioAppEngine::test_jog_wheel(int)
                0x000000000805e4a0                RadioAppEngine::firstBoot()
                0x000000000805e7d0                RadioAppEngine::testMPAutoTestEvent(int)
                0x000000000805ea00                RadioAppEngine::sendDataMpAutoTest(EVT_PUBLIC_ID_T)
                0x000000000805fc30                RadioAppEngine::getMpAutoTestEvent(Event)
                0x0000000008060230                RadioAppEngine::viewState()
                0x0000000008060310                RadioAppEngine::sendDataToOSD(unsigned char)
                0x0000000008061d90                RadioAppEngine::sendDataToOthers()
                0x0000000008062430                RadioAppEngine::firstBootEngMode()
                0x0000000008062560                RadioAppEngine::setViewState(RadioAppEngine::VIEW_STATE)
                0x00000000080627d0                RadioAppEngine::sendViewMenuCloseEvent(int)
                0x0000000008062a10                RadioAppEngine::handleResponseInfoCancel()
                0x0000000008062b20                RadioAppEngine::handleResponseInfoOff()
                0x0000000008062c30                RadioAppEngine::handleSystemPopupClose()
                0x0000000008062d10                RadioAppEngine::isFirstStationTimerActive()
                0x0000000008062d30                RadioAppEngine::isLastStationTimerActive()
                0x0000000008062d50                RadioAppEngine::test_emit_signal(int)
                0x0000000008062d70                RadioAppEngine::setSignalSetModelData()
                0x0000000008062dc0                RadioAppEngine::setSignalSetModelData(unsigned char)
                0x0000000008062de0                RadioAppEngine::setRadioRegionCode(unsigned int)
                0x0000000008062e30                RadioAppEngine::dabLinkingOff()
                0x0000000008062e70                RadioAppEngine::setQmlDisplyaMode(QString)
                0x0000000008062ec0                RadioAppEngine::getQmlDisplyaMode()
                0x0000000008062ee0                RadioAppEngine::eventFilter(QObject*, QEvent*)
                0x0000000008063060                RadioAppEngine::vr_tune()
                0x0000000008063380                RadioAppEngine::vr_presetTune()
                0x00000000080633e0                RadioAppEngine::clearTAFlag()
                0x0000000008063400                RadioAppEngine::sendEventUISHtoCloseVR()
                0x0000000008063530                RadioAppEngine::seekstopUSBUpgrade()
                0x0000000008063620                RadioAppEngine::seekstopEnterEngmode()
                0x0000000008063720                RadioAppEngine::changeAvmodeFromFgEvent(Event)
                0x0000000008063fb0                RadioAppEngine::setRadioDisplayScreen()
                0x0000000008064030                RadioAppEngine::NotifyFromUIStateManagerCommon(Event)
                0x0000000008072770                RadioAppEngine::NotifyFromUIStateManagerGeneric(Event, DISPLAY_T)
                0x0000000008075b70                RadioAppEngine::NotifyFromUIStateManagerRear(Event)
                0x0000000008075c20                RadioAppEngine::NotifyFromUIStateManager(Event)
                0x0000000008075cd0                RadioAppEngine::~RadioAppEngine()
                0x0000000008075cd0                RadioAppEngine::~RadioAppEngine()
                0x0000000008075d60                RadioAppEngine::~RadioAppEngine()
                0x0000000008075d90                RadioAppEngine::RadioAppEngine(QDeclarativeView&, LANGUAGE_T, QObject*)
                0x0000000008075d90                RadioAppEngine::RadioAppEngine(QDeclarativeView&, LANGUAGE_T, QObject*)
 *fill*         0x0000000008076405        0xb 90909090
 .text._ZNK7QString3argEiiiRK5QChar
                0x0000000008076410       0x4b RadioAppEngine.o
                0x0000000008076410                QString::arg(int, int, int, QChar const&) const
 *fill*         0x000000000807645b        0x5 90909090
 .text._ZplPKcRK7QString
                0x0000000008076460       0x5a RadioAppEngine.o
                0x0000000008076460                operator+(char const*, QString const&)
 *fill*         0x00000000080764ba        0x6 90909090
 .text._ZN16QCoreApplication9sendEventEP7QObjectP6QEvent
                0x00000000080764c0       0x34 RadioAppEngine.o
                0x00000000080764c0                QCoreApplication::sendEvent(QObject*, QEvent*)
 *fill*         0x00000000080764f4        0xc 90909090
 .text._ZN6QStackI7QStringED2Ev
                0x0000000008076500       0x28 RadioAppEngine.o
                0x0000000008076500                QStack<QString>::~QStack()
                0x0000000008076500                QStack<QString>::~QStack()
 *fill*         0x0000000008076528        0x8 90909090
 .text.startup  0x0000000008076530      0x627 RadioAppEngine.o
 *fill*         0x0000000008076b57        0x9 90909090
 .text          0x0000000008076b60      0x164 RadioConvertHelper.o
                0x0000000008076b60                RadioConvertHelper::RadioConvertHelper(QObject*)
                0x0000000008076b60                RadioConvertHelper::RadioConvertHelper(QObject*)
                0x0000000008076b90                RadioConvertHelper::~RadioConvertHelper()
                0x0000000008076b90                RadioConvertHelper::~RadioConvertHelper()
                0x0000000008076bb0                RadioConvertHelper::~RadioConvertHelper()
                0x0000000008076be0                RadioConvertHelper::getInstance()
                0x0000000008076c50                RadioConvertHelper::release()
                0x0000000008076c60                RadioConvertHelper::strConvert(QByteArray*)
 *fill*         0x0000000008076cc4        0xc 90909090
 .text          0x0000000008076cd0      0x74d RadioCommonVarHelper.o
                0x0000000008076d40                RadioCommonVarHelper::RadioCommonVarHelper(QObject*)
                0x0000000008076d40                RadioCommonVarHelper::RadioCommonVarHelper(QObject*)
                0x0000000008076de0                RadioCommonVarHelper::~RadioCommonVarHelper()
                0x0000000008076de0                RadioCommonVarHelper::~RadioCommonVarHelper()
                0x0000000008076e00                RadioCommonVarHelper::~RadioCommonVarHelper()
                0x0000000008076e30                RadioCommonVarHelper::getInstance()
                0x0000000008076ea0                RadioCommonVarHelper::release()
                0x0000000008076eb0                RadioCommonVarHelper::setRadioAudioPath(bool)
                0x0000000008076ec0                RadioCommonVarHelper::getRadioAudioPath()
                0x0000000008076ed0                RadioCommonVarHelper::setRadioFirstBootCheck(bool)
                0x0000000008076ee0                RadioCommonVarHelper::getRadioFirstBootCheck()
                0x0000000008076ef0                RadioCommonVarHelper::setMute(bool)
                0x0000000008076f00                RadioCommonVarHelper::getMute()
                0x0000000008076f10                RadioCommonVarHelper::setSendMode(unsigned char)
                0x0000000008076f20                RadioCommonVarHelper::getSendMode()
                0x0000000008076f30                RadioCommonVarHelper::setSearchStart(bool)
                0x0000000008076f40                RadioCommonVarHelper::getSearchStart()
                0x0000000008076f50                RadioCommonVarHelper::setPreviousEventID(int)
                0x0000000008076f60                RadioCommonVarHelper::getPreviousEventID()
                0x0000000008076f70                RadioCommonVarHelper::setIpodConnected(signed char)
                0x0000000008076f80                RadioCommonVarHelper::getIpodConnected()
                0x0000000008076f90                RadioCommonVarHelper::setAppCountryVariant(ECountryVariant)
                0x0000000008076fa0                RadioCommonVarHelper::getAppCountryVariant()
                0x0000000008076fb0                RadioCommonVarHelper::setPty(unsigned char)
                0x0000000008076fc0                RadioCommonVarHelper::getPty()
                0x0000000008076fd0                RadioCommonVarHelper::setHDPty(unsigned char)
                0x0000000008076fe0                RadioCommonVarHelper::getHDPty()
                0x0000000008076ff0                RadioCommonVarHelper::isBtCallState()
                0x0000000008077000                RadioCommonVarHelper::setBtCallState(bool)
                0x0000000008077020                RadioCommonVarHelper::getReTuneOn(signed char)
                0x0000000008077070                RadioCommonVarHelper::setReTuneOn(signed char, bool)
                0x00000000080770b0                RadioCommonVarHelper::setWaitReTuneOn(signed char, bool)
                0x00000000080770f0                RadioCommonVarHelper::getWaitReTuneOn(signed char)
                0x0000000008077140                RadioCommonVarHelper::setOSDTextStay(bool)
                0x0000000008077150                RadioCommonVarHelper::getOSDTextStay()
                0x0000000008077160                RadioCommonVarHelper::setPreventMuteFlag(bool)
                0x0000000008077300                RadioCommonVarHelper::getPreventMuteFlag()
                0x0000000008077310                RadioCommonVarHelper::setPrevPresetIndexFM1(unsigned char)
                0x0000000008077320                RadioCommonVarHelper::getPrevPresetIndexFM1()
                0x0000000008077330                RadioCommonVarHelper::setPrevPresetIndexFM2(unsigned char)
                0x0000000008077340                RadioCommonVarHelper::getPrevPresetIndexFM2()
                0x0000000008077350                RadioCommonVarHelper::setPrevPresetIndexAM(unsigned char)
                0x0000000008077360                RadioCommonVarHelper::getPrevPresetIndexAM()
                0x0000000008077370                RadioCommonVarHelper::getPrevPresetIndexBand(unsigned char)
                0x00000000080773c0                RadioCommonVarHelper::setPrevPresetIndex(unsigned char)
                0x00000000080773d0                RadioCommonVarHelper::getPrevPresetIndex()
                0x00000000080773e0                RadioCommonVarHelper::setVrCancelTune(bool)
                0x00000000080773f0                RadioCommonVarHelper::getVrCancelTune()
                0x0000000008077400                RadioCommonVarHelper::setClockDisplay(bool)
                0x0000000008077410                RadioCommonVarHelper::getClockDisplay()
 *fill*         0x000000000807741d        0x3 90909090
 .text.startup  0x0000000008077420      0x327 RadioCommonVarHelper.o
 *fill*         0x0000000008077747        0x9 90909090
 .text          0x0000000008077750      0x922 RadioSharedMemHelper.o
                0x00000000080777c0                RadioSharedMemHelper::RadioSharedMemHelper(QObject*)
                0x00000000080777c0                RadioSharedMemHelper::RadioSharedMemHelper(QObject*)
                0x0000000008077ac0                RadioSharedMemHelper::getInstance()
                0x0000000008077b30                RadioSharedMemHelper::release()
                0x0000000008077c00                RadioSharedMemHelper::~RadioSharedMemHelper()
                0x0000000008077c00                RadioSharedMemHelper::~RadioSharedMemHelper()
                0x0000000008077cb0                RadioSharedMemHelper::~RadioSharedMemHelper()
                0x0000000008077ce0                RadioSharedMemHelper::read(RadioSharedMemHelper::SHAREDMEM_T, void*, unsigned int)
                0x0000000008077dd0                RadioSharedMemHelper::loadRadioVR(void*)
                0x0000000008077e10                RadioSharedMemHelper::loadRadioNavi(void*)
                0x0000000008077e50                RadioSharedMemHelper::loadRadioDabRds(void*)
                0x0000000008077e90                RadioSharedMemHelper::loadRadioSystemPopup(void*, unsigned int)
                0x0000000008077ed0                RadioSharedMemHelper::write(RadioSharedMemHelper::SHAREDMEM_T, void*, unsigned int)
                0x0000000008077fc0                RadioSharedMemHelper::storeRadioVR(void*)
                0x0000000008078000                RadioSharedMemHelper::storeRadioNavi(void*)
                0x0000000008078040                RadioSharedMemHelper::storeRadioDabRds(void*)
 *fill*         0x0000000008078072        0xe 90909090
 .text.startup  0x0000000008078080      0x417 RadioSharedMemHelper.o
 *fill*         0x0000000008078497        0x9 90909090
 .text          0x00000000080784a0    0x104b0 RadioFileManagerHelper.o
                0x0000000008078580                RadioFileManagerHelper::RadioFileManagerHelper(QObject*)
                0x0000000008078580                RadioFileManagerHelper::RadioFileManagerHelper(QObject*)
                0x0000000008078a30                RadioFileManagerHelper::~RadioFileManagerHelper()
                0x0000000008078a30                RadioFileManagerHelper::~RadioFileManagerHelper()
                0x0000000008078be0                RadioFileManagerHelper::~RadioFileManagerHelper()
                0x0000000008078c10                RadioFileManagerHelper::getInstance()
                0x0000000008078c80                RadioFileManagerHelper::release()
                0x0000000008078cb0                RadioFileManagerHelper::command_system(QString)
                0x0000000008078e70                RadioFileManagerHelper::copyFile(QString, QString)
                0x0000000008078e90                RadioFileManagerHelper::fileCheck(QString, QString)
                0x00000000080790e0                RadioFileManagerHelper::fileCheckRadio(QString, QString, QString)
                0x00000000080795c0                RadioFileManagerHelper::fileCheckRadioPsname(QString, QString, QString)
                0x0000000008079aa0                RadioFileManagerHelper::fileCheckVariant(QString)
                0x0000000008079c20                RadioFileManagerHelper::storePsname(unsigned short, QString)
                0x000000000807a420                RadioFileManagerHelper::loadSavedPsname(unsigned short)