Archive member included because of file (symbol)

/usr/lib/libc_nonshared.a(elf-init.oS)
                              /usr/lib/gcc/i586-meego-linux/4.7.2/../../../crt1.o (__libc_csu_init)

Discarded input sections

 .note.GNU-stack
                0x0000000000000000        0x0 /usr/lib/gcc/i586-meego-linux/4.7.2/../../../crt1.o
 .group         0x0000000000000000        0x8 /usr/lib/gcc/i586-meego-linux/4.7.2/../../../crti.o
 .note.GNU-stack
                0x0000000000000000        0x0 /usr/lib/gcc/i586-meego-linux/4.7.2/../../../crti.o
 .note.GNU-stack
                0x0000000000000000        0x0 /usr/lib/gcc/i586-meego-linux/4.7.2/crtbegin.o
 _ZN19CXMAudioControlBaseD5Ev
                0x0000000000000000        0x8 XMAudioControl.o
 .group         0x0000000000000000        0x8 XMAudioControl.o
 .group         0x0000000000000000        0x8 XMAudioControl.o
 .group         0x0000000000000000        0x8 XMAudioControl.o
 .group         0x0000000000000000        0x8 XMAudioControl.o
 .group         0x0000000000000000        0x8 XMAudioControl.o
 .group         0x0000000000000000        0x8 XMAudioControl.o
 .group         0x0000000000000000        0x8 XMAudioControl.o
 .group         0x0000000000000000        0x8 XMAudioControl.o
 .group         0x0000000000000000        0x8 XMAudioControl.o
 .group         0x0000000000000000        0x8 XMAudioControl.o
 .group         0x0000000000000000        0x8 XMAudioControl.o
 .group         0x0000000000000000        0x8 XMAudioControl.o
 .group         0x0000000000000000        0x8 XMAudioControl.o
 .group         0x0000000000000000        0x8 XMAudioControl.o
 .group         0x0000000000000000        0x8 XMAudioControl.o
 .group         0x0000000000000000        0x8 XMAudioControl.o
 .group         0x0000000000000000        0x8 XMAudioControl.o
 .group         0x0000000000000000        0x8 XMAudioControl.o
 .group         0x0000000000000000        0x8 XMAudioControl.o
 .group         0x0000000000000000        0x8 XMAudioControl.o
 .group         0x0000000000000000        0x8 XMAudioControl.o
 .group         0x0000000000000000        0x8 XMAudioControl.o
 .group         0x0000000000000000        0x8 XMAudioControl.o
 .group         0x0000000000000000        0x8 XMAudioControl.o
 .group         0x0000000000000000        0x8 XMAudioControl.o
 .group         0x0000000000000000        0x8 XMAudioControl.o
 .group         0x0000000000000000        0x8 XMAudioControl.o
 .group         0x0000000000000000        0x8 XMAudioControl.o
 .group         0x0000000000000000        0x8 XMAudioControl.o
 .group         0x0000000000000000        0x8 XMAudioControl.o
 .group         0x0000000000000000        0x8 XMAudioControl.o
 .group         0x0000000000000000        0x8 XMAudioControl.o
 .group         0x0000000000000000        0x8 XMAudioControl.o
 .group         0x0000000000000000        0x8 XMAudioControl.o
 .group         0x0000000000000000        0x8 XMAudioControl.o
 .group         0x0000000000000000        0x8 XMAudioControl.o
 .group         0x0000000000000000        0x8 XMAudioControl.o
 .group         0x0000000000000000        0x8 XMAudioControl.o
 _ZN15CXMSharedMemoryD5Ev
                0x0000000000000000        0x8 XMAudioControl.o
 .group         0x0000000000000000        0x8 XMAudioControl.o
 .group         0x0000000000000000        0x8 XMAudioControl.o
 _ZN7QStringD5Ev
                0x0000000000000000        0x8 XMAudioControl.o
 .group         0x0000000000000000        0x8 XMAudioControl.o
 .group         0x0000000000000000        0x8 XMAudioControl.o
 _ZN7QStringC5EPKc
                0x0000000000000000        0x8 XMAudioControl.o
 _ZN18__stVARIANT_STRINGD5Ev
                0x0000000000000000        0x8 XMAudioControl.o
 .group         0x0000000000000000        0x8 XMAudioControl.o
 .group         0x0000000000000000        0x8 XMAudioControl.o
 .group         0x0000000000000000        0x8 XMAudioControl.o
 .group         0x0000000000000000        0x8 XMAudioControl.o
 .group         0x0000000000000000        0x8 XMAudioControl.o
 .group         0x0000000000000000        0x8 XMAudioControl.o
 .group         0x0000000000000000        0x8 XMAudioControl.o
 .group         0x0000000000000000        0x8 XMAudioControl.o
 .group         0x0000000000000000        0x8 XMAudioControl.o
 .note.GNU-stack
                0x0000000000000000        0x0 XMAudioControl.o
 .note.GNU-stack
                0x0000000000000000        0x0 EngModeIf.o
 .note.GNU-stack
                0x0000000000000000        0x0 MicomDtcIf.o
 .note.GNU-stack
                0x0000000000000000        0x0 MicomSysInfoIf.o
 .note.GNU-stack
                0x0000000000000000        0x0 WeatherQueueThread.o
 .note.GNU-stack
                0x0000000000000000        0x0 SendToMessageQueue.o
 .group         0x0000000000000000        0x8 main.o
 _ZN7QStringD5Ev
                0x0000000000000000        0x8 main.o
 .group         0x0000000000000000        0x8 main.o
[...]
Memory Configuration

Name             Origin             Length             Attributes
*default*        0x0000000000000000 0xffffffffffffffff

Linker script and memory map

LOAD /usr/lib/gcc/i586-meego-linux/4.7.2/../../../crt1.o
LOAD /usr/lib/gcc/i586-meego-linux/4.7.2/../../../crti.o
LOAD /usr/lib/gcc/i586-meego-linux/4.7.2/crtbegin.o
LOAD XMAudioControl.o
LOAD EngModeIf.o
LOAD MicomDtcIf.o
LOAD MicomSysInfoIf.o
LOAD WeatherQueueThread.o
LOAD SendToMessageQueue.o
LOAD main.o
LOAD XMAudioEngine.o
LOAD xmdebug.o
LOAD XMVRSharedMemIf.o
LOAD XMAudioChannelItemModel.o
LOAD XMAudioCategoryItemModel.o
LOAD XMAudioPresetItemModel.o
LOAD XMPlayInfo.o
LOAD XMAudioEpgManager.o
LOAD XMAudioATManager.o
LOAD XMAudioSPManager.o
LOAD XMAudioFFManager.o
LOAD XMAudioInterface.o
LOAD moc_EngModeIf.o
LOAD moc_MicomDtcIf.o
LOAD moc_MicomSysInfoIf.o
LOAD moc_WeatherQueueThread.o
LOAD moc_SendToMessageQueue.o
LOAD moc_XMVRSharedMemIf.o
LOAD moc_XMAudioEngine.o
LOAD moc_XMPlayInfo.o
LOAD moc_XMChannelInfo.o
LOAD moc_XMCategoryInfo.o
LOAD moc_XMTaggingInfo.o
LOAD moc_XMEngineering.o
LOAD moc_XMAudioEpgManager.o
LOAD moc_XMAudioATManager.o
LOAD moc_XMAudioSPManager.o
LOAD moc_XMAudioFFManager.o
LOAD moc_XMSubscriptionStatus.o
LOAD moc_XMAudioChannelItemModel.o
LOAD moc_XMAudioCategoryItemModel.o
LOAD moc_XMAudioPresetItemModel.o
LOAD moc_XMAudioInterface.o
LOAD /app/lib/libDualDisplayHelper.so
LOAD /usr/lib/libpersistman.so
LOAD /app/lib/libDHAVN_QCANController.so
LOAD /app/lib/libappframework.so
LOAD /app/lib/librpmclient.so
LOAD /usr/lib/libhdaverb.so
LOAD /usr/lib/libqmlstatusbarplugin.so
LOAD /app/lib/libDHAVN_LogUtil.so
LOAD /app/lib/libDHAVN_LogEnabler.so
LOAD /usr/lib/libgstreamer-0.10.so
LOAD /usr/lib/libgobject-2.0.so
LOAD /usr/lib/libgmodule-2.0.so
LOAD /usr/lib/libxml2.so
LOAD /usr/lib/libgthread-2.0.so
LOAD /usr/lib/librt.so
LOAD /usr/lib/libglib-2.0.so
LOAD /usr/lib/libQtDBus.so
LOAD /usr/lib/libQtDeclarative.so
LOAD /usr/lib/libQtOpenGL.so
LOAD /usr/lib/libQtGui.so
LOAD /usr/lib/libQtCore.so
LOAD /usr/lib/libGLESv2.so
LOAD /usr/lib/libpthread.so
START GROUP
LOAD /lib/libpthread.so.0
LOAD /usr/lib/libpthread_nonshared.a
END GROUP
LOAD /usr/lib/libstdc++.so
LOAD /usr/lib/libm.so
LOAD /usr/lib/libgcc_s.so
LOAD /usr/lib/gcc/i586-meego-linux/4.7.2/libgcc.a
LOAD /usr/lib/libpthread.so
START GROUP
LOAD /lib/libpthread.so.0
LOAD /usr/lib/libpthread_nonshared.a
END GROUP
LOAD /usr/lib/libc.so
START GROUP
LOAD /lib/libc.so.6
LOAD /usr/lib/libc_nonshared.a
LOAD /lib/ld-linux.so.2
END GROUP
LOAD /usr/lib/libgcc_s.so
LOAD /usr/lib/gcc/i586-meego-linux/4.7.2/libgcc.a
LOAD /usr/lib/gcc/i586-meego-linux/4.7.2/crtend.o
LOAD /usr/lib/gcc/i586-meego-linux/4.7.2/../../../crtn.o
                0x0000000008048000                PROVIDE (__executable_start, 0x8048000)
                0x0000000008048134                . = (0x8048000 + SIZEOF_HEADERS)

.interp         0x0000000008048134       0x13
 *(.interp)
 .interp        0x0000000008048134       0x13 /usr/lib/gcc/i586-meego-linux/4.7.2/../../../crt1.o

.note.ABI-tag   0x0000000008048148       0x20
 .note.ABI-tag  0x0000000008048148       0x20 /usr/lib/gcc/i586-meego-linux/4.7.2/../../../crt1.o

.note.gnu.build-id
                0x0000000008048168       0x24
 *(.note.gnu.build-id)
 .note.gnu.build-id
                0x0000000008048168       0x24 /usr/lib/gcc/i586-meego-linux/4.7.2/../../../crt1.o

.hash           0x000000000804818c     0x1594
 *(.hash)
 .hash          0x000000000804818c     0x1594 /usr/lib/gcc/i586-meego-linux/4.7.2/../../../crt1.o

.gnu.hash
 *(.gnu.hash)

.dynsym         0x0000000008049720     0x1d90
 *(.dynsym)
 .dynsym        0x0000000008049720     0x1d90 /usr/lib/gcc/i586-meego-linux/4.7.2/../../../crt1.o

.dynstr         0x000000000804b4b0     0x3fbc
 *(.dynstr)
 .dynstr        0x000000000804b4b0     0x3fbc /usr/lib/gcc/i586-meego-linux/4.7.2/../../../crt1.o

.gnu.version    0x000000000804f46c      0x3b2
 *(.gnu.version)
 .gnu.version   0x000000000804f46c      0x3b2 /usr/lib/gcc/i586-meego-linux/4.7.2/../../../crt1.o

.gnu.version_d  0x000000000804f820        0x0 load address 0x000000000804f81e
 *(.gnu.version_d)
 .gnu.version_d
                0x0000000000000000        0x0 /usr/lib/gcc/i586-meego-linux/4.7.2/../../../crt1.o

.gnu.version_r  0x000000000804f820       0xa0
 *(.gnu.version_r)
 .gnu.version_r
                0x000000000804f820       0xa0 /usr/lib/gcc/i586-meego-linux/4.7.2/../../../crt1.o

.rel.dyn        0x000000000804f8c0       0xb0
 *(.rel.init)
 *(.rel.text .rel.text.* .rel.gnu.linkonce.t.*)
 .rel.text      0x0000000000000000        0x0 /usr/lib/gcc/i586-meego-linux/4.7.2/../../../crt1.o
 .rel.text._ZN19CXMAudioControlBaseD2Ev
                0x0000000000000000        0x0 /usr/lib/gcc/i586-meego-linux/4.7.2/../../../crt1.o
 .rel.text._ZN15CXMSharedMemoryD2Ev
                0x0000000000000000        0x0 /usr/lib/gcc/i586-meego-linux/4.7.2/../../../crt1.o
 .rel.text._ZN7QStringD2Ev
                0x0000000000000000        0x0 /usr/lib/gcc/i586-meego-linux/4.7.2/../../../crt1.o
 .rel.text._ZN15CXMSharedMemoryD0Ev
                0x0000000000000000        0x0 /usr/lib/gcc/i586-meego-linux/4.7.2/../../../crt1.o
 .rel.text._ZN19CXMAudioControlBaseD0Ev
                0x0000000000000000        0x0 /usr/lib/gcc/i586-meego-linux/4.7.2/../../../crt1.o
 .rel.text._ZN7QStringC2EPKc
                0x0000000000000000        0x0 /usr/lib/gcc/i586-meego-linux/4.7.2/../../../crt1.o
 .rel.text._ZN18__stVARIANT_STRINGD2Ev
                0x0000000000000000        0x0 /usr/lib/gcc/i586-meego-linux/4.7.2/../../../crt1.o
 .rel.text.startup
                0x0000000000000000        0x0 /usr/lib/gcc/i586-meego-linux/4.7.2/../../../crt1.o
 .rel.text._Z24qMetaTypeConstructHelperI5EventEPvPKT_
                0x0000000000000000        0x0 /usr/lib/gcc/i586-meego-linux/4.7.2/../../../crt1.o
 .rel.text._Z19qMetaTypeLoadHelperI5EventEvR11QDataStreamPT_
                0x0000000000000000        0x0 /usr/lib/gcc/i586-meego-linux/4.7.2/../../../crt1.o
 .rel.text._Z19qMetaTypeSaveHelperI5EventEvR11QDataStreamPKT_
                0x0000000000000000        0x0 /usr/lib/gcc/i586-meego-linux/4.7.2/../../../crt1.o
 .rel.text._Z21qDBusDemarshallHelperI5EventEvRK13QDBusArgumentPT_
                0x0000000000000000        0x0 /usr/lib/gcc/i586-meego-linux/4.7.2/../../../crt1.o
 .rel.text._Z19qDBusMarshallHelperI5EventEvR13QDBusArgumentPKT_
                0x0000000000000000        0x0 /usr/lib/gcc/i586-meego-linux/4.7.2/../../../crt1.o
 .rel.text._ZN10QByteArrayD2Ev
                0x0000000000000000        0x0 /usr/lib/gcc/i586-meego-linux/4.7.2/../../../crt1.o
 .rel.text._ZN11QMetaTypeIdI5EventE14qt_metatype_idEv
                0x0000000000000000        0x0 /usr/lib/gcc/i586-meego-linux/4.7.2/../../../crt1.o
 .rel.text._ZN16XMAudioInterface8instanceEv
                0x0000000000000000        0x0 /usr/lib/gcc/i586-meego-linux/4.7.2/../../../crt1.o
 .rel.text._ZN16XMAudioInterface4dropEv
                0x0000000000000000        0x0 /usr/lib/gcc/i586-meego-linux/4.7.2/../../../crt1.o
 .rel.text._ZN5QListI7QStringED2Ev
                0x0000000000000000        0x0 /usr/lib/gcc/i586-meego-linux/4.7.2/../../../crt1.o
 .rel.text._ZN5QListI7QStringE18detach_helper_growEii
                0x0000000000000000        0x0 /usr/lib/gcc/i586-meego-linux/4.7.2/../../../crt1.o
 .rel.text._ZN5QListI7QStringE6appendERKS0_
                0x0000000000000000        0x0 /usr/lib/gcc/i586-meego-linux/4.7.2/../../../crt1.o
 .rel.text._ZN20XMFFChannelItemModelD2Ev
                0x0000000000000000        0x0 /usr/lib/gcc/i586-meego-linux/4.7.2/../../../crt1.o
 .rel.text._ZN20XMAudioSeekItemModelD2Ev
                0x0000000000000000        0x0 /usr/lib/gcc/i586-meego-linux/4.7.2/../../../crt1.o
 .rel.text._ZN20XMAudioSeekItemModelD0Ev
                0x0000000000000000        0x0 /usr/lib/gcc/i586-meego-linux/4.7.2/../../../crt1.o
 .rel.text._ZN20XMFFChannelItemModelD0Ev
                0x0000000000000000        0x0 /usr/lib/gcc/i586-meego-linux/4.7.2/../../../crt1.o
 .rel.text._ZN8QByteRefaSEc
                0x0000000000000000        0x0 /usr/lib/gcc/i586-meego-linux/4.7.2/../../../crt1.o
 .rel.text._ZN7QStringaSEPKc
                0x0000000000000000        0x0 /usr/lib/gcc/i586-meego-linux/4.7.2/../../../crt1.o
 .rel.text._ZN7QString6appendEPKc
                0x0000000000000000        0x0 /usr/lib/gcc/i586-meego-linux/4.7.2/../../../crt1.o
 .rel.text._ZN7QString5clearEv
                0x0000000000000000        0x0 /usr/lib/gcc/i586-meego-linux/4.7.2/../../../crt1.o
 .rel.text._Z23qStringComparisonHelperRK7QStringPKc
                0x0000000000000000        0x0 /usr/lib/gcc/i586-meego-linux/4.7.2/../../../crt1.o
 .rel.text._ZplRK7QStringPKc
                0x0000000000000000        0x0 /usr/lib/gcc/i586-meego-linux/4.7.2/../../../crt1.o
 .rel.text._ZN14CXMChannelInfoD2Ev
                0x0000000000000000        0x0 /usr/lib/gcc/i586-meego-linux/4.7.2/../../../crt1.o
 .rel.text._ZN14CXMChannelInfoD0Ev
                0x0000000000000000        0x0 /usr/lib/gcc/i586-meego-linux/4.7.2/../../../crt1.o
 .rel.text._ZN14CXMChannelInfo3SetEP18XMAudioChannelItem
                0x0000000000000000        0x0 /usr/lib/gcc/i586-meego-linux/4.7.2/../../../crt1.o
 .rel.text._ZN14CXMChannelInfo5ResetEv
                0x0000000000000000        0x0 /usr/lib/gcc/i586-meego-linux/4.7.2/../../../crt1.o
 .rel.text._ZN14CXMChannelInfoC2EP7QObject
                0x0000000000000000        0x0 /usr/lib/gcc/i586-meego-linux/4.7.2/../../../crt1.o
 .rel.text._ZN11CXMPlayInfoC2EP7QObject
                0x0000000000000000        0x0 /usr/lib/gcc/i586-meego-linux/4.7.2/../../../crt1.o
 .rel.text._ZN11CXMPlayInfoD2Ev
                0x0000000000000000        0x0 /usr/lib/gcc/i586-meego-linux/4.7.2/../../../crt1.o
 .rel.text._ZN11CXMPlayInfoD0Ev
                0x0000000000000000        0x0 /usr/lib/gcc/i586-meego-linux/4.7.2/../../../crt1.o
 .rel.text._ZN11CXMPlayInfo9SetOffsetEi
                0x0000000000000000        0x0 /usr/lib/gcc/i586-meego-linux/4.7.2/../../../crt1.o
 .rel.text._ZN14CXMTaggingInfoD2Ev
                0x0000000000000000        0x0 /usr/lib/gcc/i586-meego-linux/4.7.2/../../../crt1.o
 .rel.text._ZN14CXMTaggingInfoD0Ev
                0x0000000000000000        0x0 /usr/lib/gcc/i586-meego-linux/4.7.2/../../../crt1.o
 .rel.text._ZN14CXMTaggingInfo6SetTagEP18XMAudioChannelItem
                0x0000000000000000        0x0 /usr/lib/gcc/i586-meego-linux/4.7.2/../../../crt1.o
 .rel.text._ZN14CXMTaggingInfo10SetTagInfoEP17XM_CHANNELTAGINFO
                0x0000000000000000        0x0 /usr/lib/gcc/i586-meego-linux/4.7.2/../../../crt1.o
 .rel.text._ZN14CXMTaggingInfo8ResetTagEv
                0x0000000000000000        0x0 /usr/lib/gcc/i586-meego-linux/4.7.2/../../../crt1.o
 .rel.text._ZN14CXMTaggingInfoC2EP7QObject
                0x0000000000000000        0x0 /usr/lib/gcc/i586-meego-linux/4.7.2/../../../crt1.o
 .rel.text._ZN14CXMEngineeringC2E7QStringS0_P7QObject
                0x0000000000000000        0x0 /usr/lib/gcc/i586-meego-linux/4.7.2/../../../crt1.o
 .rel.text._ZN14CXMEngineeringD2Ev
                0x0000000000000000        0x0 /usr/lib/gcc/i586-meego-linux/4.7.2/../../../crt1.o
 .rel.text._ZN14CXMEngineeringD0Ev
                0x0000000000000000        0x0 /usr/lib/gcc/i586-meego-linux/4.7.2/../../../crt1.o
 .rel.text._ZN14CXMEngineering5ResetEv
                0x0000000000000000        0x0 /usr/lib/gcc/i586-meego-linux/4.7.2/../../../crt1.o
 .rel.text._ZN23XMAudioChannelItemModelD2Ev
                0x0000000000000000        0x0 /usr/lib/gcc/i586-meego-linux/4.7.2/../../../crt1.o
 .rel.text._ZN23XMAudioChannelItemModelD0Ev
                0x0000000000000000        0x0 /usr/lib/gcc/i586-meego-linux/4.7.2/../../../crt1.o
 .rel.text._ZN18XMAudioTeamManager5ResetEv
                0x0000000000000000        0x0 /usr/lib/gcc/i586-meego-linux/4.7.2/../../../crt1.o
 .rel.text._ZN16XMAudioFFManagerD2Ev
                0x0000000000000000        0x0 /usr/lib/gcc/i586-meego-linux/4.7.2/../../../crt1.o
 .rel.text._ZN16XMAudioFFManagerD0Ev
                0x0000000000000000        0x0 /usr/lib/gcc/i586-meego-linux/4.7.2/../../../crt1.o
 .rel.text._ZN21CXMSubscriptionStatusD2Ev
                0x0000000000000000        0x0 /usr/lib/gcc/i586-meego-linux/4.7.2/../../../crt1.o
 .rel.text._ZN21CXMSubscriptionStatusD0Ev
                0x0000000000000000        0x0 /usr/lib/gcc/i586-meego-linux/4.7.2/../../../crt1.o
 .rel.text._ZN21CXMSubscriptionStatus3SetEP21XM_MODULESUBSCRIPTION
                0x0000000000000000        0x0 /usr/lib/gcc/i586-meego-linux/4.7.2/../../../crt1.o
 .rel.text._ZN21CXMSubscriptionStatus5ResetEv
                0x0000000000000000        0x0 /usr/lib/gcc/i586-meego-linux/4.7.2/../../../crt1.o
 .rel.text._ZN5QListIP13QStandardItemED2Ev
                0x0000000000000000        0x0 /usr/lib/gcc/i586-meego-linux/4.7.2/../../../crt1.o
 .rel.text._ZN5QListIP7QObjectED2Ev
                0x0000000000000000        0x0 /usr/lib/gcc/i586-meego-linux/4.7.2/../../../crt1.o
 .rel.text._Z21qMetaTypeDeleteHelperI5QListIP7QObjectEEvPT_
                0x0000000000000000        0x0 /usr/lib/gcc/i586-meego-linux/4.7.2/../../../crt1.o
 .rel.text._ZN18XMAudioTeamManagerC2EP7QObject
                0x0000000000000000        0x0 /usr/lib/gcc/i586-meego-linux/4.7.2/../../../crt1.o
 .rel.text._ZN18XMAudioTeamManagerD2Ev
                0x0000000000000000        0x0 /usr/lib/gcc/i586-meego-linux/4.7.2/../../../crt1.o
 .rel.text._ZN18XMAudioTeamManagerD0Ev
                0x0000000000000000        0x0 /usr/lib/gcc/i586-meego-linux/4.7.2/../../../crt1.o
 .rel.text._ZN17XMAudioEpgManagerD2Ev
                0x0000000000000000        0x0 /usr/lib/gcc/i586-meego-linux/4.7.2/../../../crt1.o
 .rel.text._ZN17XMAudioEpgManagerD0Ev
                0x0000000000000000        0x0 /usr/lib/gcc/i586-meego-linux/4.7.2/../../../crt1.o
 .rel.text._Z17qRegisterMetaTypeI5QListIP7QObjectEEiPKcPT_
                0x0000000000000000        0x0 /usr/lib/gcc/i586-meego-linux/4.7.2/../../../crt1.o
 .rel.text._ZN5QListI8QVariantED2Ev
                0x0000000000000000        0x0 /usr/lib/gcc/i586-meego-linux/4.7.2/../../../crt1.o
 .rel.text._ZN5QListIP7QObjectE18detach_helper_growEii
                0x0000000000000000        0x0 /usr/lib/gcc/i586-meego-linux/4.7.2/../../../crt1.o
 .rel.text._ZN5QListIP7QObjectE6appendERKS1_
                0x0000000000000000        0x0 /usr/lib/gcc/i586-meego-linux/4.7.2/../../../crt1.o
 .rel.text._ZN7QVectorIiED2Ev
                0x0000000000000000        0x0 /usr/lib/gcc/i586-meego-linux/4.7.2/../../../crt1.o
 .rel.text._ZN5QListI16XM_SEEKEVENTDATAE18detach_helper_growEii
                0x0000000000000000        0x0 /usr/lib/gcc/i586-meego-linux/4.7.2/../../../crt1.o
 .rel.text._ZN5QListI16XM_SEEKEVENTDATAE6appendERKS0_
                0x0000000000000000        0x0 /usr/lib/gcc/i586-meego-linux/4.7.2/../../../crt1.o
 .rel.text._ZNK14QStringBuilderIS_IS_IS_IS_IS_IS_IA24_c5QCharEA37_cES1_ES1_ES1_EA47_cES1_E9convertToI7QStringEET_v
                0x0000000000000000        0x0 /usr/lib/gcc/i586-meego-linux/4.7.2/../../../crt1.o
 .rel.text._ZN5QListIP13QStandardItemE18detach_helper_growEii
                0x0000000000000000        0x0 /usr/lib/gcc/i586-meego-linux/4.7.2/../../../crt1.o
 .rel.text._ZN5QListIP13QStandardItemE6appendERKS1_
                0x0000000000000000        0x0 /usr/lib/gcc/i586-meego-linux/4.7.2/../../../crt1.o
 .rel.text._ZN18QStandardItemModel9appendRowEP13QStandardItem
                0x0000000000000000        0x0 /usr/lib/gcc/i586-meego-linux/4.7.2/../../../crt1.o
 .rel.text._ZN5QListIP7QObjectE13detach_helperEv
                0x0000000000000000        0x0 /usr/lib/gcc/i586-meego-linux/4.7.2/../../../crt1.o
 .rel.text._ZN5QListIP7QObjectE5clearEv
                0x0000000000000000        0x0 /usr/lib/gcc/i586-meego-linux/4.7.2/../../../crt1.o
 .rel.text._Z24qMetaTypeConstructHelperI5QListIP7QObjectEEPvPKT_
                0x0000000000000000        0x0 /usr/lib/gcc/i586-meego-linux/4.7.2/../../../crt1.o
 .rel.text._ZN5QListI8QVariantE18detach_helper_growEii
                0x0000000000000000        0x0 /usr/lib/gcc/i586-meego-linux/4.7.2/../../../crt1.o
 .rel.text._ZN5QListI8QVariantE6appendERKS0_
                0x0000000000000000        0x0 /usr/lib/gcc/i586-meego-linux/4.7.2/../../../crt1.o
 .rel.text._ZN14MicomSysInfoIf18LgeDBus_SXMRadioIDERK10QByteArray
                0x0000000000000000        0x0 /usr/lib/gcc/i586-meego-linux/4.7.2/../../../crt1.o
 .rel.text._ZN10MicomDtcIf18LgeDBus_DTCSendMsgERK10QByteArray
                0x0000000000000000        0x0 /usr/lib/gcc/i586-meego-linux/4.7.2/../../../crt1.o
 .rel.text._ZN9EngModeIf15resDiagnosisEndEi
                0x0000000000000000        0x0 /usr/lib/gcc/i586-meego-linux/4.7.2/../../../crt1.o
 .rel.text._ZN9EngModeIf16ConnectivityInfoEii
                0x0000000000000000        0x0 /usr/lib/gcc/i586-meego-linux/4.7.2/../../../crt1.o
 .rel.text._ZN9EngModeIf11VersionInfoEiRK7QString
                0x0000000000000000        0x0 /usr/lib/gcc/i586-meego-linux/4.7.2/../../../crt1.o
 .rel.text._ZN10MicomDtcIf20LgeDBus_CANTPSendMsgERK10QByteArray
                0x0000000000000000        0x0 /usr/lib/gcc/i586-meego-linux/4.7.2/../../../crt1.o
 .rel.text._ZN7QVectorIiE7reallocEii
                0x0000000000000000        0x0 /usr/lib/gcc/i586-meego-linux/4.7.2/../../../crt1.o
 .rel.text._ZN7QVectorIiE6resizeEi
                0x0000000000000000        0x0 /usr/lib/gcc/i586-meego-linux/4.7.2/../../../crt1.o
 .rel.text._ZN7QVectorIiE13detach_helperEv
                0x0000000000000000        0x0 /usr/lib/gcc/i586-meego-linux/4.7.2/../../../crt1.o
 .rel.text._ZN5QListI16XM_SEEKEVENTDATAE13detach_helperEi
                0x0000000000000000        0x0 /usr/lib/gcc/i586-meego-linux/4.7.2/../../../crt1.o
 .rel.text._ZN24XMChannelSortFilterModelD2Ev
                0x0000000000000000        0x0 /usr/lib/gcc/i586-meego-linux/4.7.2/../../../crt1.o
 .rel.text._ZN16XMAudioATManagerD2Ev
                0x0000000000000000        0x0 /usr/lib/gcc/i586-meego-linux/4.7.2/../../../crt1.o
 .rel.text._ZN16XMAudioATManagerD0Ev
                0x0000000000000000        0x0 /usr/lib/gcc/i586-meego-linux/4.7.2/../../../crt1.o
 .rel.text._ZN24XMChannelSortFilterModelD0Ev
                0x0000000000000000        0x0 /usr/lib/gcc/i586-meego-linux/4.7.2/../../../crt1.o
 .rel.text._ZN5QHashIi10QByteArrayE11deleteNode2EPN9QHashData4NodeE
                0x0000000000000000        0x0 /usr/lib/gcc/i586-meego-linux/4.7.2/../../../crt1.o
 .rel.text._ZN5QListIjED2Ev
                0x0000000000000000        0x0 /usr/lib/gcc/i586-meego-linux/4.7.2/../../../crt1.o
 .rel.text._ZN18XMAudioChannelItemD2Ev
                0x0000000000000000        0x0 /usr/lib/gcc/i586-meego-linux/4.7.2/../../../crt1.o
 .rel.text._ZN18XMAudioChannelItemD0Ev
                0x0000000000000000        0x0 /usr/lib/gcc/i586-meego-linux/4.7.2/../../../crt1.o
 .rel.text._ZN5QListIjE18detach_helper_growEii
                0x0000000000000000        0x0 /usr/lib/gcc/i586-meego-linux/4.7.2/../../../crt1.o
 .rel.text._ZN5QListIjE6appendERKj
                0x0000000000000000        0x0 /usr/lib/gcc/i586-meego-linux/4.7.2/../../../crt1.o
 .rel.text._ZN5QListIjE13detach_helperEv
                0x0000000000000000        0x0 /usr/lib/gcc/i586-meego-linux/4.7.2/../../../crt1.o
 .rel.text._ZN5QListIjE5clearEv
                0x0000000000000000        0x0 /usr/lib/gcc/i586-meego-linux/4.7.2/../../../crt1.o
 .rel.text._ZN25XMCategorySortFilterModelD2Ev
                0x0000000000000000        0x0 /usr/lib/gcc/i586-meego-linux/4.7.2/../../../crt1.o
 .rel.text._ZN25XMCategorySortFilterModelD0Ev
                0x0000000000000000        0x0 /usr/lib/gcc/i586-meego-linux/4.7.2/../../../crt1.o
 .rel.text._ZN19XMAudioCategoryItemD2Ev
                0x0000000000000000        0x0 /usr/lib/gcc/i586-meego-linux/4.7.2/../../../crt1.o
 .rel.text._ZN19XMAudioCategoryItemD0Ev
                0x0000000000000000        0x0 /usr/lib/gcc/i586-meego-linux/4.7.2/../../../crt1.o
 .rel.text._ZN17XMAudioPresetItemD2Ev
                0x0000000000000000        0x0 /usr/lib/gcc/i586-meego-linux/4.7.2/../../../crt1.o
 .rel.text._ZN17XMAudioPresetItemD0Ev
                0x0000000000000000        0x0 /usr/lib/gcc/i586-meego-linux/4.7.2/../../../crt1.o
 .rel.text._ZN10QByteArray6detachEv
                0x0000000000000000        0x0 /usr/lib/gcc/i586-meego-linux/4.7.2/../../../crt1.o
 .rel.text._Z23qStringComparisonHelperRK10QStringRefPKc
                0x0000000000000000        0x0 /usr/lib/gcc/i586-meego-linux/4.7.2/../../../crt1.o
 .rel.text._ZN17XMAudioEpgManager3SetEPS_
                0x0000000000000000        0x0 /usr/lib/gcc/i586-meego-linux/4.7.2/../../../crt1.o
 .rel.text._ZN17XMAudioEpgManager5ResetEv
                0x0000000000000000        0x0 /usr/lib/gcc/i586-meego-linux/4.7.2/../../../crt1.o
 .rel.text._ZN4QDir4rootEv
                0x0000000000000000        0x0 /usr/lib/gcc/i586-meego-linux/4.7.2/../../../crt1.o
 .rel.text._ZN18QAlgorithmsPrivate11qSortHelperIN5QListIP7QObjectE8iteratorES3_PFbPvS6_EEEvT_S9_RKT0_T1_
                0x0000000000000000        0x0 /usr/lib/gcc/i586-meego-linux/4.7.2/../../../crt1.o
 .rel.text._ZN7QVectorI19QXmlStreamAttributeE7reallocEii
                0x0000000000000000        0x0 /usr/lib/gcc/i586-meego-linux/4.7.2/../../../crt1.o
 .rel.text._ZN7QVectorI19QXmlStreamAttributeEaSERKS1_
                0x0000000000000000        0x0 /usr/lib/gcc/i586-meego-linux/4.7.2/../../../crt1.o
 .rel.text._ZN5QListIP7QObjectE13detach_helperEi
                0x0000000000000000        0x0 /usr/lib/gcc/i586-meego-linux/4.7.2/../../../crt1.o
 .rel.text._ZN5QListIP7QObjectE8removeAtEi
                0x0000000000000000        0x0 /usr/lib/gcc/i586-meego-linux/4.7.2/../../../crt1.o
 .rel.text._ZN5QListIP7QObjectE11removeFirstEv
                0x0000000000000000        0x0 /usr/lib/gcc/i586-meego-linux/4.7.2/../../../crt1.o
 .rel.text._ZN17QForeachContainerI5QListIP7QObjectEED2Ev
                0x0000000000000000        0x0 /usr/lib/gcc/i586-meego-linux/4.7.2/../../../crt1.o
 .rel.text._ZN5QListIP7QObjectE9removeOneERKS1_
                0x0000000000000000        0x0 /usr/lib/gcc/i586-meego-linux/4.7.2/../../../crt1.o
 .rel.text._ZN5QListI14XM_FF_BANDINFOE18detach_helper_growEii
                0x0000000000000000        0x0 /usr/lib/gcc/i586-meego-linux/4.7.2/../../../crt1.o
 .rel.text._ZN5QListI14XM_FF_BANDINFOE6appendERKS0_
                0x0000000000000000        0x0 /usr/lib/gcc/i586-meego-linux/4.7.2/../../../crt1.o
 .rel.text._ZN5QListI14XM_FF_BANDINFOE13detach_helperEi
                0x0000000000000000        0x0 /usr/lib/gcc/i586-meego-linux/4.7.2/../../../crt1.o
 .rel.text._ZN18SendToMessageQueueD2Ev
                0x0000000000000000        0x0 /usr/lib/gcc/i586-meego-linux/4.7.2/../../../crt1.o
 .rel.text._ZN18SendToMessageQueueD0Ev
                0x0000000000000000        0x0 /usr/lib/gcc/i586-meego-linux/4.7.2/../../../crt1.o
 .rel.text._ZN15LocalizeTriggerD2Ev
                0x0000000000000000        0x0 /usr/lib/gcc/i586-meego-linux/4.7.2/../../../crt1.o
 .rel.text._ZN15LocalizeTriggerD0Ev
                0x0000000000000000        0x0 /usr/lib/gcc/i586-meego-linux/4.7.2/../../../crt1.o
 .rel.text._ZN7QVectorI7QStringE7reallocEii
                0x0000000000000000        0x0 /usr/lib/gcc/i586-meego-linux/4.7.2/../../../crt1.o
 .rel.text._ZN7QVectorI7QStringE6appendERKS0_
                0x0000000000000000        0x0 /usr/lib/gcc/i586-meego-linux/4.7.2/../../../crt1.o
 .rel.text._ZN15CXMCategoryInfoD2Ev
                0x0000000000000000        0x0 /usr/lib/gcc/i586-meego-linux/4.7.2/../../../crt1.o
 .rel.text._ZN15CXMCategoryInfoD0Ev
                0x0000000000000000        0x0 /usr/lib/gcc/i586-meego-linux/4.7.2/../../../crt1.o
 .rel.text._ZN20XMAudioLeagueManagerD2Ev
                0x0000000000000000        0x0 /usr/lib/gcc/i586-meego-linux/4.7.2/../../../crt1.o
 .rel.text._ZN20XMAudioLeagueManagerD0Ev
                0x0000000000000000        0x0 /usr/lib/gcc/i586-meego-linux/4.7.2/../../../crt1.o
 .rel.text._ZN24XMAudioCategoryItemModelD2Ev
                0x0000000000000000        0x0 /usr/lib/gcc/i586-meego-linux/4.7.2/../../../crt1.o
 .rel.text._ZN24XMAudioCategoryItemModelD0Ev
                0x0000000000000000        0x0 /usr/lib/gcc/i586-meego-linux/4.7.2/../../../crt1.o
 .rel.text._ZN22XMAudioPresetItemModelD2Ev
                0x0000000000000000        0x0 /usr/lib/gcc/i586-meego-linux/4.7.2/../../../crt1.o
 .rel.text._ZN22XMAudioPresetItemModelD0Ev
                0x0000000000000000        0x0 /usr/lib/gcc/i586-meego-linux/4.7.2/../../../crt1.o
 .rel.text._ZN16XMAudioInterfaceD2Ev
                0x0000000000000000        0x0 /usr/lib/gcc/i586-meego-linux/4.7.2/../../../crt1.o
 .rel.text._ZN16XMAudioInterfaceD0Ev
                0x0000000000000000        0x0 /usr/lib/gcc/i586-meego-linux/4.7.2/../../../crt1.o
 *(.rel.fini)
 *(.rel.rodata .rel.rodata.* .rel.gnu.linkonce.r.*)
 .rel.rodata._ZTI15CXMAudioControl
                0x0000000000000000        0x0 /usr/lib/gcc/i586-meego-linux/4.7.2/../../../crt1.o
 .rel.rodata._ZTV15CXMAudioControl
                0x0000000000000000        0x0 /usr/lib/gcc/i586-meego-linux/4.7.2/../../../crt1.o
 .rel.rodata._ZTV19CXMAudioControlBase
                0x0000000000000000        0x0 /usr/lib/gcc/i586-meego-linux/4.7.2/../../../crt1.o
 .rel.rodata._ZTV15CXMSharedMemory
                0x0000000000000000        0x0 /usr/lib/gcc/i586-meego-linux/4.7.2/../../../crt1.o
 .rel.rodata._ZTI19CXMAudioControlBase
                0x0000000000000000        0x0 /usr/lib/gcc/i586-meego-linux/4.7.2/../../../crt1.o
 .rel.rodata._ZTI15CXMSharedMemory
                0x0000000000000000        0x0 /usr/lib/gcc/i586-meego-linux/4.7.2/../../../crt1.o
 .rel.rodata._ZTV20XMAudioSeekItemModel
                0x0000000000000000        0x0 /usr/lib/gcc/i586-meego-linux/4.7.2/../../../crt1.o
 .rel.rodata._ZTV20XMFFChannelItemModel
                0x0000000000000000        0x0 /usr/lib/gcc/i586-meego-linux/4.7.2/../../../crt1.o
 .rel.rodata._ZTI20XMAudioSeekItemModel
                0x0000000000000000        0x0 /usr/lib/gcc/i586-meego-linux/4.7.2/../../../crt1.o
 .rel.rodata._ZTI20XMFFChannelItemModel
                0x0000000000000000        0x0 /usr/lib/gcc/i586-meego-linux/4.7.2/../../../crt1.o
 .rel.rodata._ZTI18XMAudioChannelItem
                0x0000000000000000        0x0 /usr/lib/gcc/i586-meego-linux/4.7.2/../../../crt1.o
 .rel.rodata._ZTI24XMChannelSortFilterModel
                0x0000000000000000        0x0 /usr/lib/gcc/i586-meego-linux/4.7.2/../../../crt1.o
 .rel.rodata._ZTV18XMAudioChannelItem
                0x0000000000000000        0x0 /usr/lib/gcc/i586-meego-linux/4.7.2/../../../crt1.o
 .rel.rodata._ZTV24XMChannelSortFilterModel
                0x0000000000000000        0x0 /usr/lib/gcc/i586-meego-linux/4.7.2/../../../crt1.o
 .rel.rodata._ZTI19XMAudioCategoryItem
                0x0000000000000000        0x0 /usr/lib/gcc/i586-meego-linux/4.7.2/../../../crt1.o
 .rel.rodata._ZTI25XMCategorySortFilterModel
                0x0000000000000000        0x0 /usr/lib/gcc/i586-meego-linux/4.7.2/../../../crt1.o
 .rel.rodata._ZTV19XMAudioCategoryItem
                0x0000000000000000        0x0 /usr/lib/gcc/i586-meego-linux/4.7.2/../../../crt1.o
 .rel.rodata._ZTV25XMCategorySortFilterModel
                0x0000000000000000        0x0 /usr/lib/gcc/i586-meego-linux/4.7.2/../../../crt1.o
 .rel.rodata._ZTI17XMAudioPresetItem
                0x0000000000000000        0x0 /usr/lib/gcc/i586-meego-linux/4.7.2/../../../crt1.o
 .rel.rodata._ZTV17XMAudioPresetItem
                0x0000000000000000        0x0 /usr/lib/gcc/i586-meego-linux/4.7.2/../../../crt1.o
 .rel.rodata    0x0000000000000000        0x0 /usr/lib/gcc/i586-meego-linux/4.7.2/../../../crt1.o
 .rel.rodata._ZTI9EngModeIf
                0x0000000000000000        0x0 /usr/lib/gcc/i586-meego-linux/4.7.2/../../../crt1.o
 .rel.rodata._ZTV9EngModeIf
                0x0000000000000000        0x0 /usr/lib/gcc/i586-meego-linux/4.7.2/../../../crt1.o
 .rel.rodata._ZTI10MicomDtcIf
                0x0000000000000000        0x0 /usr/lib/gcc/i586-meego-linux/4.7.2/../../../crt1.o
 .rel.rodata._ZTV10MicomDtcIf
                0x0000000000000000        0x0 /usr/lib/gcc/i586-meego-linux/4.7.2/../../../crt1.o
 .rel.rodata._ZTI14MicomSysInfoIf
                0x0000000000000000        0x0 /usr/lib/gcc/i586-meego-linux/4.7.2/../../../crt1.o
 .rel.rodata._ZTV14MicomSysInfoIf
                0x0000000000000000        0x0 /usr/lib/gcc/i586-meego-linux/4.7.2/../../../crt1.o
 .rel.rodata._ZTI18WeatherQueueThread
                0x0000000000000000        0x0 /usr/lib/gcc/i586-meego-linux/4.7.2/../../../crt1.o
 .rel.rodata._ZTV18WeatherQueueThread
                0x0000000000000000        0x0 /usr/lib/gcc/i586-meego-linux/4.7.2/../../../crt1.o
 .rel.rodata._ZTI18SendToMessageQueue
                0x0000000000000000        0x0 /usr/lib/gcc/i586-meego-linux/4.7.2/../../../crt1.o
 .rel.rodata._ZTV18SendToMessageQueue
                0x0000000000000000        0x0 /usr/lib/gcc/i586-meego-linux/4.7.2/../../../crt1.o
 .rel.rodata._ZTI15XMVRSharedMemIf
                0x0000000000000000        0x0 /usr/lib/gcc/i586-meego-linux/4.7.2/../../../crt1.o
 .rel.rodata._ZTV15XMVRSharedMemIf
                0x0000000000000000        0x0 /usr/lib/gcc/i586-meego-linux/4.7.2/../../../crt1.o
 .rel.rodata._ZTI13XMAudioEngine
                0x0000000000000000        0x0 /usr/lib/gcc/i586-meego-linux/4.7.2/../../../crt1.o
 .rel.rodata._ZTI15LocalizeTrigger
                0x0000000000000000        0x0 /usr/lib/gcc/i586-meego-linux/4.7.2/../../../crt1.o
 .rel.rodata._ZTV13XMAudioEngine
                0x0000000000000000        0x0 /usr/lib/gcc/i586-meego-linux/4.7.2/../../../crt1.o
 .rel.rodata._ZTV15LocalizeTrigger
                0x0000000000000000        0x0 /usr/lib/gcc/i586-meego-linux/4.7.2/../../../crt1.o
 .rel.rodata._ZTI11CXMPlayInfo
                0x0000000000000000        0x0 /usr/lib/gcc/i586-meego-linux/4.7.2/../../../crt1.o
 .rel.rodata._ZTV11CXMPlayInfo
                0x0000000000000000        0x0 /usr/lib/gcc/i586-meego-linux/4.7.2/../../../crt1.o
 .rel.rodata._ZTI14CXMChannelInfo
                0x0000000000000000        0x0 /usr/lib/gcc/i586-meego-linux/4.7.2/../../../crt1.o
 .rel.rodata._ZTV14CXMChannelInfo
                0x0000000000000000        0x0 /usr/lib/gcc/i586-meego-linux/4.7.2/../../../crt1.o
 .rel.rodata._ZTI15CXMCategoryInfo
                0x0000000000000000        0x0 /usr/lib/gcc/i586-meego-linux/4.7.2/../../../crt1.o
 .rel.rodata._ZTV15CXMCategoryInfo
                0x0000000000000000        0x0 /usr/lib/gcc/i586-meego-linux/4.7.2/../../../crt1.o
 .rel.rodata._ZTI14CXMTaggingInfo
                0x0000000000000000        0x0 /usr/lib/gcc/i586-meego-linux/4.7.2/../../../crt1.o
 .rel.rodata._ZTV14CXMTaggingInfo
                0x0000000000000000        0x0 /usr/lib/gcc/i586-meego-linux/4.7.2/../../../crt1.o
 .rel.rodata._ZTI14CXMEngineering
                0x0000000000000000        0x0 /usr/lib/gcc/i586-meego-linux/4.7.2/../../../crt1.o
 .rel.rodata._ZTV14CXMEngineering
                0x0000000000000000        0x0 /usr/lib/gcc/i586-meego-linux/4.7.2/../../../crt1.o
 .rel.rodata._ZTI17XMAudioEpgManager
                0x0000000000000000        0x0 /usr/lib/gcc/i586-meego-linux/4.7.2/../../../crt1.o
 .rel.rodata._ZTV17XMAudioEpgManager
                0x0000000000000000        0x0 /usr/lib/gcc/i586-meego-linux/4.7.2/../../../crt1.o
 .rel.rodata._ZTI16XMAudioATManager
                0x0000000000000000        0x0 /usr/lib/gcc/i586-meego-linux/4.7.2/../../../crt1.o
 .rel.rodata._ZTV16XMAudioATManager
                0x0000000000000000        0x0 /usr/lib/gcc/i586-meego-linux/4.7.2/../../../crt1.o
 .rel.rodata._ZTI18XMAudioTeamManager
                0x0000000000000000        0x0 /usr/lib/gcc/i586-meego-linux/4.7.2/../../../crt1.o
 .rel.rodata._ZTI20XMAudioLeagueManager
                0x0000000000000000        0x0 /usr/lib/gcc/i586-meego-linux/4.7.2/../../../crt1.o
 .rel.rodata._ZTV18XMAudioTeamManager
                0x0000000000000000        0x0 /usr/lib/gcc/i586-meego-linux/4.7.2/../../../crt1.o
 .rel.rodata._ZTV20XMAudioLeagueManager
                0x0000000000000000        0x0 /usr/lib/gcc/i586-meego-linux/4.7.2/../../../crt1.o
 .rel.rodata._ZTI16XMAudioFFManager
                0x0000000000000000        0x0 /usr/lib/gcc/i586-meego-linux/4.7.2/../../../crt1.o
 .rel.rodata._ZTV16XMAudioFFManager
                0x0000000000000000        0x0 /usr/lib/gcc/i586-meego-linux/4.7.2/../../../crt1.o
 .rel.rodata._ZTI21CXMSubscriptionStatus
                0x0000000000000000        0x0 /usr/lib/gcc/i586-meego-linux/4.7.2/../../../crt1.o
 .rel.rodata._ZTV21CXMSubscriptionStatus
                0x0000000000000000        0x0 /usr/lib/gcc/i586-meego-linux/4.7.2/../../../crt1.o
 .rel.rodata._ZTI23XMAudioChannelItemModel
                0x0000000000000000        0x0 /usr/lib/gcc/i586-meego-linux/4.7.2/../../../crt1.o
 .rel.rodata._ZTV23XMAudioChannelItemModel
                0x0000000000000000        0x0 /usr/lib/gcc/i586-meego-linux/4.7.2/../../../crt1.o
 .rel.rodata._ZTI24XMAudioCategoryItemModel
                0x0000000000000000        0x0 /usr/lib/gcc/i586-meego-linux/4.7.2/../../../crt1.o
 .rel.rodata._ZTV24XMAudioCategoryItemModel
                0x0000000000000000        0x0 /usr/lib/gcc/i586-meego-linux/4.7.2/../../../crt1.o
 .rel.rodata._ZTI22XMAudioPresetItemModel
                0x0000000000000000        0x0 /usr/lib/gcc/i586-meego-linux/4.7.2/../../../crt1.o
 .rel.rodata._ZTV22XMAudioPresetItemModel
                0x0000000000000000        0x0 /usr/lib/gcc/i586-meego-linux/4.7.2/../../../crt1.o
 .rel.rodata._ZTI16XMAudioInterface
                0x0000000000000000        0x0 /usr/lib/gcc/i586-meego-linux/4.7.2/../../../crt1.o
 .rel.rodata._ZTV16XMAudioInterface
                0x0000000000000000        0x0 /usr/lib/gcc/i586-meego-linux/4.7.2/../../../crt1.o
 *(.rel.data.rel.ro* .rel.gnu.linkonce.d.rel.ro.*)
 *(.rel.data .rel.data.* .rel.gnu.linkonce.d.*)
 *(.rel.tdata .rel.tdata.* .rel.gnu.linkonce.td.*)
 *(.rel.tbss .rel.tbss.* .rel.gnu.linkonce.tb.*)
 *(.rel.ctors)
 *(.rel.dtors)
 *(.rel.got)
 .rel.got       0x000000000804f8c0        0x8 /usr/lib/gcc/i586-meego-linux/4.7.2/../../../crt1.o
 *(.rel.sharable_data .rel.sharable_data.* .rel.gnu.linkonce.shrd.*)
 *(.rel.sharable_bss .rel.sharable_bss.* .rel.gnu.linkonce.shrb.*)
 .rel.sharable_bss
                0x0000000000000000        0x0 /usr/lib/gcc/i586-meego-linux/4.7.2/../../../crt1.o
 *(.rel.bss .rel.bss.* .rel.gnu.linkonce.b.*)
 .rel.bss       0x000000000804f8c8       0xa8 /usr/lib/gcc/i586-meego-linux/4.7.2/../../../crt1.o
 *(.rel.ifunc)
 .rel.eh_frame  0x0000000000000000        0x0 /usr/lib/gcc/i586-meego-linux/4.7.2/../../../crt1.o

.rel.plt        0x000000000804f970      0xd28
 *(.rel.plt)
 .rel.plt       0x000000000804f970      0xd28 /usr/lib/gcc/i586-meego-linux/4.7.2/../../../crt1.o
                0x0000000008050698                PROVIDE (__rel_iplt_start, .)
 *(.rel.iplt)
 .rel.iplt      0x0000000000000000        0x0 /usr/lib/gcc/i586-meego-linux/4.7.2/../../../crt1.o
                0x0000000008050698                PROVIDE (__rel_iplt_end, .)

.init           0x0000000008050698       0x2d
 *(.init)
 .init          0x0000000008050698       0x1e /usr/lib/gcc/i586-meego-linux/4.7.2/../../../crti.o
                0x0000000008050698                _init
 .init          0x00000000080506b6        0x5 /usr/lib/gcc/i586-meego-linux/4.7.2/crtbegin.o
 .init          0x00000000080506bb        0x5 /usr/lib/gcc/i586-meego-linux/4.7.2/crtend.o
 .init          0x00000000080506c0        0x5 /usr/lib/gcc/i586-meego-linux/4.7.2/../../../crtn.o

.plt            0x00000000080506c8     0x1a60
 *(.plt)
 .plt           0x00000000080506c8     0x1a60 /usr/lib/gcc/i586-meego-linux/4.7.2/../../../crt1.o
                0x00000000080506d8                QSortFilterProxyModel::qt_metacall(QMetaObject::Call, int, void**)
                0x00000000080506e8                QStandardItemModel::hasChildren(QModelIndex const&) const
                0x00000000080506f8                QMutex::QMutex(QMutex::RecursionMode)
                0x0000000008050708                QDeclarativeView::setSource(QUrl const&)
                0x0000000008050718                __libc_start_main@@GLIBC_2.0
                0x0000000008050728                QSortFilterProxyModel::canFetchMore(QModelIndex const&) const
                0x0000000008050738                QApplication::~QApplication()
                0x0000000008050748                QChar::isDigit() const
                0x0000000008050758                Event::Event()
                0x0000000008050768                QAbstractProxyModel::revert()
                0x0000000008050778                QString::append(QChar)
                0x0000000008050788                QStandardItemModel::qt_metacall(QMetaObject::Call, int, void**)
                0x0000000008050798                QFile::error() const
                0x00000000080507a8                operator<<(QDataStream&, Event const&)
                0x00000000080507b8                QStandardItemModel::QStandardItemModel(QObject*)
                0x00000000080507c8                QVectorData::reallocate(QVectorData*, int, int, int)
                0x00000000080507d8                QDBusConnection::sessionBus()
                0x00000000080507e8                QTime::currentTime()
                0x00000000080507f8                QSharedMemory::attach(QSharedMemory::AccessMode)
                0x0000000008050808                sigemptyset@@GLIBC_2.0
                0x0000000008050818                QFont::insertSubstitutions(QString const&, QStringList const&)
                0x0000000008050828                QTextStream::operator<<(QString const&)
                0x0000000008050838                QByteArray::realloc(int)
                0x0000000008050848                QFile::QFile(QString const&, QObject*)
                0x0000000008050858                QSortFilterProxyModel::setFilterRegExp(QString const&)
                0x0000000008050868                QSharedMemory::create(int, QSharedMemory::AccessMode)
                0x0000000008050878                QString::indexOf(QString const&, int, Qt::CaseSensitivity) const
                0x0000000008050888                QString::setNum(unsigned long long, int)
                0x0000000008050898                pthread_mutex_lock@@GLIBC_2.0
                0x00000000080508a8                QDeclarativeView::QDeclarativeView(QWidget*)
                0x00000000080508b8                QXmlStreamAttribute::QXmlStreamAttribute(QXmlStreamAttribute const&)
                0x00000000080508c8                QXmlStreamWriter::writeEndDocument()
                0x00000000080508d8                QVariant::toBool() const
                0x00000000080508e8                QStandardItemModel::removeColumns(int, int, QModelIndex const&)
                0x00000000080508f8                QDBusConnection::QDBusConnection(QString const&)
                0x0000000008050908                QThread::wait(unsigned long)
                0x0000000008050918                QTextStream::flush()
                0x0000000008050928                QSortFilterProxyModel::setHeaderData(int, Qt::Orientation, QVariant const&, int)
                0x0000000008050938                exit@@GLIBC_2.0
                0x0000000008050948                AppEngineBase::HandleGstPipelinesAvailable(int)
                0x0000000008050958                AppEngineQML::HandleEvent(Event&)
                0x0000000008050968                sendto@@GLIBC_2.0
                0x0000000008050978                QStandardItemModel::dropMimeData(QMimeData const*, Qt::DropAction, int, int, QModelIndex const&)
                0x0000000008050988                operator==(QLatin1String const&, QStringRef const&)
                0x0000000008050998                memcpy@@GLIBC_2.0
                0x00000000080509a8                QXmlStreamWriter::writeDTD(QString const&)
                0x00000000080509b8                strncpy@@GLIBC_2.0
                0x00000000080509c8                QAbstractItemModel::setRoleNames(QHash<int, QByteArray> const&)
                0x00000000080509d8                AppEngineQML::AppEngineQML(QDeclarativeView*, QString, QObject*, AppEngineBase::APP_ENGINE_TYPE)
                0x00000000080509e8                QStandardItemModel::setItemData(QModelIndex const&, QMap<int, QVariant> const&)
                0x00000000080509f8                AppEngineQML::Reserved_1()
                0x0000000008050a08                QSharedMemory::lock()
                0x0000000008050a18                QDate::toString(QString const&) const
                0x0000000008050a28                QObject::childEvent(QChildEvent*)
                0x0000000008050a38                operator<<(QDBusArgument&, Event const&)
                0x0000000008050a48                QStandardItem::QStandardItem()
                0x0000000008050a58                QDir::~QDir()
                0x0000000008050a68                QSortFilterProxyModel::columnCount(QModelIndex const&) const
                0x0000000008050a78                QStandardItemModel::itemData(QModelIndex const&) const
                0x0000000008050a88                recvfrom@@GLIBC_2.0
                0x0000000008050a98                access@@GLIBC_2.0
                0x0000000008050aa8                QAbstractItemModel::revert()
                0x0000000008050ab8                QSortFilterProxyModel::removeRows(int, int, QModelIndex const&)
                0x0000000008050ac8                QStandardItemModel::setColumnCount(int)
                0x0000000008050ad8                QThread::qt_metacast(char const*)
                0x0000000008050ae8                usleep@@GLIBC_2.0
                0x0000000008050af8                QXmlStreamReader::QXmlStreamReader(QIODevice*)
                0x0000000008050b08                QFile::open(QFlags<QIODevice::OpenModeFlag>)
                0x0000000008050b18                unlink@@GLIBC_2.0
                0x0000000008050b28                QStandardItemModel::insertRows(int, int, QModelIndex const&)
                0x0000000008050b38                QStandardItemModel::headerData(int, Qt::Orientation, int) const
                0x0000000008050b48                QSortFilterProxyModel::~QSortFilterProxyModel()
                0x0000000008050b58                QFile::close()
                0x0000000008050b68                QTranslator::~QTranslator()
                0x0000000008050b78                QAbstractItemModel::fetchMore(QModelIndex const&)
                0x0000000008050b88                QVariant::toString() const
                0x0000000008050b98                QStandardItem::read(QDataStream&)
                0x0000000008050ba8                raise@@GLIBC_2.0
                0x0000000008050bb8                QDBusAbstractInterface::QDBusAbstractInterface(QString const&, QString const&, char const*, QDBusConnection const&, QObject*)
                0x0000000008050bc8                QObject::timerEvent(QTimerEvent*)
                0x0000000008050bd8                QXmlStreamWriter::writeStartElement(QString const&)
                0x0000000008050be8                SIPMGet
                0x0000000008050bf8                QDBusMessage::operator<<(QVariant const&)
                0x0000000008050c08                shmget@@GLIBC_2.0
                0x0000000008050c18                QStandardItemModel::setHeaderData(int, Qt::Orientation, QVariant const&, int)
                0x0000000008050c28                QByteArray::expand(int)
                0x0000000008050c38                __cxa_guard_acquire@@CXXABI_1.3
                0x0000000008050c48                QString::realloc()
                0x0000000008050c58                AppEngineQML::Reserved_2()
                0x0000000008050c68                QUrl::QUrl(QString const&)
                0x0000000008050c78                QSettings::childGroups() const
                0x0000000008050c88                QDir::mkpath(QString const&) const
                0x0000000008050c98                QDBusConnection::operator=(QDBusConnection const&)
                0x0000000008050ca8                QAbstractConcatenable::convertFromAscii(char const*, int, QChar*&)
                0x0000000008050cb8                QStandardItemModel::rowCount(QModelIndex const&) const
                0x0000000008050cc8                QDataStream::QDataStream()
                0x0000000008050cd8                QObject::customEvent(QEvent*)
                0x0000000008050ce8                CQCANController_ApplnTxRx::Init()
                0x0000000008050cf8                QStandardItemModel::insertRow(int, QList<QStandardItem*> const&)
                0x0000000008050d18                QDir::path() const
                0x0000000008050d28                QSortFilterProxyModel::filterAcceptsColumn(int, QModelIndex const&) const
                0x0000000008050d38                QTranslator::QTranslator(QObject*)
                0x0000000008050d48                SIPMOpen
                0x0000000008050d58                __cxa_guard_abort@@CXXABI_1.3
                0x0000000008050d68                QSortFilterProxyModel::dropMimeData(QMimeData const*, Qt::DropAction, int, int, QModelIndex const&)
                0x0000000008050d78                QDeclarativeView::~QDeclarativeView()
                0x0000000008050d88                QStandardItem::operator<(QStandardItem const&) const
                0x0000000008050d98                QVariant::QVariant(bool)
                0x0000000008050da8                AppEngineQML::~AppEngineQML()
                0x0000000008050db8                QDeclarativeContext::setContextProperty(QString const&, QObject*)
                0x0000000008050dc8                QSortFilterProxyModel::index(int, int, QModelIndex const&) const
                0x0000000008050dd8                QSortFilterProxyModel::setFilterCaseSensitivity(Qt::CaseSensitivity)
                0x0000000008050de8                QDateTime::operator=(QDateTime const&)
                0x0000000008050df8                QFile::remove(QString const&)
                0x0000000008050e08                QString::number(int, int)
                0x0000000008050e18                strlen@@GLIBC_2.0
                0x0000000008050e28                socket@@GLIBC_2.0
                0x0000000008050e38                strstr@@GLIBC_2.0
                0x0000000008050e48                QDataStream::readRawData(char*, int)
                0x0000000008050e58                QSettings::sync()
                0x0000000008050e68                QDBusAbstractInterface::asyncCallWithArgumentList(QString const&, QList<QVariant> const&)
                0x0000000008050e78                sigaction@@GLIBC_2.0
                0x0000000008050e88                QFile::~QFile()
                0x0000000008050e98                QStandardItemModel::itemFromIndex(QModelIndex const&) const
                0x0000000008050ea8                QString::fromAscii(char const*, int)
                0x0000000008050eb8                QSortFilterProxyModel::setSortCaseSensitivity(Qt::CaseSensitivity)
                0x0000000008050ec8                QSortFilterProxyModel::QSortFilterProxyModel(QObject*)
                0x0000000008050ed8                QString::arg(long long, int, int, QChar const&) const
                0x0000000008050ee8                QFile::QFile(QString const&)
                0x0000000008050ef8                QStandardItem::write(QDataStream&) const
                0x0000000008050f08                QRPMClient::QRPMClient(QString*)
                0x0000000008050f18                QDir::entryList(QFlags<QDir::Filter>, QFlags<QDir::SortFlag>) const
                0x0000000008050f28                QXmlStreamWriter::~QXmlStreamWriter()
                0x0000000008050f38                AppEngineBase::NotifyUISHCommon(Event&)
                0x0000000008050f48                QString::fromAscii_helper(char const*, int)
                0x0000000008050f58                QSharedMemory::setKey(QString const&)
                0x0000000008050f68                QSortFilterProxyModel::flags(QModelIndex const&) const
                0x0000000008050f78                QAbstractProxyModel::sourceModel() const
                0x0000000008050f88                CLogUtil::CLogUtil()
                0x0000000008050f98                QStandardItemModel::removeRows(int, int, QModelIndex const&)
                0x0000000008050fa8                QXmlStreamReader::~QXmlStreamReader()
                0x0000000008050fb8                shmat@@GLIBC_2.0
                0x0000000008050fc8                operator delete(void*)@@GLIBCXX_3.4
                0x0000000008050fd8                QStandardItem::~QStandardItem()
                0x0000000008050fe8                QSortFilterProxyModel::span(QModelIndex const&) const
                0x0000000008050ff8                QDateTime::toString(QString const&) const
                0x0000000008051008                QStandardItemModel::index(int, int, QModelIndex const&) const
                0x0000000008051018                QSortFilterProxyModel::insertColumns(int, int, QModelIndex const&)
                0x0000000008051028                __cxa_guard_release@@CXXABI_1.3
                0x0000000008051038                QMetaType::registerTypedef(char const*, int)
                0x0000000008051048                QDBusAbstractInterface::~QDBusAbstractInterface()
                0x0000000008051058                QDBusAbstractInterface::connectNotify(char const*)
                0x0000000008051068                QString::indexOf(QRegExp const&, int) const
                0x0000000008051078                QObject::connectNotify(char const*)
                0x0000000008051088                QVariant::~QVariant()
                0x0000000008051098                msgsnd@@GLIBC_2.0
                0x00000000080510a8                QStandardItemModel::mimeData(QList<QModelIndex> const&) const
                0x00000000080510b8                QTranslator::load(QString const&, QString const&, QString const&, QString const&)
                0x00000000080510c8                QSortFilterProxyModel::metaObject() const
                0x00000000080510d8                AppEngineBase::ConnectToUISH(int&, char**)
                0x00000000080510e8                operator new(unsigned int)@@GLIBCXX_3.4
                0x00000000080510f8                QTimer::start(int)
                0x0000000008051108                QString::compare(QString const&) const
                0x0000000008051118                QDate::currentDate()
                0x0000000008051128                __gxx_personality_v0@@CXXABI_1.3
                0x0000000008051138                QHashData::allocateNode(int)
                0x0000000008051148                QCoreApplication::quit()
                0x0000000008051158                CQCANController_ApplnTxRx::CQCANController_ApplnTxRx(QObject*)
                0x0000000008051168                QSettings::value(QString const&, QVariant const&) const
                0x0000000008051178                QXmlStreamWriter::setAutoFormatting(bool)
                0x0000000008051188                QSortFilterProxyModel::~QSortFilterProxyModel()
                0x0000000008051198                QObject::QObject(QObject*)
                0x00000000080511a8                QString::replace(QChar, QChar, Qt::CaseSensitivity)
                0x00000000080511b8                QDir::absolutePath() const
                0x00000000080511c8                CLogUtil::Init(QString)
                0x00000000080511d8                QSortFilterProxyModel::supportedDropActions() const
                0x00000000080511e8                QVariant::toFloat(bool*) const
                0x00000000080511f8                Event::Event(int, APP_ID_T, APP_ID_T, QByteArray const&)
                0x0000000008051208                AppEngineQML::GetCurrentView()
                0x0000000008051218                QObject::~QObject()
                0x0000000008051228                operator==(QString const&, QStringRef const&)
                0x0000000008051238                QXmlStreamWriter::writeTextElement(QString const&, QString const&)
                0x0000000008051248                QSortFilterProxyModel::mapToSource(QModelIndex const&) const
                0x0000000008051258                SIPMClose
                0x0000000008051268                QSortFilterProxyModel::fetchMore(QModelIndex const&)
                0x0000000008051278                QVariant::QVariant(QString const&)
                0x0000000008051288                QThread::isRunning() const
                0x0000000008051298                QSortFilterProxyModel::setSortRole(int)
                0x00000000080512a8                QString::QString(int, Qt::Initialization)
                0x00000000080512b8                QSortFilterProxyModel::sort(int, Qt::SortOrder)
                0x00000000080512c8                QDeclarativeView::rootContext() const
                0x00000000080512d8                QSortFilterProxyModel::qt_metacast(char const*)
                0x00000000080512e8                QDBusConnection::isConnected() const
                0x00000000080512f8                QString::operator==(QString const&) const
                0x0000000008051308                _Unwind_Resume@@GCC_3.0
                0x0000000008051318                QApplication::QApplication(int&, char**, int)
                0x0000000008051328                QDataStream::writeRawData(char const*, int)
                0x0000000008051338                qFree(void*)
                0x0000000008051348                QListData::detach_grow(int*, int)
                0x0000000008051358                QDBusConnection::connect(QString const&, QString const&, QString const&, QString const&, QObject*, char const*)
                0x0000000008051368                QStandardItemModel::supportedDropActions() const
                0x0000000008051378                QObject::connect(QObject const*, char const*, QObject const*, char const*, Qt::ConnectionType)
                0x0000000008051388                memset@@GLIBC_2.0
                0x0000000008051398                QSettings::endGroup()
                0x00000000080513a8                QByteArray::setRawData(char const*, unsigned int)
                0x00000000080513b8                QString::mid(int, int) const
                0x00000000080513c8                QSortFilterProxyModel::mapSelectionFromSource(QItemSelection const&) const
                0x00000000080513d8                QString::utf16() const
                0x00000000080513e8                QAbstractProxyModel::itemData(QModelIndex const&) const
                0x00000000080513f8                QByteArray::QByteArray(int, char)
                0x0000000008051408                QDBusPendingCall::~QDBusPendingCall()
                0x0000000008051418                QMutex::~QMutex()
                0x0000000008051428                QDBusConnection::send(QDBusMessage const&) const
                0x0000000008051438                QStandardItemModel::columnCount(QModelIndex const&) const
                0x0000000008051448                QTime::elapsed() const
                0x0000000008051458                AppEngineQML::qt_metacall(QMetaObject::Call, int, void**)
                0x0000000008051468                QString::toWCharArray(wchar_t*) const
                0x0000000008051478                __errno_location@@GLIBC_2.0
                0x0000000008051488                QString::operator==(QLatin1String const&) const
                0x0000000008051498                QXmlStreamWriter::writeAttribute(QString const&, QString const&)
                0x00000000080514a8                QString::grow(int)
                0x00000000080514b8                Event::GetEventId() const
                0x00000000080514c8                QHashData::free_helper(void (*)(QHashData::Node*))
                0x00000000080514d8                QTimer::QTimer(QObject*)
                0x00000000080514e8                QStandardItemModel::data(QModelIndex const&, int) const
                0x00000000080514f8                QKeyEvent::QKeyEvent(QEvent::Type, int, QFlags<Qt::KeyboardModifier>, QString const&, bool, unsigned short)
                0x0000000008051508                QStandardItemModel::sort(int, Qt::SortOrder)
                0x0000000008051518                QXmlStreamReader::readNext()
                0x0000000008051528                QDBusAbstractInterface::qt_metacall(QMetaObject::Call, int, void**)
                0x0000000008051538                QThread::qt_metacall(QMetaObject::Call, int, void**)
                0x0000000008051548                QVariant::toDouble(bool*) const
                0x0000000008051558                vsnprintf@@GLIBC_2.0
                0x0000000008051568                QAbstractItemModel::buddy(QModelIndex const&) const
                0x0000000008051578                QStringRef::toString() const
                0x0000000008051588                QSharedMemory::QSharedMemory(QObject*)
                0x0000000008051598                QSettings::~QSettings()
                0x00000000080515a8                QSortFilterProxyModel::headerData(int, Qt::Orientation, int) const
                0x00000000080515b8                strtol@@GLIBC_2.0
                0x00000000080515c8                QXmlStreamAttributes::value(QString const&) const
                0x00000000080515d8                QMetaType::registerType(char const*, void (*)(void*), void* (*)(void const*))
                0x00000000080515e8                QDBusPendingReplyData::assign(QDBusPendingCall const&)
                0x00000000080515f8                QCoreApplication::postEvent(QObject*, QEvent*)
                0x0000000008051608                QCoreApplication::installTranslator(QTranslator*)
                0x0000000008051618                QString::toUInt(bool*, int) const
                0x0000000008051628                CLogUtil::~CLogUtil()
                0x0000000008051638                QStandardItemModel::qt_metacast(char const*)
                0x0000000008051648                QListData::detach(int)
                0x0000000008051658                QStandardItemModel::setData(QModelIndex const&, QVariant const&, int)
                0x0000000008051668                CLogUtil::PrepareLog()
                0x0000000008051678                QApplication::setGraphicsSystem(QString const&)
                0x0000000008051688                QSortFilterProxyModel::setFilterRole(int)
                0x0000000008051698                QRegExp::QRegExp(QString const&, Qt::CaseSensitivity, QRegExp::PatternSyntax)
                0x00000000080516a8                QFile::remove()
                0x00000000080516b8                QSortFilterProxyModel::mimeTypes() const
                0x00000000080516c8                __cxa_atexit@@GLIBC_2.1.3
                0x00000000080516d8                free@@GLIBC_2.0
                0x00000000080516e8                QXmlStreamWriter::writeEndElement()
                0x00000000080516f8                QDataStream::~QDataStream()
                0x0000000008051708                QStandardItem::emitDataChanged()
                0x0000000008051718                QVariant::QVariant(char const*)
                0x0000000008051728                QXmlStreamWriter::writeStartDocument()
                0x0000000008051738                QObject::qt_metacast(char const*)
                0x0000000008051748                QRPMClient::RPMClientAudioBeepPlay(EAudioBeepType)
                0x0000000008051758                QString::toUtf8() const
                0x0000000008051768                QDateTime::QDateTime()
                0x0000000008051778                QString::resize(int)
                0x0000000008051788                QSortFilterProxyModel::parent(QModelIndex const&) const
                0x0000000008051798                QDir::rootPath()
                0x00000000080517a8                QByteArray::QByteArray(char const*, int)
                0x00000000080517b8                QStandardItem::clone() const
                0x00000000080517c8                QAbstractProxyModel::setItemData(QModelIndex const&, QMap<int, QVariant> const&)
                0x00000000080517d8                QSortFilterProxyModel::rowCount(QModelIndex const&) const
                0x00000000080517e8                QAbstractItemModel::canFetchMore(QModelIndex const&) const
                0x00000000080517f8                QDBusMessage::~QDBusMessage()
                0x0000000008051808                QFile::exists() const
                0x0000000008051818                QVectorData::grow(int, int, int, bool)
                0x0000000008051828                AppEngineQML::HandleEventRear(Event&)
                0x0000000008051838                QSortFilterProxyModel::mapSelectionToSource(QItemSelection const&) const
                0x0000000008051848                QSortFilterProxyModel::removeColumns(int, int, QModelIndex const&)
                0x0000000008051858                QTextStream::operator<<(char const*)
                0x0000000008051868                QSortFilterProxyModel::match(QModelIndex const&, int, QVariant const&, int, QFlags<Qt::MatchFlag>) const
                0x0000000008051878                QtPrivate::QStringList_contains(QStringList const*, QString const&, Qt::CaseSensitivity)
                0x0000000008051888                QDir::exists() const
                0x0000000008051898                pthread_mutex_unlock@@GLIBC_2.0
                0x00000000080518a8                QApplication::exec()
                0x00000000080518b8                QRegExp::~QRegExp()
                0x00000000080518c8                QXmlStreamReader::text() const
                0x00000000080518d8                CLogUtil::addLogConfigFileChangeWatcher()
                0x00000000080518e8                QXmlStreamAttribute::~QXmlStreamAttribute()
                0x00000000080518f8                Event::~Event()
                0x0000000008051908                QDir::entryList(QStringList const&, QFlags<QDir::Filter>, QFlags<QDir::SortFlag>) const
                0x0000000008051918                QString::sprintf(char const*, ...)
                0x0000000008051928                QDBusPendingReplyData::setMetaTypes(int, int const*)
                0x0000000008051938                QSortFilterProxyModel::hasChildren(QModelIndex const&) const
                0x0000000008051948                QMetaObject::activate(QObject*, QMetaObject const*, int, void**)
                0x0000000008051958                QAbstractProxyModel::submit()
                0x0000000008051968                QDateTime::toString(Qt::DateFormat) const
                0x0000000008051978                Event::Event(Event const&)
                0x0000000008051988                AppEngineBase::eventFilter(QObject*, QEvent*)
                0x0000000008051998                QStandardItemModel::parent(QModelIndex const&) const
                0x00000000080519a8                QObject::eventFilter(QObject*, QEvent*)
                0x00000000080519b8                QDateTime::currentDateTime()
                0x00000000080519c8                QStandardItemModel::mimeTypes() const
                0x00000000080519d8                QThread::QThread(QObject*)
                0x00000000080519e8                QDBusMessage::createSignal(QString const&, QString const&, QString const&)
                0x00000000080519f8                QXmlStreamWriter::QXmlStreamWriter(QIODevice*)
                0x0000000008051a08                QSettings::beginGroup(QString const&)
                0x0000000008051a18                __cxa_pure_virtual@@CXXABI_1.3
                0x0000000008051a28                QTimer::~QTimer()
                0x0000000008051a38                QVariant::QVariant(int)
                0x0000000008051a48                QHashData::detach_helper2(void (*)(QHashData::Node*, void*), void (*)(QHashData::Node*), int, int)
                0x0000000008051a58                bind@@GLIBC_2.0
                0x0000000008051a68                QMutex::lock()
                0x0000000008051a78                QString::arg(unsigned long long, int, int, QChar const&) const
                0x0000000008051a88                QXmlStreamReader::tokenType() const
                0x0000000008051a98                OSDWriter::SendOSD(QString const&)
                0x0000000008051aa8                QDateTime::addDays(int) const
                0x0000000008051ab8                QSortFilterProxyModel::data(QModelIndex const&, int) const
                0x0000000008051ac8                QUrl::~QUrl()
                0x0000000008051ad8                QSortFilterProxyModel::QSortFilterProxyModel(QObject*)
                0x0000000008051ae8                QDBusMetaType::registerMarshallOperators(int, void (*)(QDBusArgument&, void const*), void (*)(QDBusArgument const&, void*))
                0x0000000008051af8                QDeclarativeContext::setContextProperty(QString const&, QVariant const&)
                0x0000000008051b08                QVectorData::free(QVectorData*, int)
                0x0000000008051b18                QXmlStreamReader::atEnd() const
                0x0000000008051b28                QDBusPendingReplyData::QDBusPendingReplyData()
                0x0000000008051b38                QDBusConnection::connectToBus(QDBusConnection::BusType, QString const&)
                0x0000000008051b48                QVariant::QVariant(QVariant const&)
                0x0000000008051b58                malloc@@GLIBC_2.0
                0x0000000008051b68                QXmlStreamReader::name() const
                0x0000000008051b78                QDataStream::operator>>(short&)
                0x0000000008051b88                QObject::event(QEvent*)
                0x0000000008051b98                QSortFilterProxyModel::mimeData(QList<QModelIndex> const&) const
                0x0000000008051ba8                QCoreApplication::processEvents(QFlags<QEventLoop::ProcessEventsFlag>)
                0x0000000008051bb8                QString::append(QString const&)
                0x0000000008051bc8                AppEngineBase::NotifyUISH(Event&, DISPLAY_T)
                0x0000000008051bd8                QListData::remove(int)
                0x0000000008051be8                QSortFilterProxyModel::setSourceModel(QAbstractItemModel*)
                0x0000000008051bf8                QXmlStreamReader::error() const
                0x0000000008051c08                QListData::erase(void**)
                0x0000000008051c18                QDateTime::toTime_t() const
                0x0000000008051c28                QString::realloc(int)
                0x0000000008051c38                QListData::append()
                0x0000000008051c48                QStandardItemModel::item(int, int) const
                0x0000000008051c58                QString::operator<(QString const&) const
                0x0000000008051c68                QVariant::QVariant(unsigned int)
                0x0000000008051c78                QSharedMemory::data()
                0x0000000008051c88                QDateTime::~QDateTime()
                0x0000000008051c98                QMutex::unlock()
                0x0000000008051ca8                QSortFilterProxyModel::setDynamicSortFilter(bool)
                0x0000000008051cb8                QDateTime::operator<(QDateTime const&) const
                0x0000000008051cc8                QString::operator=(QString const&)
                0x0000000008051cd8                QXmlStreamReader::attributes() const
                0x0000000008051ce8                QString::toLatin1() const
                0x0000000008051cf8                QChar::QChar(char)
                0x0000000008051d08                AppEngineQML::qt_metacast(char const*)
                0x0000000008051d18                QDBusConnection::~QDBusConnection()
                0x0000000008051d28                QSortFilterProxyModel::insertRows(int, int, QModelIndex const&)
                0x0000000008051d38                QStandardItemModel::insertColumns(int, int, QModelIndex const&)
                0x0000000008051d48                QAbstractItemModel::submit()
                0x0000000008051d58                QStandardItemModel::clear()
                0x0000000008051d68                QMetaType::registerStreamOperators(int, void (*)(QDataStream&, void const*), void (*)(QDataStream&, void*))
                0x0000000008051d78                Event::GetCommand() const
                0x0000000008051d88                QVariant::toInt(bool*) const
                0x0000000008051d98                QSharedMemory::~QSharedMemory()
                0x0000000008051da8                QTime::toString(Qt::DateFormat) const
                0x0000000008051db8                QString::toAscii() const
                0x0000000008051dc8                QString::toLocal8Bit() const
                0x0000000008051dd8                QSortFilterProxyModel::buddy(QModelIndex const&) const
                0x0000000008051de8                QAbstractItemModel::match(QModelIndex const&, int, QVariant const&, int, QFlags<Qt::MatchFlag>) const
                0x0000000008051df8                QDBusAbstractInterface::isValid() const
                0x0000000008051e08                QString::free(QString::Data*)
                0x0000000008051e18                QSettings::QSettings(QString const&, QSettings::Format, QObject*)
                0x0000000008051e28                QDBusAbstractInterface::disconnectNotify(char const*)
                0x0000000008051e38                QString::toInt(bool*, int) const
                0x0000000008051e48                QByteArray::operator=(char const*)
                0x0000000008051e58                QObject::disconnectNotify(char const*)
                0x0000000008051e68                QDataStream::operator<<(short)
                0x0000000008051e78                QCoreApplication::translate(char const*, char const*, char const*, QCoreApplication::Encoding)
                0x0000000008051e88                QSettings::clear()
                0x0000000008051e98                QStandardItemModel::flags(QModelIndex const&) const
                0x0000000008051ea8                QWidget::setAttribute(Qt::WidgetAttribute, bool)
                0x0000000008051eb8                QAbstractItemModel::span(QModelIndex const&) const
                0x0000000008051ec8                QStandardItemModel::~QStandardItemModel()
                0x0000000008051ed8                QThread::start(QThread::Priority)
                0x0000000008051ee8                QDir::QDir(QString const&)
                0x0000000008051ef8                QThread::~QThread()
                0x0000000008051f08                QStandardItemModel::appendRow(QList<QStandardItem*> const&)
                0x0000000008051f18                QDBusAbstractInterface::qt_metacast(char const*)
                0x0000000008051f28                QSortFilterProxyModel::setData(QModelIndex const&, QVariant const&, int)
                0x0000000008051f38                QString::arg(QString const&, int, QChar const&) const
                0x0000000008051f48                qMemSet(void*, int, unsigned int)
                0x0000000008051f58                QSortFilterProxyModel::setFilterRegExp(QRegExp const&)
                0x0000000008051f68                QStandardItem::type() const
                0x0000000008051f78                QObject::qt_metacall(QMetaObject::Call, int, void**)
                0x0000000008051f88                QString::setNum(long long, int)
                0x0000000008051f98                QStandardItemModel::takeItem(int, int)
                0x0000000008051fa8                QTimer::stop()
                0x0000000008051fb8                QTime::start()
                0x0000000008051fc8                QString::append(QStringRef const&)
                0x0000000008051fd8                operator>>(QDBusArgument const&, Event&)
                0x0000000008051fe8                QSharedMemory::unlock()
                0x0000000008051ff8                Event::Data() const
                0x0000000008052008                QHashData::rehash(int)
                0x0000000008052018                QVariant::QVariant(int, void const*, unsigned int)
                0x0000000008052028                QSettings::setValue(QString const&, QVariant const&)
                0x0000000008052038                operator>>(QDataStream&, Event&)
                0x0000000008052048                QDBusPendingReplyData::~QDBusPendingReplyData()
                0x0000000008052058                QDateTime::fromTime_t(unsigned int)
                0x0000000008052068                QString::insert(int, QChar const*, int)
                0x0000000008052078                QSortFilterProxyModel::mapFromSource(QModelIndex const&) const
                0x0000000008052088                QVariant::toUInt(bool*) const
                0x0000000008052098                QString::fromLatin1_helper(char const*, int)
                0x00000000080520a8                QByteArray::resize(int)
                0x00000000080520b8                QXmlStreamAttribute::QXmlStreamAttribute()
                0x00000000080520c8                Event::SetCommand(int)
                0x00000000080520d8                msgget@@GLIBC_2.0
                0x00000000080520e8                Event::Event(int, APP_ID_T, APP_ID_T, int, QByteArray const&)
                0x00000000080520f8                QVectorData::allocate(int, int)
                0x0000000008052108                QDataStream::setDevice(QIODevice*)
                0x0000000008052118                QCoreApplication::applicationName()
 *(.iplt)
 .iplt          0x0000000000000000        0x0 /usr/lib/gcc/i586-meego-linux/4.7.2/../../../crt1.o

.text           0x0000000008052130    0x6f514
 *(.text.unlikely .text.*_unlikely)
 *(.text .stub .text.* .gnu.linkonce.t.*)
 .text          0x0000000008052130       0x24 /usr/lib/gcc/i586-meego-linux/4.7.2/../../../crt1.o
                0x0000000008052130                _start
 .text          0x0000000008052154        0x0 /usr/lib/gcc/i586-meego-linux/4.7.2/../../../crti.o
 .text.__x86.get_pc_thunk.bx
                0x0000000008052154        0x4 /usr/lib/gcc/i586-meego-linux/4.7.2/../../../crti.o
                0x0000000008052154                __x86.get_pc_thunk.bx
 *fill*         0x0000000008052158        0x8 90909090
 .text          0x0000000008052160       0xfd /usr/lib/gcc/i586-meego-linux/4.7.2/crtbegin.o
 *fill*         0x000000000805225d        0x3 90909090
 .text          0x0000000008052260     0x197c XMAudioControl.o
                0x0000000008052260                CXMAudioControl::~CXMAudioControl()
                0x0000000008052260                CXMAudioControl::~CXMAudioControl()
                0x0000000008052270                CXMAudioControl::ReqAntennaStatus()
                0x00000000080522b0                CXMAudioControl::ReqSignalStrength()
                0x00000000080522f0                CXMAudioControl::ReqChannelList(unsigned int)
                0x0000000008052330                CXMAudioControl::ReqCategoryList(unsigned int)
                0x0000000008052370                CXMAudioControl::ReqChannelInfo(unsigned int)
                0x00000000080523b0                CXMAudioControl::ReqCategoryInfo(unsigned int)
                0x00000000080523f0                CXMAudioControl::ReqTune(unsigned int)
                0x0000000008052430                CXMAudioControl::ReqTuneInfo()
                0x0000000008052470                CXMAudioControl::ReqLock()
                0x00000000080524b0                CXMAudioControl::ReqSkip(unsigned int, bool)
                0x0000000008052500                CXMAudioControl::ReqPresetList(int)
                0x0000000008052540                CXMAudioControl::ReqSetPreset(int, int, unsigned int)
                0x0000000008052590                CXMAudioControl::ReqSetPreset(int, unsigned int*)
                0x0000000008052600                CXMAudioControl::ReqEpgList(unsigned int)
                0x0000000008052640                CXMAudioControl::ReqPause()
                0x0000000008052680                CXMAudioControl::ReqPlay()
                0x00000000080526c0                CXMAudioControl::ReqSeek(int)
                0x0000000008052700                CXMAudioControl::ReqNowPlay()
                0x0000000008052740                CXMAudioControl::ReqChannelDescription(unsigned int)
                0x0000000008052780                CXMAudioControl::ReqChannelTagInfo(unsigned int)
                0x00000000080527c0                CXMAudioControl::ReqEngineeringData()
                0x0000000008052800                CXMAudioControl::ReqVersionInfo()
                0x0000000008052840                CXMAudioControl::ReqSeekSong(int)
                0x0000000008052880                CXMAudioControl::ReqUpdateGameList()
                0x00000000080528c0                CXMAudioControl::ReqSubscriptionInfo()
                0x0000000008052900                CXMAudioControl::ReqATSeekSetEnable(int)
                0x0000000008052940                CXMAudioControl::ReqATSeekRemove(unsigned int)
                0x0000000008052980                CXMAudioControl::ReqSPSeekSetEnable(int)
                0x00000000080529c0                CXMAudioControl::ReqSPSeekRemove(unsigned int)
                0x0000000008052a00                CXMAudioControl::ReqMgrReady()
                0x0000000008052a40                CXMAudioControl::IndReqMgr()
                0x0000000008052a80                CXMAudioControl::ReqInReadyData()
                0x0000000008052ac0                CXMAudioControl::UpdateDevLocation()
                0x0000000008052b00                CXMAudioControl::ReqFactoryReset()
                0x0000000008052b40                CXMAudioControl::ReqDHXMRestart()
                0x0000000008052b80                CXMAudioControl::ReqDHXMStart()
                0x0000000008052bc0                CXMAudioControl::ReqDHXMStop()
                0x0000000008052c00                CXMAudioControl::ReqDHXMPowerUp()
                0x0000000008052c40                CXMAudioControl::ReqDHXMPowerDown()
                0x0000000008052c80                CXMAudioControl::SetAudioLevel(int)
                0x0000000008052cc0                CXMAudioControl::ReqEngFactoryReset()
                0x0000000008052d00                CXMAudioControl::ReqClearCGS()
                0x0000000008052d40                CXMAudioControl::ReqClearFuel()
                0x0000000008052d80                CXMAudioControl::ReqClearNVM()
                0x0000000008052dc0                CXMAudioControl::ReqEngineeringModeEnter(bool)
                0x0000000008052e00                CXMAudioControl::ReqTATestMode(bool)
                0x0000000008052e70                CXMAudioControl::~CXMAudioControl()
                0x0000000008052e80                CXMAudioControl::ReqATSeekSet(unsigned int, int, XM_SETRESPSEEKAT*)
                0x0000000008053050                CXMAudioControl::SetDevLocation(float, float)
                0x0000000008053170                CXMAudioControl::ReqSPSeekSetTeam(unsigned int, char const*, XM_SETRESPSEEKSP*)
                0x0000000008053300                CXMAudioControl::ReqSPSeekSetLeague(unsigned int, XM_SETRESPSEEKSP*)
                0x0000000008053460                CXMAudioControl::CXMAudioControl()
                0x0000000008053460                CXMAudioControl::CXMAudioControl()
                0x0000000008053480                CXMAudioControl::InitData()
                0x0000000008053490                CXMAudioControl::ReqAudioData()
                0x00000000080534d0                CXMAudioControl::AudioAppReady(bool)
                0x00000000080534e0                CXMAudioControl::XMAudioEvent(unsigned int, void*, int)
 *fill*         0x0000000008053bdc        0x4 90909090
 .text._ZN19CXMAudioControlBaseD2Ev
                0x0000000008053be0        0xb XMAudioControl.o
                0x0000000008053be0                CXMAudioControlBase::~CXMAudioControlBase()
                0x0000000008053be0                CXMAudioControlBase::~CXMAudioControlBase()
 *fill*         0x0000000008053beb        0x5 90909090
 .text._ZN19CXMAudioControlBase6OnInitEv
                0x0000000008053bf0        0x2 XMAudioControl.o
                0x0000000008053bf0                CXMAudioControlBase::OnInit()
 *fill*         0x0000000008053bf2        0xe 90909090
 .text._ZN19CXMAudioControlBase13OnIndAudioMgrEb
                0x0000000008053c00        0x2 XMAudioControl.o
                0x0000000008053c00                CXMAudioControlBase::OnIndAudioMgr(bool)
 *fill*         0x0000000008053c02        0xe 90909090
 .text._ZN19CXMAudioControlBase17OnStopIndAudioMgrEv
                0x0000000008053c10        0x2 XMAudioControl.o
                0x0000000008053c10                CXMAudioControlBase::OnStopIndAudioMgr()
 *fill*         0x0000000008053c12        0xe 90909090
 .text._ZN19CXMAudioControlBase16OnAntennalStatusEi
                0x0000000008053c20        0x2 XMAudioControl.o
                0x0000000008053c20                CXMAudioControlBase::OnAntennalStatus(int)
 *fill*         0x0000000008053c22        0xe 90909090
 .text._ZN19CXMAudioControlBase16OnSignalStrengthEi
                0x0000000008053c30        0x2 XMAudioControl.o
                0x0000000008053c30                CXMAudioControlBase::OnSignalStrength(int)
 *fill*         0x0000000008053c32        0xe 90909090
 .text._ZN19CXMAudioControlBase13OnChannelListEP10XM_CHNLIST
                0x0000000008053c40        0x2 XMAudioControl.o
                0x0000000008053c40                CXMAudioControlBase::OnChannelList(XM_CHNLIST*)
 *fill*         0x0000000008053c42        0xe 90909090
 .text._ZN19CXMAudioControlBase14OnCategoryListEP10XM_CATLIST
                0x0000000008053c50        0x2 XMAudioControl.o
                0x0000000008053c50                CXMAudioControlBase::OnCategoryList(XM_CATLIST*)
 *fill*         0x0000000008053c52        0xe 90909090
 .text._ZN19CXMAudioControlBase13OnChannelInfoEP14XM_CHANNELINFO
                0x0000000008053c60        0x2 XMAudioControl.o
                0x0000000008053c60                CXMAudioControlBase::OnChannelInfo(XM_CHANNELINFO*)
 *fill*         0x0000000008053c62        0xe 90909090
 .text._ZN19CXMAudioControlBase14OnChannelEventEP17XM_CHANNELINFOEXTb
                0x0000000008053c70        0x2 XMAudioControl.o
                0x0000000008053c70                CXMAudioControlBase::OnChannelEvent(XM_CHANNELINFOEXT*, bool)
 *fill*         0x0000000008053c72        0xe 90909090
 .text._ZN19CXMAudioControlBase14OnCategoryInfoEP15XM_CATEGORYINFO
                0x0000000008053c80        0x2 XMAudioControl.o
                0x0000000008053c80                CXMAudioControlBase::OnCategoryInfo(XM_CATEGORYINFO*)
 *fill*         0x0000000008053c82        0xe 90909090
 .text._ZN19CXMAudioControlBase12OnNewChannelEj
                0x0000000008053c90        0x2 XMAudioControl.o
                0x0000000008053c90                CXMAudioControlBase::OnNewChannel(unsigned int)
 *fill*         0x0000000008053c92        0xe 90909090
 .text._ZN19CXMAudioControlBase15OnRemoveChannelEj
                0x0000000008053ca0        0x2 XMAudioControl.o
                0x0000000008053ca0                CXMAudioControlBase::OnRemoveChannel(unsigned int)
 *fill*         0x0000000008053ca2        0xe 90909090
 .text._ZN19CXMAudioControlBase13OnNewCategoryEj
                0x0000000008053cb0        0x2 XMAudioControl.o
                0x0000000008053cb0                CXMAudioControlBase::OnNewCategory(unsigned int)
 *fill*         0x0000000008053cb2        0xe 90909090
 .text._ZN19CXMAudioControlBase16OnRemoveCategoryEj
                0x0000000008053cc0        0x2 XMAudioControl.o
                0x0000000008053cc0                CXMAudioControlBase::OnRemoveCategory(unsigned int)
 *fill*         0x0000000008053cc2        0xe 90909090
 .text._ZN19CXMAudioControlBase12OnTuneStatusEP11XM_TUNEINFO
                0x0000000008053cd0        0x2 XMAudioControl.o
                0x0000000008053cd0                CXMAudioControlBase::OnTuneStatus(XM_TUNEINFO*)
 *fill*         0x0000000008053cd2        0xe 90909090
 .text._ZN19CXMAudioControlBase12OnPresetListEP10XM_CHNLIST
                0x0000000008053ce0        0x2 XMAudioControl.o
                0x0000000008053ce0                CXMAudioControlBase::OnPresetList(XM_CHNLIST*)
 *fill*         0x0000000008053ce2        0xe 90909090
 .text._ZN19CXMAudioControlBase9OnEpgListEP10XM_EPGLIST
                0x0000000008053cf0        0x2 XMAudioControl.o
                0x0000000008053cf0                CXMAudioControlBase::OnEpgList(XM_EPGLIST*)
 *fill*         0x0000000008053cf2        0xe 90909090
 .text._ZN19CXMAudioControlBase10OnPlayInfoEP11XM_PLAYINFO
                0x0000000008053d00        0x2 XMAudioControl.o
                0x0000000008053d00                CXMAudioControlBase::OnPlayInfo(XM_PLAYINFO*)
 *fill*         0x0000000008053d02        0xe 90909090
 .text._ZN19CXMAudioControlBase20OnChannelDescriptionEP21XM_CHANNELDESCRIPTION
                0x0000000008053d10        0x2 XMAudioControl.o
                0x0000000008053d10                CXMAudioControlBase::OnChannelDescription(XM_CHANNELDESCRIPTION*)
 *fill*         0x0000000008053d12        0xe 90909090
 .text._ZN19CXMAudioControlBase9OnTagInfoEP17XM_CHANNELTAGINFO
                0x0000000008053d20        0x2 XMAudioControl.o
                0x0000000008053d20                CXMAudioControlBase::OnTagInfo(XM_CHANNELTAGINFO*)
 *fill*         0x0000000008053d22        0xe 90909090
 .text._ZN19CXMAudioControlBase17OnEngineeringDataEP10XM_ENGDATA
                0x0000000008053d30        0x2 XMAudioControl.o
                0x0000000008053d30                CXMAudioControlBase::OnEngineeringData(XM_ENGDATA*)
 *fill*         0x0000000008053d32        0xe 90909090
 .text._ZN19CXMAudioControlBase13OnVersionInfoEP16XM_MODULEVERSION
                0x0000000008053d40        0x2 XMAudioControl.o
                0x0000000008053d40                CXMAudioControlBase::OnVersionInfo(XM_MODULEVERSION*)
 *fill*         0x0000000008053d42        0xe 90909090
 .text._ZN19CXMAudioControlBase20OnSubscriptionUpdateEj
                0x0000000008053d50        0x2 XMAudioControl.o
                0x0000000008053d50                CXMAudioControlBase::OnSubscriptionUpdate(unsigned int)
 *fill*         0x0000000008053d52        0xe 90909090
 .text._ZN19CXMAudioControlBase10OnGameListEP11XM_GAMELIST
                0x0000000008053d60        0x2 XMAudioControl.o
                0x0000000008053d60                CXMAudioControlBase::OnGameList(XM_GAMELIST*)
 *fill*         0x0000000008053d62        0xe 90909090
 .text._ZN19CXMAudioControlBase18OnSubscriptionInfoEP21XM_MODULESUBSCRIPTION
                0x0000000008053d70        0x2 XMAudioControl.o
                0x0000000008053d70                CXMAudioControlBase::OnSubscriptionInfo(XM_MODULESUBSCRIPTION*)
 *fill*         0x0000000008053d72        0xe 90909090
 .text._ZN19CXMAudioControlBase27OnModuleCommunicationStatusEi
                0x0000000008053d80        0x2 XMAudioControl.o
                0x0000000008053d80                CXMAudioControlBase::OnModuleCommunicationStatus(int)
 *fill*         0x0000000008053d82        0xe 90909090
 .text._ZN19CXMAudioControlBase13OnPlayWarningEv
                0x0000000008053d90        0x2 XMAudioControl.o
                0x0000000008053d90                CXMAudioControlBase::OnPlayWarning()
 *fill*         0x0000000008053d92        0xe 90909090
 .text._ZN19CXMAudioControlBase19OnFeaturedFavoritesEP14XM_FF_BANDINFO
                0x0000000008053da0        0x2 XMAudioControl.o
                0x0000000008053da0                CXMAudioControlBase::OnFeaturedFavorites(XM_FF_BANDINFO*)
 *fill*         0x0000000008053da2        0xe 90909090
 .text._ZN19CXMAudioControlBase12OnATSeekListEP11XM_SEEKLIST
                0x0000000008053db0        0x2 XMAudioControl.o
                0x0000000008053db0                CXMAudioControlBase::OnATSeekList(XM_SEEKLIST*)
 *fill*         0x0000000008053db2        0xe 90909090
 .text._ZN19CXMAudioControlBase13OnATSeekEventEP16XM_SEEKEVENTDATA
                0x0000000008053dc0        0x2 XMAudioControl.o
                0x0000000008053dc0                CXMAudioControlBase::OnATSeekEvent(XM_SEEKEVENTDATA*)
 *fill*         0x0000000008053dc2        0xe 90909090
 .text._ZN19CXMAudioControlBase12OnSPSeekListEP13XM_SEEKSPLIST
                0x0000000008053dd0        0x2 XMAudioControl.o
                0x0000000008053dd0                CXMAudioControlBase::OnSPSeekList(XM_SEEKSPLIST*)
 *fill*         0x0000000008053dd2        0xe 90909090
 .text._ZN19CXMAudioControlBase13OnSPSeekEventEP16XM_SEEKEVENTDATA
                0x0000000008053de0        0x2 XMAudioControl.o
                0x0000000008053de0                CXMAudioControlBase::OnSPSeekEvent(XM_SEEKEVENTDATA*)
 *fill*         0x0000000008053de2        0xe 90909090
 .text._ZN19CXMAudioControlBase12OnLeagueInfoEP14XM_GAME_LEAGUE
                0x0000000008053df0        0x2 XMAudioControl.o
                0x0000000008053df0                CXMAudioControlBase::OnLeagueInfo(XM_GAME_LEAGUE*)
 *fill*         0x0000000008053df2        0xe 90909090
 .text._ZN19CXMAudioControlBase16OnChannelInfoArtEP18XM_CHANNELINFO_ART
                0x0000000008053e00        0x2 XMAudioControl.o
                0x0000000008053e00                CXMAudioControlBase::OnChannelInfoArt(XM_CHANNELINFO_ART*)
 *fill*         0x0000000008053e02        0xe 90909090
 .text._ZN19CXMAudioControlBase16OnSeekActiveListEP18XM_SEEK_ACTIVELIST
                0x0000000008053e10        0x2 XMAudioControl.o
                0x0000000008053e10                CXMAudioControlBase::OnSeekActiveList(XM_SEEK_ACTIVELIST*)
 *fill*         0x0000000008053e12        0xe 90909090
 .text._ZN19CXMAudioControlBase13OnRestartDHXMEv
                0x0000000008053e20        0x2 XMAudioControl.o
                0x0000000008053e20                CXMAudioControlBase::OnRestartDHXM()
 *fill*         0x0000000008053e22        0xe 90909090
 .text._ZN19CXMAudioControlBase22initModelsForStartDHXMEv
                0x0000000008053e30        0x2 XMAudioControl.o
                0x0000000008053e30                CXMAudioControlBase::initModelsForStartDHXM()
 *fill*         0x0000000008053e32        0xe 90909090
 .text._ZN19CXMAudioControlBase10_msgq_sendEjPhji
                0x0000000008053e40        0x2 XMAudioControl.o
                0x0000000008053e40                CXMAudioControlBase::_msgq_send(unsigned int, unsigned char*, unsigned int, int)
 *fill*         0x0000000008053e42        0xe 90909090
 .text._ZN15CXMSharedMemoryD2Ev
                0x0000000008053e50        0xb XMAudioControl.o
                0x0000000008053e50                CXMSharedMemory::~CXMSharedMemory()
                0x0000000008053e50                CXMSharedMemory::~CXMSharedMemory()
 *fill*         0x0000000008053e5b        0x5 90909090
 .text._ZN15CXMSharedMemory2idEv
                0x0000000008053e60        0x8 XMAudioControl.o
                0x0000000008053e60                CXMSharedMemory::id()
 *fill*         0x0000000008053e68        0x8 90909090
 .text._ZN15CXMSharedMemory7addressEv
                0x0000000008053e70        0x8 XMAudioControl.o
                0x0000000008053e70                CXMSharedMemory::address()
 *fill*         0x0000000008053e78        0x8 90909090
 .text._ZN7QStringD2Ev
                0x0000000008053e80       0x23 XMAudioControl.o
                0x0000000008053e80                QString::~QString()
                0x0000000008053e80                QString::~QString()
 *fill*         0x0000000008053ea3        0xd 90909090
 .text._ZN15CXMSharedMemoryD0Ev
                0x0000000008053eb0        0xf XMAudioControl.o
                0x0000000008053eb0                CXMSharedMemory::~CXMSharedMemory()
 *fill*         0x0000000008053ebf        0x1 90909090
 .text._ZN19CXMAudioControlBaseD0Ev
                0x0000000008053ec0        0xf XMAudioControl.o
                0x0000000008053ec0                CXMAudioControlBase::~CXMAudioControlBase()
 *fill*         0x0000000008053ecf        0x1 90909090
 .text._ZN7QStringC2EPKc
                0x0000000008053ed0       0x21 XMAudioControl.o
                0x0000000008053ed0                QString::QString(char const*)
                0x0000000008053ed0                QString::QString(char const*)
 *fill*         0x0000000008053ef1        0xf 90909090
 .text._ZN18__stVARIANT_STRINGD2Ev
                0x0000000008053f00       0x74 XMAudioControl.o
                0x0000000008053f00                __stVARIANT_STRING::~__stVARIANT_STRING()
                0x0000000008053f00                __stVARIANT_STRING::~__stVARIANT_STRING()
 *fill*         0x0000000008053f74        0xc 90909090
 .text.startup  0x0000000008053f80      0x52c XMAudioControl.o
 *fill*         0x00000000080544ac        0x4 90909090
 .text          0x00000000080544b0       0x7d EngModeIf.o
                0x00000000080544b0                EngModeIf::EngModeIf(QString const&, QString const&, QDBusConnection const&, QObject*)
                0x00000000080544b0                EngModeIf::EngModeIf(QString const&, QString const&, QDBusConnection const&, QObject*)
                0x0000000008054500                EngModeIf::~EngModeIf()
                0x0000000008054500                EngModeIf::~EngModeIf()
                0x0000000008054510                EngModeIf::~EngModeIf()
 *fill*         0x000000000805452d        0x3 90909090
 .text          0x0000000008054530       0x7d MicomDtcIf.o
                0x0000000008054530                MicomDtcIf::MicomDtcIf(QString const&, QString const&, QDBusConnection const&, QObject*)
                0x0000000008054530                MicomDtcIf::MicomDtcIf(QString const&, QString const&, QDBusConnection const&, QObject*)
                0x0000000008054580                MicomDtcIf::~MicomDtcIf()
                0x0000000008054580                MicomDtcIf::~MicomDtcIf()